Component: ARM Compiler 6.16 Tool: armlink [5dfeaa00]

==============================================================================

Section Cross References

    blinky.o(.text) refers to blinky.o(.bss.tid_clock) for tid_clock
    blinky.o(.text) refers to tasks.o(.text) for xTaskGenericNotify
    blinky.o(.text) refers to blinky.o(.bss.g_phases) for g_phases
    blinky.o(.text) refers to blinky.o(.bss.tid_phaseB) for tid_phaseB
    blinky.o(.text) refers to blinky.o(.bss.tid_phaseC) for tid_phaseC
    blinky.o(.text) refers to blinky.o(.bss.tid_phaseD) for tid_phaseD
    blinky.o(.text) refers to blinky.o(.bss.tid_phaseA) for tid_phaseA
    blinky.o(.text) refers to system_armcm3.o(.text) for SystemCoreClockUpdate
    blinky.o(.text) refers to freertos_evr.o(.text) for EvrFreeRTOSSetup
    blinky.o(.ARM.exidx) refers to blinky.o(.text) for [Anonymous Symbol]
    eventrecorder.o(.text) refers to system_armcm3.o(.data.SystemCoreClock) for SystemCoreClock
    eventrecorder.o(.text) refers to eventrecorder.o(.bss.noinit) for EventStatus
    eventrecorder.o(.text) refers to memseta.o(.text) for __aeabi_memclr4
    eventrecorder.o(.text) refers to eventrecorder.o(.rodata.EventRecorderInfo) for EventRecorderInfo
    eventrecorder.o(.text) refers to memcpya.o(.text) for __aeabi_memcpy
    eventrecorder.o(.ARM.exidx) refers to eventrecorder.o(.text) for [Anonymous Symbol]
    eventrecorder.o(.rodata.EventRecorderInfo) refers to eventrecorder.o(.bss.noinit) for [Anonymous Symbol]
    startup_armcm3.o(RESET) refers to startup_armcm3.o(STACK) for __initial_sp
    startup_armcm3.o(RESET) refers to startup_armcm3.o(.text) for Reset_Handler
    startup_armcm3.o(RESET) refers to port.o(.text) for SVC_Handler
    startup_armcm3.o(.text) refers to system_armcm3.o(.text) for SystemInit
    startup_armcm3.o(.text) refers to entry.o(.ARM.Collect$$$$00000000) for __main
    system_armcm3.o(.text) refers to system_armcm3.o(.data.SystemCoreClock) for SystemCoreClock
    system_armcm3.o(.text) refers to startup_armcm3.o(RESET) for __Vectors
    system_armcm3.o(.ARM.exidx) refers to system_armcm3.o(.text) for [Anonymous Symbol]
    freertos_evr.o(.text) refers to freertos_evr.o(.bss.EvrFreeRTOSSetup.init) for EvrFreeRTOSSetup.init
    freertos_evr.o(.text) refers to eventrecorder.o(.text) for EventRecorderInitialize
    freertos_evr.o(.ARM.exidx) refers to freertos_evr.o(.text) for [Anonymous Symbol]
    list.o(.ARM.exidx) refers to list.o(.text) for [Anonymous Symbol]
    port.o(.text) refers to port.o(.data.uxCriticalNesting) for uxCriticalNesting
    port.o(.text) refers to tasks.o(.bss.pxCurrentTCB) for pxCurrentTCB
    port.o(.text) refers to port.o(.bss.ucMaxSysCallPriority) for ucMaxSysCallPriority
    port.o(.text) refers to port.o(.bss.ulMaxPRIGROUPValue) for ulMaxPRIGROUPValue
    port.o(.text) refers to tasks.o(.text) for vTaskSwitchContext
    port.o(.text) refers to system_armcm3.o(.data.SystemCoreClock) for SystemCoreClock
    port.o(.text) refers to port.o(.bss.ulTimerCountsForOneTick) for ulTimerCountsForOneTick
    port.o(.text) refers to port.o(.bss.xMaximumPossibleSuppressedTicks) for xMaximumPossibleSuppressedTicks
    port.o(.text) refers to port.o(.bss.ulStoppedTimerCompensation) for ulStoppedTimerCompensation
    port.o(.ARM.exidx) refers to port.o(.text) for [Anonymous Symbol]
    heap_4.o(.text) refers to tasks.o(.text) for vTaskSuspendAll
    heap_4.o(.text) refers to heap_4.o(.bss.pxEnd) for pxEnd
    heap_4.o(.text) refers to heap_4.o(.bss.xBlockAllocatedBit) for xBlockAllocatedBit
    heap_4.o(.text) refers to freertos_evr.o(.text) for EvrFreeRTOSHeap_Malloc
    heap_4.o(.text) refers to heap_4.o(.bss.xFreeBytesRemaining) for xFreeBytesRemaining
    heap_4.o(.text) refers to heap_4.o(.bss.xStart) for xStart
    heap_4.o(.text) refers to heap_4.o(.bss.xMinimumEverFreeBytesRemaining) for xMinimumEverFreeBytesRemaining
    heap_4.o(.text) refers to heap_4.o(.bss.xNumberOfSuccessfulAllocations) for xNumberOfSuccessfulAllocations
    heap_4.o(.text) refers to heap_4.o(.bss.ucHeap) for ucHeap
    heap_4.o(.text) refers to heap_4.o(.bss.xNumberOfSuccessfulFrees) for xNumberOfSuccessfulFrees
    heap_4.o(.text) refers to port.o(.text) for vPortEnterCritical
    heap_4.o(.ARM.exidx) refers to heap_4.o(.text) for [Anonymous Symbol]
    queue.o(.text) refers to port.o(.text) for vPortEnterCritical
    queue.o(.text) refers to list.o(.text) for vListInitialise
    queue.o(.text) refers to tasks.o(.text) for xTaskRemoveFromEventList
    queue.o(.text) refers to heap_4.o(.text) for pvPortMalloc
    queue.o(.text) refers to freertos_evr.o(.text) for EvrFreeRTOSQueue_QueueCreateFailed
    queue.o(.text) refers to memcpya.o(.text) for __aeabi_memcpy
    queue.o(.ARM.exidx) refers to queue.o(.text) for [Anonymous Symbol]
    tasks.o(.text) refers to heap_4.o(.text) for pvPortMalloc
    tasks.o(.text) refers to memseta.o(.text) for __aeabi_memset4
    tasks.o(.text) refers to list.o(.text) for vListInitialiseItem
    tasks.o(.text) refers to port.o(.text) for pxPortInitialiseStack
    tasks.o(.text) refers to tasks.o(.bss.uxCurrentNumberOfTasks) for uxCurrentNumberOfTasks
    tasks.o(.text) refers to tasks.o(.bss.pxCurrentTCB) for pxCurrentTCB
    tasks.o(.text) refers to tasks.o(.bss.xSchedulerRunning) for xSchedulerRunning
    tasks.o(.text) refers to tasks.o(.bss.uxTaskNumber) for uxTaskNumber
    tasks.o(.text) refers to freertos_evr.o(.text) for EvrFreeRTOSTasks_TaskCreate
    tasks.o(.text) refers to tasks.o(.bss.uxTopReadyPriority) for uxTopReadyPriority
    tasks.o(.text) refers to tasks.o(.bss.pxReadyTasksLists) for pxReadyTasksLists
    tasks.o(.text) refers to tasks.o(.bss.xTasksWaitingTermination) for xTasksWaitingTermination
    tasks.o(.text) refers to tasks.o(.bss.uxDeletedTasksWaitingCleanUp) for uxDeletedTasksWaitingCleanUp
    tasks.o(.text) refers to tasks.o(.bss.uxSchedulerSuspended) for uxSchedulerSuspended
    tasks.o(.text) refers to tasks.o(.bss.pxDelayedTaskList) for pxDelayedTaskList
    tasks.o(.text) refers to tasks.o(.bss.xNextTaskUnblockTime) for xNextTaskUnblockTime
    tasks.o(.text) refers to tasks.o(.bss.xTickCount) for xTickCount
    tasks.o(.text) refers to tasks.o(.bss.xSuspendedTaskList) for xSuspendedTaskList
    tasks.o(.text) refers to tasks.o(.bss.pxOverflowDelayedTaskList) for pxOverflowDelayedTaskList
    tasks.o(.text) refers to tasks.o(.bss.xPendingReadyList) for xPendingReadyList
    tasks.o(.text) refers to tasks.o(.bss.xYieldPending) for xYieldPending
    tasks.o(.text) refers to tasks.o(.bss.xPendedTicks) for xPendedTicks
    tasks.o(.text) refers to tasks.o(.bss.xIdleTaskHandle) for xIdleTaskHandle
    tasks.o(.text) refers to timers.o(.text) for xTimerCreateTimerTask
    tasks.o(.text) refers to tasks.o(.rodata.uxTopUsedPriority) for uxTopUsedPriority
    tasks.o(.text) refers to tasks.o(.bss.xNumOfOverflows) for xNumOfOverflows
    tasks.o(.text) refers to strlen.o(.text) for strlen
    tasks.o(.text) refers to tasks.o(.bss.xDelayedTaskList1) for xDelayedTaskList1
    tasks.o(.text) refers to tasks.o(.bss.xDelayedTaskList2) for xDelayedTaskList2
    tasks.o(.ARM.exidx) refers to tasks.o(.text) for [Anonymous Symbol]
    timers.o(.text) refers to timers.o(.bss.xTimerQueue) for xTimerQueue
    timers.o(.text) refers to timers.o(.bss.xTimerTaskHandle) for xTimerTaskHandle
    timers.o(.text) refers to tasks.o(.text) for xTaskCreate
    timers.o(.text) refers to port.o(.text) for vPortEnterCritical
    timers.o(.text) refers to timers.o(.bss.xActiveTimerList1) for xActiveTimerList1
    timers.o(.text) refers to list.o(.text) for vListInitialise
    timers.o(.text) refers to timers.o(.bss.xActiveTimerList2) for xActiveTimerList2
    timers.o(.text) refers to timers.o(.bss.pxCurrentTimerList) for pxCurrentTimerList
    timers.o(.text) refers to timers.o(.bss.pxOverflowTimerList) for pxOverflowTimerList
    timers.o(.text) refers to queue.o(.text) for xQueueGenericCreate
    timers.o(.text) refers to heap_4.o(.text) for pvPortMalloc
    timers.o(.text) refers to freertos_evr.o(.text) for EvrFreeRTOSTimers_TimerCreate
    timers.o(.text) refers to timers.o(.bss.prvSampleTimeNow.xLastTime) for prvSampleTimeNow.xLastTime
    timers.o(.ARM.exidx) refers to timers.o(.text) for [Anonymous Symbol]
    entry.o(.ARM.Collect$$$$00000000) refers (Special) to entry10a.o(.ARM.Collect$$$$0000000D) for __rt_final_cpp
    entry.o(.ARM.Collect$$$$00000000) refers (Special) to entry11a.o(.ARM.Collect$$$$0000000F) for __rt_final_exit
    entry.o(.ARM.Collect$$$$00000000) refers (Special) to entry7b.o(.ARM.Collect$$$$00000008) for _main_clock
    entry.o(.ARM.Collect$$$$00000000) refers (Special) to entry8b.o(.ARM.Collect$$$$0000000A) for _main_cpp_init
    entry.o(.ARM.Collect$$$$00000000) refers (Special) to entry9a.o(.ARM.Collect$$$$0000000B) for _main_init
    entry.o(.ARM.Collect$$$$00000000) refers (Special) to entry5.o(.ARM.Collect$$$$00000004) for _main_scatterload
    entry.o(.ARM.Collect$$$$00000000) refers (Special) to entry2.o(.ARM.Collect$$$$00000001) for _main_stk
    entry2.o(.ARM.Collect$$$$00000001) refers to entry2.o(.ARM.Collect$$$$00002712) for __lit__00000000
    entry2.o(.ARM.Collect$$$$00002712) refers to startup_armcm3.o(STACK) for __initial_sp
    entry2.o(__vectab_stack_and_reset_area) refers to startup_armcm3.o(STACK) for __initial_sp
    entry2.o(__vectab_stack_and_reset_area) refers to entry.o(.ARM.Collect$$$$00000000) for __main
    entry5.o(.ARM.Collect$$$$00000004) refers to init.o(.text) for __scatterload
    entry9a.o(.ARM.Collect$$$$0000000B) refers to blinky.o(.text) for main
    entry9b.o(.ARM.Collect$$$$0000000C) refers to blinky.o(.text) for main
    init.o(.text) refers to entry5.o(.ARM.Collect$$$$00000004) for __main_after_scatterload


==============================================================================

Removing Unused input sections from the image.

    Removing blinky.o(.ARM.exidx), (64 bytes).
    Removing blinky.o(.ARM.use_no_argv), (4 bytes).
    Removing eventrecorder.o(.ARM.exidx), (216 bytes).
    Removing startup_armcm3.o(HEAP), (3072 bytes).
    Removing system_armcm3.o(.ARM.exidx), (16 bytes).
    Removing freertos_evr.o(.ARM.exidx), (688 bytes).
    Removing list.o(.ARM.exidx), (40 bytes).
    Removing port.o(.ARM.exidx), (104 bytes).
    Removing heap_4.o(.ARM.exidx), (64 bytes).
    Removing queue.o(.ARM.exidx), (320 bytes).
    Removing tasks.o(.ARM.exidx), (552 bytes).
    Removing timers.o(.ARM.exidx), (216 bytes).

12 unused section(s) (total 5356 bytes) removed from the image.

==============================================================================

Image Symbol Table

    Local Symbols

    Symbol Name                              Value     Ov Type        Size  Object(Section)

    ../clib/microlib/init/entry.s            0x00000000   Number         0  entry.o ABSOLUTE
    ../clib/microlib/init/entry.s            0x00000000   Number         0  entry2.o ABSOLUTE
    ../clib/microlib/init/entry.s            0x00000000   Number         0  entry5.o ABSOLUTE
    ../clib/microlib/init/entry.s            0x00000000   Number         0  entry7a.o ABSOLUTE
    ../clib/microlib/init/entry.s            0x00000000   Number         0  entry7b.o ABSOLUTE
    ../clib/microlib/init/entry.s            0x00000000   Number         0  entry8a.o ABSOLUTE
    ../clib/microlib/init/entry.s            0x00000000   Number         0  entry8b.o ABSOLUTE
    ../clib/microlib/init/entry.s            0x00000000   Number         0  entry9a.o ABSOLUTE
    ../clib/microlib/init/entry.s            0x00000000   Number         0  entry9b.o ABSOLUTE
    ../clib/microlib/init/entry.s            0x00000000   Number         0  entry10a.o ABSOLUTE
    ../clib/microlib/init/entry.s            0x00000000   Number         0  entry10b.o ABSOLUTE
    ../clib/microlib/init/entry.s            0x00000000   Number         0  entry11a.o ABSOLUTE
    ../clib/microlib/init/entry.s            0x00000000   Number         0  entry11b.o ABSOLUTE
    ../clib/microlib/string/memcpy.c         0x00000000   Number         0  memcpya.o ABSOLUTE
    ../clib/microlib/string/memcpy.c         0x00000000   Number         0  memcpyb.o ABSOLUTE
    ../clib/microlib/string/memset.c         0x00000000   Number         0  memseta.o ABSOLUTE
    ../clib/microlib/string/strlen.c         0x00000000   Number         0  strlen.o ABSOLUTE
    Blinky.c                                 0x00000000   Number         0  blinky.o ABSOLUTE
    EventRecorder.c                          0x00000000   Number         0  eventrecorder.o ABSOLUTE
    RTE\Device\ARMCM3\startup_ARMCM3.s       0x00000000   Number         0  startup_armcm3.o ABSOLUTE
    dc.s                                     0x00000000   Number         0  dc.o ABSOLUTE
    freertos_evr.c                           0x00000000   Number         0  freertos_evr.o ABSOLUTE
    handlers.s                               0x00000000   Number         0  handlers.o ABSOLUTE
    heap_4.c                                 0x00000000   Number         0  heap_4.o ABSOLUTE
    init.s                                   0x00000000   Number         0  init.o ABSOLUTE
    list.c                                   0x00000000   Number         0  list.o ABSOLUTE
    port.c                                   0x00000000   Number         0  port.o ABSOLUTE
    queue.c                                  0x00000000   Number         0  queue.o ABSOLUTE
    system_ARMCM3.c                          0x00000000   Number         0  system_armcm3.o ABSOLUTE
    tasks.c                                  0x00000000   Number         0  tasks.o ABSOLUTE
    timers.c                                 0x00000000   Number         0  timers.o ABSOLUTE
    RESET                                    0x00000000   Section      960  startup_armcm3.o(RESET)
    .ARM.Collect$$$$00000000                 0x000003c0   Section        0  entry.o(.ARM.Collect$$$$00000000)
    .ARM.Collect$$$$00000001                 0x000003c0   Section        4  entry2.o(.ARM.Collect$$$$00000001)
    .ARM.Collect$$$$00000004                 0x000003c4   Section        4  entry5.o(.ARM.Collect$$$$00000004)
    .ARM.Collect$$$$00000008                 0x000003c8   Section        0  entry7b.o(.ARM.Collect$$$$00000008)
    .ARM.Collect$$$$0000000A                 0x000003c8   Section        0  entry8b.o(.ARM.Collect$$$$0000000A)
    .ARM.Collect$$$$0000000B                 0x000003c8   Section        8  entry9a.o(.ARM.Collect$$$$0000000B)
    __lit__00000000                          0x000003d0   Data           4  entry2.o(.ARM.Collect$$$$00002712)
    .ARM.Collect$$$$0000000D                 0x000003d0   Section        0  entry10a.o(.ARM.Collect$$$$0000000D)
    .ARM.Collect$$$$0000000F                 0x000003d0   Section        0  entry11a.o(.ARM.Collect$$$$0000000F)
    .ARM.Collect$$$$00002712                 0x000003d0   Section        4  entry2.o(.ARM.Collect$$$$00002712)
    [Anonymous Symbol]                       0x000003d4   Section        0  blinky.o(.text)
    [Anonymous Symbol]                       0x0000064c   Section        0  eventrecorder.o(.text)
    crc16_ccitt                              0x00000779   Thumb Code    72  eventrecorder.o(.text)
    EventGetTS                               0x0000082d   Thumb Code    40  eventrecorder.o(.text)
    EventRecordItem                          0x00000855   Thumb Code   172  eventrecorder.o(.text)
    EventCheckFilter                         0x00000b09   Thumb Code    46  eventrecorder.o(.text)
    GetContext                               0x00000b39   Thumb Code     8  eventrecorder.o(.text)
    UpdateTS                                 0x00000be1   Thumb Code     8  eventrecorder.o(.text)
    IncrementOverflowTS                      0x00000be9   Thumb Code    18  eventrecorder.o(.text)
    atomic_xch32                             0x00000bfd   Thumb Code    28  eventrecorder.o(.text)
    atomic_inc32                             0x00000c19   Thumb Code    18  eventrecorder.o(.text)
    GetRecordIndex                           0x00000c2d   Thumb Code    18  eventrecorder.o(.text)
    LockRecord                               0x00000c41   Thumb Code    36  eventrecorder.o(.text)
    UnlockRecord                             0x00000c65   Thumb Code    32  eventrecorder.o(.text)
    IncrementRecordsWritten                  0x00000c85   Thumb Code    18  eventrecorder.o(.text)
    IncrementRecordsDumped                   0x00000c99   Thumb Code    18  eventrecorder.o(.text)
    atomic_inc8                              0x00000cad   Thumb Code    28  eventrecorder.o(.text)
    .text                                    0x00000cc8   Section       56  startup_armcm3.o(.text)
    [Anonymous Symbol]                       0x00000d00   Section        0  system_armcm3.o(.text)
    [Anonymous Symbol]                       0x00000d3c   Section        0  freertos_evr.o(.text)
    [Anonymous Symbol]                       0x00001490   Section        0  list.o(.text)
    [Anonymous Symbol]                       0x00001530   Section        0  port.o(.text)
    prvTaskExitError                         0x00001551   Thumb Code    50  port.o(.text)
    pxCurrentTCBConst2                       0x000015b0   Number         0  port.o(.text)
    prvPortStartFirstTask                    0x000016d5   Thumb Code    32  port.o(.text)
    pxCurrentTCBConst                        0x000017e0   Number         0  port.o(.text)
    [Anonymous Symbol]                       0x0000198c   Section        0  heap_4.o(.text)
    prvHeapInit                              0x00001aed   Thumb Code   118  heap_4.o(.text)
    prvInsertBlockIntoFreeList               0x00001b65   Thumb Code    90  heap_4.o(.text)
    [Anonymous Symbol]                       0x00001cfc   Section        0  queue.o(.text)
    prvInitialiseNewQueue                    0x00001e09   Thumb Code    42  queue.o(.text)
    prvInitialiseMutex                       0x00001e4d   Thumb Code    40  queue.o(.text)
    prvCopyDataToQueue                       0x0000236d   Thumb Code   122  queue.o(.text)
    prvNotifyQueueSetContainer               0x000023e9   Thumb Code   150  queue.o(.text)
    prvIsQueueFull                           0x00002481   Thumb Code    28  queue.o(.text)
    prvUnlockQueue                           0x0000249d   Thumb Code   134  queue.o(.text)
    prvCopyDataFromQueue                     0x00002921   Thumb Code    38  queue.o(.text)
    prvIsQueueEmpty                          0x00002949   Thumb Code    24  queue.o(.text)
    prvGetDisinheritPriorityAfterTimeout     0x00002961   Thumb Code    18  queue.o(.text)
    [Anonymous Symbol]                       0x00002e24   Section        0  tasks.o(.text)
    prvInitialiseNewTask                     0x00002e85   Thumb Code   170  tasks.o(.text)
    prvAddNewTaskToReadyList                 0x00002f31   Thumb Code   224  tasks.o(.text)
    prvResetNextTaskUnblockTime              0x00003115   Thumb Code    38  tasks.o(.text)
    prvDeleteTCB                             0x0000313d   Thumb Code    18  tasks.o(.text)
    prvAddCurrentTaskToDelayedList           0x0000322d   Thumb Code   198  tasks.o(.text)
    __tagsym$$used.0                         0x000037dc   Number         0  tasks.o(.text)
    prvTaskIsTaskSuspended                   0x0000392d   Thumb Code    50  tasks.o(.text)
    prvIdleTask                              0x00003af9   Thumb Code   130  tasks.o(.text)
    prvSearchForNameWithinSingleList         0x00003e4d   Thumb Code   106  tasks.o(.text)
    prvListTasksWithinSingleList             0x00003f79   Thumb Code   100  tasks.o(.text)
    prvTaskCheckFreeStackSpace               0x00004645   Thumb Code    32  tasks.o(.text)
    prvInitialiseTaskLists                   0x00005031   Thumb Code   110  tasks.o(.text)
    prvCheckTasksWaitingTermination          0x000050a1   Thumb Code    78  tasks.o(.text)
    prvGetExpectedIdleTime                   0x000050f1   Thumb Code    68  tasks.o(.text)
    [Anonymous Symbol]                       0x00005134   Section        0  timers.o(.text)
    prvCheckForValidListAndQueue             0x00005195   Thumb Code    90  timers.o(.text)
    prvTimerTask                             0x000051f1   Thumb Code    22  timers.o(.text)
    prvInitialiseNewTimer                    0x00005241   Thumb Code    90  timers.o(.text)
    prvGetNextExpireTime                     0x00005515   Thumb Code    32  timers.o(.text)
    prvProcessTimerOrBlockTask               0x00005535   Thumb Code   128  timers.o(.text)
    prvProcessReceivedCommands               0x000055b5   Thumb Code   290  timers.o(.text)
    prvSampleTimeNow                         0x000056d9   Thumb Code    42  timers.o(.text)
    prvProcessExpiredTimer                   0x00005705   Thumb Code    68  timers.o(.text)
    prvSwitchTimerLists                      0x00005749   Thumb Code    52  timers.o(.text)
    prvReloadTimer                           0x0000577d   Thumb Code    64  timers.o(.text)
    prvInsertTimerInActiveList               0x000057bd   Thumb Code    64  timers.o(.text)
    .text                                    0x000057fc   Section        0  memcpya.o(.text)
    .text                                    0x00005820   Section        0  memseta.o(.text)
    .text                                    0x00005844   Section        0  strlen.o(.text)
    .text                                    0x00005854   Section       36  init.o(.text)
    i.__scatterload_copy                     0x00005878   Section       14  handlers.o(i.__scatterload_copy)
    i.__scatterload_null                     0x00005886   Section        2  handlers.o(i.__scatterload_null)
    i.__scatterload_zeroinit                 0x00005888   Section       14  handlers.o(i.__scatterload_zeroinit)
    __tagsym$$used.0                         0x00005898   Number         0  eventrecorder.o(.rodata.EventRecorderInfo)
    uxCriticalNesting                        0x20000004   Data           4  port.o(.data.uxCriticalNesting)
    [Anonymous Symbol]                       0x20000004   Section        0  port.o(.data.uxCriticalNesting)
    EvrFreeRTOSSetup.init                    0x20000008   Data           1  freertos_evr.o(.bss.EvrFreeRTOSSetup.init)
    [Anonymous Symbol]                       0x20000008   Section        0  freertos_evr.o(.bss.EvrFreeRTOSSetup.init)
    prvSampleTimeNow.xLastTime               0x2000001c   Data           4  timers.o(.bss.prvSampleTimeNow.xLastTime)
    [Anonymous Symbol]                       0x2000001c   Section        0  timers.o(.bss.prvSampleTimeNow.xLastTime)
    pxCurrentTimerList                       0x20000024   Data           4  timers.o(.bss.pxCurrentTimerList)
    [Anonymous Symbol]                       0x20000024   Section        0  timers.o(.bss.pxCurrentTimerList)
    pxDelayedTaskList                        0x20000028   Data           4  tasks.o(.bss.pxDelayedTaskList)
    [Anonymous Symbol]                       0x20000028   Section        0  tasks.o(.bss.pxDelayedTaskList)
    pxEnd                                    0x2000002c   Data           4  heap_4.o(.bss.pxEnd)
    [Anonymous Symbol]                       0x2000002c   Section        0  heap_4.o(.bss.pxEnd)
    pxOverflowDelayedTaskList                0x20000030   Data           4  tasks.o(.bss.pxOverflowDelayedTaskList)
    [Anonymous Symbol]                       0x20000030   Section        0  tasks.o(.bss.pxOverflowDelayedTaskList)
    pxOverflowTimerList                      0x20000034   Data           4  timers.o(.bss.pxOverflowTimerList)
    [Anonymous Symbol]                       0x20000034   Section        0  timers.o(.bss.pxOverflowTimerList)
    pxReadyTasksLists                        0x20000038   Data         100  tasks.o(.bss.pxReadyTasksLists)
    [Anonymous Symbol]                       0x20000038   Section        0  tasks.o(.bss.pxReadyTasksLists)
    ucHeap                                   0x200000b0   Data        4096  heap_4.o(.bss.ucHeap)
    [Anonymous Symbol]                       0x200000b0   Section        0  heap_4.o(.bss.ucHeap)
    ucMaxSysCallPriority                     0x200010b0   Data           1  port.o(.bss.ucMaxSysCallPriority)
    [Anonymous Symbol]                       0x200010b0   Section        0  port.o(.bss.ucMaxSysCallPriority)
    ulMaxPRIGROUPValue                       0x200010b4   Data           4  port.o(.bss.ulMaxPRIGROUPValue)
    [Anonymous Symbol]                       0x200010b4   Section        0  port.o(.bss.ulMaxPRIGROUPValue)
    ulStoppedTimerCompensation               0x200010b8   Data           1  port.o(.bss.ulStoppedTimerCompensation)
    [Anonymous Symbol]                       0x200010b8   Section        0  port.o(.bss.ulStoppedTimerCompensation)
    ulTimerCountsForOneTick                  0x200010bc   Data           4  port.o(.bss.ulTimerCountsForOneTick)
    [Anonymous Symbol]                       0x200010bc   Section        0  port.o(.bss.ulTimerCountsForOneTick)
    uxCurrentNumberOfTasks                   0x200010c0   Data           4  tasks.o(.bss.uxCurrentNumberOfTasks)
    [Anonymous Symbol]                       0x200010c0   Section        0  tasks.o(.bss.uxCurrentNumberOfTasks)
    uxDeletedTasksWaitingCleanUp             0x200010c4   Data           4  tasks.o(.bss.uxDeletedTasksWaitingCleanUp)
    [Anonymous Symbol]                       0x200010c4   Section        0  tasks.o(.bss.uxDeletedTasksWaitingCleanUp)
    uxSchedulerSuspended                     0x200010c8   Data           4  tasks.o(.bss.uxSchedulerSuspended)
    [Anonymous Symbol]                       0x200010c8   Section        0  tasks.o(.bss.uxSchedulerSuspended)
    uxTaskNumber                             0x200010cc   Data           4  tasks.o(.bss.uxTaskNumber)
    [Anonymous Symbol]                       0x200010cc   Section        0  tasks.o(.bss.uxTaskNumber)
    uxTopReadyPriority                       0x200010d0   Data           4  tasks.o(.bss.uxTopReadyPriority)
    [Anonymous Symbol]                       0x200010d0   Section        0  tasks.o(.bss.uxTopReadyPriority)
    xActiveTimerList1                        0x200010d4   Data          20  timers.o(.bss.xActiveTimerList1)
    [Anonymous Symbol]                       0x200010d4   Section        0  timers.o(.bss.xActiveTimerList1)
    xActiveTimerList2                        0x200010e8   Data          20  timers.o(.bss.xActiveTimerList2)
    [Anonymous Symbol]                       0x200010e8   Section        0  timers.o(.bss.xActiveTimerList2)
    xBlockAllocatedBit                       0x200010fc   Data           1  heap_4.o(.bss.xBlockAllocatedBit)
    [Anonymous Symbol]                       0x200010fc   Section        0  heap_4.o(.bss.xBlockAllocatedBit)
    xDelayedTaskList1                        0x20001100   Data          20  tasks.o(.bss.xDelayedTaskList1)
    [Anonymous Symbol]                       0x20001100   Section        0  tasks.o(.bss.xDelayedTaskList1)
    xDelayedTaskList2                        0x20001114   Data          20  tasks.o(.bss.xDelayedTaskList2)
    [Anonymous Symbol]                       0x20001114   Section        0  tasks.o(.bss.xDelayedTaskList2)
    xFreeBytesRemaining                      0x20001128   Data           4  heap_4.o(.bss.xFreeBytesRemaining)
    [Anonymous Symbol]                       0x20001128   Section        0  heap_4.o(.bss.xFreeBytesRemaining)
    xIdleTaskHandle                          0x2000112c   Data           4  tasks.o(.bss.xIdleTaskHandle)
    [Anonymous Symbol]                       0x2000112c   Section        0  tasks.o(.bss.xIdleTaskHandle)
    xMaximumPossibleSuppressedTicks          0x20001130   Data           4  port.o(.bss.xMaximumPossibleSuppressedTicks)
    [Anonymous Symbol]                       0x20001130   Section        0  port.o(.bss.xMaximumPossibleSuppressedTicks)
    xMinimumEverFreeBytesRemaining           0x20001134   Data           4  heap_4.o(.bss.xMinimumEverFreeBytesRemaining)
    [Anonymous Symbol]                       0x20001134   Section        0  heap_4.o(.bss.xMinimumEverFreeBytesRemaining)
    xNextTaskUnblockTime                     0x20001138   Data           4  tasks.o(.bss.xNextTaskUnblockTime)
    [Anonymous Symbol]                       0x20001138   Section        0  tasks.o(.bss.xNextTaskUnblockTime)
    xNumOfOverflows                          0x2000113c   Data           4  tasks.o(.bss.xNumOfOverflows)
    [Anonymous Symbol]                       0x2000113c   Section        0  tasks.o(.bss.xNumOfOverflows)
    xNumberOfSuccessfulAllocations           0x20001140   Data           4  heap_4.o(.bss.xNumberOfSuccessfulAllocations)
    [Anonymous Symbol]                       0x20001140   Section        0  heap_4.o(.bss.xNumberOfSuccessfulAllocations)
    xNumberOfSuccessfulFrees                 0x20001144   Data           4  heap_4.o(.bss.xNumberOfSuccessfulFrees)
    [Anonymous Symbol]                       0x20001144   Section        0  heap_4.o(.bss.xNumberOfSuccessfulFrees)
    xPendedTicks                             0x20001148   Data           4  tasks.o(.bss.xPendedTicks)
    [Anonymous Symbol]                       0x20001148   Section        0  tasks.o(.bss.xPendedTicks)
    xPendingReadyList                        0x2000114c   Data          20  tasks.o(.bss.xPendingReadyList)
    [Anonymous Symbol]                       0x2000114c   Section        0  tasks.o(.bss.xPendingReadyList)
    xSchedulerRunning                        0x20001160   Data           4  tasks.o(.bss.xSchedulerRunning)
    [Anonymous Symbol]                       0x20001160   Section        0  tasks.o(.bss.xSchedulerRunning)
    xStart                                   0x20001164   Data           8  heap_4.o(.bss.xStart)
    [Anonymous Symbol]                       0x20001164   Section        0  heap_4.o(.bss.xStart)
    xSuspendedTaskList                       0x2000116c   Data          20  tasks.o(.bss.xSuspendedTaskList)
    [Anonymous Symbol]                       0x2000116c   Section        0  tasks.o(.bss.xSuspendedTaskList)
    xTasksWaitingTermination                 0x20001180   Data          20  tasks.o(.bss.xTasksWaitingTermination)
    [Anonymous Symbol]                       0x20001180   Section        0  tasks.o(.bss.xTasksWaitingTermination)
    xTickCount                               0x20001194   Data           4  tasks.o(.bss.xTickCount)
    [Anonymous Symbol]                       0x20001194   Section        0  tasks.o(.bss.xTickCount)
    xTimerQueue                              0x20001198   Data           4  timers.o(.bss.xTimerQueue)
    [Anonymous Symbol]                       0x20001198   Section        0  timers.o(.bss.xTimerQueue)
    xTimerTaskHandle                         0x2000119c   Data           4  timers.o(.bss.xTimerTaskHandle)
    [Anonymous Symbol]                       0x2000119c   Section        0  timers.o(.bss.xTimerTaskHandle)
    xYieldPending                            0x200011a0   Data           4  tasks.o(.bss.xYieldPending)
    [Anonymous Symbol]                       0x200011a0   Section        0  tasks.o(.bss.xYieldPending)
    STACK                                    0x200011a8   Section     1024  startup_armcm3.o(STACK)
    EventBuffer                              0x20020000   Data        1024  eventrecorder.o(.bss.noinit)
    [Anonymous Symbol]                       0x20020000   Section        0  eventrecorder.o(.bss.noinit)
    EventFilter                              0x20020400   Data         128  eventrecorder.o(.bss.noinit)
    EventStatus                              0x20020480   Data          36  eventrecorder.o(.bss.noinit)

    Global Symbols

    Symbol Name                              Value     Ov Type        Size  Object(Section)

    BuildAttributes$$THM_ISAv4$P$D$K$B$S$PE$A:L22UL41UL21$X:L11$S22US41US21$IEEE1$IW$~IW$USESV6$~STKCKD$USESV7$WCHAR32$ENUMINT$~SHL$OTIME$EBA8$MICROLIB$REQ8$PRES8$EABIv2 0x00000000   Number         0  anon$$obj.o ABSOLUTE
    __Vectors                                0x00000000   Data           4  startup_armcm3.o(RESET)
    __cpp_initialize__aeabi_                  - Undefined Weak Reference
    __cxa_finalize                            - Undefined Weak Reference
    __decompress                              - Undefined Weak Reference
    _clock_init                               - Undefined Weak Reference
    _microlib_exit                            - Undefined Weak Reference
    __Vectors_End                            0x000003c0   Data           0  startup_armcm3.o(RESET)
    __Vectors_Size                           0x000003c0   Number         0  startup_armcm3.o ABSOLUTE
    __main                                   0x000003c1   Thumb Code     0  entry.o(.ARM.Collect$$$$00000000)
    _main_stk                                0x000003c1   Thumb Code     0  entry2.o(.ARM.Collect$$$$00000001)
    _main_scatterload                        0x000003c5   Thumb Code     0  entry5.o(.ARM.Collect$$$$00000004)
    __main_after_scatterload                 0x000003c9   Thumb Code     0  entry5.o(.ARM.Collect$$$$00000004)
    _main_clock                              0x000003c9   Thumb Code     0  entry7b.o(.ARM.Collect$$$$00000008)
    _main_cpp_init                           0x000003c9   Thumb Code     0  entry8b.o(.ARM.Collect$$$$0000000A)
    _main_init                               0x000003c9   Thumb Code     0  entry9a.o(.ARM.Collect$$$$0000000B)
    __rt_final_cpp                           0x000003d1   Thumb Code     0  entry10a.o(.ARM.Collect$$$$0000000D)
    __rt_final_exit                          0x000003d1   Thumb Code     0  entry11a.o(.ARM.Collect$$$$0000000F)
    signal_func                              0x000003d5   Thumb Code    92  blinky.o(.text)
    phaseA                                   0x00000431   Thumb Code    56  blinky.o(.text)
    phaseB                                   0x00000469   Thumb Code    56  blinky.o(.text)
    phaseC                                   0x000004a1   Thumb Code    56  blinky.o(.text)
    phaseD                                   0x000004d9   Thumb Code    56  blinky.o(.text)
    clock                                    0x00000511   Thumb Code    32  blinky.o(.text)
    app_main                                 0x00000531   Thumb Code   184  blinky.o(.text)
    main                                     0x00000611   Thumb Code    48  blinky.o(.text)
    EventRecorderTimerSetup                  0x0000064d   Thumb Code    36  eventrecorder.o(.text)
    EventRecorderTimerGetFreq                0x00000671   Thumb Code    12  eventrecorder.o(.text)
    EventRecorderTimerGetCount               0x0000067d   Thumb Code    12  eventrecorder.o(.text)
    EventRecorderInitialize                  0x00000689   Thumb Code   238  eventrecorder.o(.text)
    EventRecorderEnable                      0x000007c1   Thumb Code   108  eventrecorder.o(.text)
    EventRecorderStart                       0x00000901   Thumb Code    48  eventrecorder.o(.text)
    EventRecorderDisable                     0x00000931   Thumb Code   108  eventrecorder.o(.text)
    EventRecorderStop                        0x0000099d   Thumb Code    44  eventrecorder.o(.text)
    EventRecorderClockUpdate                 0x000009c9   Thumb Code    42  eventrecorder.o(.text)
    EventRecordData                          0x000009f5   Thumb Code   274  eventrecorder.o(.text)
    EventRecord2                             0x00000b41   Thumb Code    54  eventrecorder.o(.text)
    EventRecord4                             0x00000b79   Thumb Code   104  eventrecorder.o(.text)
    Reset_Handler                            0x00000cc9   Thumb Code     8  startup_armcm3.o(.text)
    HardFault_Handler                        0x00000cd1   Thumb Code     2  startup_armcm3.o(.text)
    NMI_Handler                              0x00000cd3   Thumb Code     2  startup_armcm3.o(.text)
    MemManage_Handler                        0x00000cd5   Thumb Code     2  startup_armcm3.o(.text)
    BusFault_Handler                         0x00000cd7   Thumb Code     2  startup_armcm3.o(.text)
    UsageFault_Handler                       0x00000cd9   Thumb Code     2  startup_armcm3.o(.text)
    DebugMon_Handler                         0x00000cdd   Thumb Code     2  startup_armcm3.o(.text)
    Interrupt0_Handler                       0x00000ce3   Thumb Code     2  startup_armcm3.o(.text)
    Interrupt1_Handler                       0x00000ce5   Thumb Code     2  startup_armcm3.o(.text)
    Interrupt2_Handler                       0x00000ce7   Thumb Code     2  startup_armcm3.o(.text)
    Interrupt3_Handler                       0x00000ce9   Thumb Code     2  startup_armcm3.o(.text)
    Interrupt4_Handler                       0x00000ceb   Thumb Code     2  startup_armcm3.o(.text)
    Interrupt5_Handler                       0x00000ced   Thumb Code     2  startup_armcm3.o(.text)
    Interrupt6_Handler                       0x00000cef   Thumb Code     2  startup_armcm3.o(.text)
    Interrupt7_Handler                       0x00000cf1   Thumb Code     2  startup_armcm3.o(.text)
    Interrupt8_Handler                       0x00000cf3   Thumb Code     2  startup_armcm3.o(.text)
    Interrupt9_Handler                       0x00000cf5   Thumb Code     2  startup_armcm3.o(.text)
    SystemCoreClockUpdate                    0x00000d01   Thumb Code    20  system_armcm3.o(.text)
    SystemInit                               0x00000d15   Thumb Code    38  system_armcm3.o(.text)
    EvrFreeRTOSSetup                         0x00000d3d   Thumb Code   116  freertos_evr.o(.text)
    EvrFreeRTOSTasks_TaskCreate              0x00000db1   Thumb Code    16  freertos_evr.o(.text)
    EvrFreeRTOSTasks_TaskCreateFailed        0x00000dc1   Thumb Code    16  freertos_evr.o(.text)
    EvrFreeRTOSTasks_TaskDelete              0x00000dd1   Thumb Code    20  freertos_evr.o(.text)
    EvrFreeRTOSTasks_TaskDelayUntil          0x00000de5   Thumb Code    20  freertos_evr.o(.text)
    EvrFreeRTOSTasks_TaskDelay               0x00000df9   Thumb Code    20  freertos_evr.o(.text)
    EvrFreeRTOSTasks_TaskPrioritySet         0x00000e0d   Thumb Code    20  freertos_evr.o(.text)
    EvrFreeRTOSTasks_TaskSuspend             0x00000e21   Thumb Code    20  freertos_evr.o(.text)
    EvrFreeRTOSTasks_TaskResume              0x00000e35   Thumb Code    20  freertos_evr.o(.text)
    EvrFreeRTOSTasks_TaskResumeFromIsr       0x00000e49   Thumb Code    20  freertos_evr.o(.text)
    EvrFreeRTOSTasks_TaskIncrementTick       0x00000e5d   Thumb Code    20  freertos_evr.o(.text)
    EvrFreeRTOSTasks_IncreaseTickCount       0x00000e71   Thumb Code    20  freertos_evr.o(.text)
    EvrFreeRTOSTasks_TaskSwitchedOut         0x00000e85   Thumb Code    20  freertos_evr.o(.text)
    EvrFreeRTOSTasks_TaskSwitchedIn          0x00000e99   Thumb Code    20  freertos_evr.o(.text)
    EvrFreeRTOSTasks_TaskPriorityInherit     0x00000ead   Thumb Code    20  freertos_evr.o(.text)
    EvrFreeRTOSTasks_TaskPriorityDisinherit  0x00000ec1   Thumb Code    20  freertos_evr.o(.text)
    EvrFreeRTOSTasks_MovedTaskToReadyState   0x00000ed5   Thumb Code    20  freertos_evr.o(.text)
    EvrFreeRTOSTasks_PostMovedTaskToReadyState 0x00000ee9   Thumb Code    20  freertos_evr.o(.text)
    EvrFreeRTOSTasks_LowPowerIdleBegin       0x00000efd   Thumb Code    20  freertos_evr.o(.text)
    EvrFreeRTOSTasks_LowPowerIdleEnd         0x00000f11   Thumb Code    20  freertos_evr.o(.text)
    EvrFreeRTOSTasks_TaskNotifyTakeBlock     0x00000f25   Thumb Code    20  freertos_evr.o(.text)
    EvrFreeRTOSTasks_TaskNotifyTake          0x00000f39   Thumb Code    20  freertos_evr.o(.text)
    EvrFreeRTOSTasks_TaskNotifyWaitBlock     0x00000f4d   Thumb Code    20  freertos_evr.o(.text)
    EvrFreeRTOSTasks_TaskNotifyWait          0x00000f61   Thumb Code    20  freertos_evr.o(.text)
    EvrFreeRTOSTasks_TaskNotify              0x00000f75   Thumb Code    32  freertos_evr.o(.text)
    EvrFreeRTOSTasks_TaskNotifyFromIsr       0x00000f95   Thumb Code    32  freertos_evr.o(.text)
    EvrFreeRTOSTasks_TaskNotifyGiveFromIsr   0x00000fb5   Thumb Code    34  freertos_evr.o(.text)
    EvrFreeRTOSQueue_QueueCreate             0x00000fd9   Thumb Code    20  freertos_evr.o(.text)
    EvrFreeRTOSQueue_QueueCreateFailed       0x00000fed   Thumb Code    16  freertos_evr.o(.text)
    EvrFreeRTOSQueue_CreateMutex             0x00000ffd   Thumb Code    20  freertos_evr.o(.text)
    EvrFreeRTOSQueue_CreateMutexFailed       0x00001011   Thumb Code    16  freertos_evr.o(.text)
    EvrFreeRTOSQueue_GiveMutexRecursive      0x00001021   Thumb Code    20  freertos_evr.o(.text)
    EvrFreeRTOSQueue_GiveMutexRecursiveFailed 0x00001035   Thumb Code    16  freertos_evr.o(.text)
    EvrFreeRTOSQueue_TakeMutexRecursive      0x00001045   Thumb Code    20  freertos_evr.o(.text)
    EvrFreeRTOSQueue_TakeMutexRecursiveFailed 0x00001059   Thumb Code    16  freertos_evr.o(.text)
    EvrFreeRTOSQueue_CreateCountingSemaphore 0x00001069   Thumb Code    20  freertos_evr.o(.text)
    EvrFreeRTOSQueue_CreateCountingSemaphoreFailed 0x0000107d   Thumb Code    16  freertos_evr.o(.text)
    EvrFreeRTOSQueue_QueueSend               0x0000108d   Thumb Code    20  freertos_evr.o(.text)
    EvrFreeRTOSQueue_QueueSendFailed         0x000010a1   Thumb Code    16  freertos_evr.o(.text)
    EvrFreeRTOSQueue_QueueReceive            0x000010b1   Thumb Code    20  freertos_evr.o(.text)
    EvrFreeRTOSQueue_QueuePeek               0x000010c5   Thumb Code    20  freertos_evr.o(.text)
    EvrFreeRTOSQueue_QueuePeekFailed         0x000010d9   Thumb Code    16  freertos_evr.o(.text)
    EvrFreeRTOSQueue_QueuePeekFromIsr        0x000010e9   Thumb Code    20  freertos_evr.o(.text)
    EvrFreeRTOSQueue_QueueReceiveFailed      0x000010fd   Thumb Code    16  freertos_evr.o(.text)
    EvrFreeRTOSQueue_QueueSendFromIsr        0x0000110d   Thumb Code    20  freertos_evr.o(.text)
    EvrFreeRTOSQueue_QueueSendFromIsrFailed  0x00001121   Thumb Code    16  freertos_evr.o(.text)
    EvrFreeRTOSQueue_QueueReceiveFromIsr     0x00001131   Thumb Code    20  freertos_evr.o(.text)
    EvrFreeRTOSQueue_QueueReceiveFromIsrFailed 0x00001145   Thumb Code    16  freertos_evr.o(.text)
    EvrFreeRTOSQueue_QueuePeekFromIsrFailed  0x00001155   Thumb Code    16  freertos_evr.o(.text)
    EvrFreeRTOSQueue_QueueDelete             0x00001165   Thumb Code    20  freertos_evr.o(.text)
    EvrFreeRTOSQueue_QueueRegistryAdd        0x00001179   Thumb Code    20  freertos_evr.o(.text)
    EvrFreeRTOSQueue_BlockingOnQueueReceive  0x0000118d   Thumb Code    20  freertos_evr.o(.text)
    EvrFreeRTOSQueue_BlockingOnQueueSend     0x000011a1   Thumb Code    20  freertos_evr.o(.text)
    EvrFreeRTOSTimers_TimerCreate            0x000011b5   Thumb Code    20  freertos_evr.o(.text)
    EvrFreeRTOSTimers_TimerCreateFailed      0x000011c9   Thumb Code    16  freertos_evr.o(.text)
    EvrFreeRTOSTimers_TimerCommandSend       0x000011d9   Thumb Code    32  freertos_evr.o(.text)
    EvrFreeRTOSTimers_TimerCommandReceived   0x000011f9   Thumb Code    34  freertos_evr.o(.text)
    EvrFreeRTOSTimers_TimerExpired           0x0000121d   Thumb Code    20  freertos_evr.o(.text)
    EvrFreeRTOSTimers_PendFuncCall           0x00001231   Thumb Code    32  freertos_evr.o(.text)
    EvrFreeRTOSTimers_PendFuncCallFromIsr    0x00001251   Thumb Code    32  freertos_evr.o(.text)
    EvrFreeRTOSEventGroups_EventGroupCreate  0x00001271   Thumb Code    20  freertos_evr.o(.text)
    EvrFreeRTOSEventGroups_EventGroupCreateFailed 0x00001285   Thumb Code    16  freertos_evr.o(.text)
    EvrFreeRTOSEventGroups_EventGroupSyncBlock 0x00001295   Thumb Code    34  freertos_evr.o(.text)
    EvrFreeRTOSEventGroups_EventGroupSyncEnd 0x000012b9   Thumb Code    32  freertos_evr.o(.text)
    EvrFreeRTOSEventGroups_EventGroupWaitBitsBlock 0x000012d9   Thumb Code    20  freertos_evr.o(.text)
    EvrFreeRTOSEventGroups_EventGroupWaitBitsEnd 0x000012ed   Thumb Code    34  freertos_evr.o(.text)
    EvrFreeRTOSEventGroups_EventGroupClearBits 0x00001311   Thumb Code    20  freertos_evr.o(.text)
    EvrFreeRTOSEventGroups_EventGroupClearBitsFromIsr 0x00001325   Thumb Code    20  freertos_evr.o(.text)
    EvrFreeRTOSEventGroups_EventGroupSetBits 0x00001339   Thumb Code    20  freertos_evr.o(.text)
    EvrFreeRTOSEventGroups_EventGroupSetBitsFromIsr 0x0000134d   Thumb Code    20  freertos_evr.o(.text)
    EvrFreeRTOSEventGroups_EventGroupDelete  0x00001361   Thumb Code    20  freertos_evr.o(.text)
    EvrFreeRTOSStreamBuf_StreamBufferCreateFailed 0x00001375   Thumb Code    20  freertos_evr.o(.text)
    EvrFreeRTOSStreamBuf_StreamBufferCreateStaticFailed 0x00001389   Thumb Code    16  freertos_evr.o(.text)
    EvrFreeRTOSStreamBuf_StreamBufferCreate  0x00001399   Thumb Code    20  freertos_evr.o(.text)
    EvrFreeRTOSStreamBuf_StreamBufferDelete  0x000013ad   Thumb Code    20  freertos_evr.o(.text)
    EvrFreeRTOSStreamBuf_StreamBufferReset   0x000013c1   Thumb Code    20  freertos_evr.o(.text)
    EvrFreeRTOSStreamBuf_StreamBufferBlockingOnSend 0x000013d5   Thumb Code    20  freertos_evr.o(.text)
    EvrFreeRTOSStreamBuf_StreamBufferSend    0x000013e9   Thumb Code    20  freertos_evr.o(.text)
    EvrFreeRTOSStreamBuf_StreamBufferSendFailed 0x000013fd   Thumb Code    16  freertos_evr.o(.text)
    EvrFreeRTOSStreamBuf_StreamBufferSendFromIsr 0x0000140d   Thumb Code    20  freertos_evr.o(.text)
    EvrFreeRTOSStreamBuf_StreamBufferBlockingOnReceive 0x00001421   Thumb Code    20  freertos_evr.o(.text)
    EvrFreeRTOSStreamBuf_StreamBufferReceive 0x00001435   Thumb Code    20  freertos_evr.o(.text)
    EvrFreeRTOSStreamBuf_StreamBufferReceiveFailed 0x00001449   Thumb Code    16  freertos_evr.o(.text)
    EvrFreeRTOSStreamBuf_StreamBufferReceiveFromIsr 0x00001459   Thumb Code    20  freertos_evr.o(.text)
    EvrFreeRTOSHeap_Malloc                   0x0000146d   Thumb Code    16  freertos_evr.o(.text)
    EvrFreeRTOSHeap_Free                     0x0000147d   Thumb Code    20  freertos_evr.o(.text)
    vListInitialise                          0x00001491   Thumb Code    22  list.o(.text)
    vListInitialiseItem                      0x000014a9   Thumb Code     6  list.o(.text)
    vListInsertEnd                           0x000014b1   Thumb Code    28  list.o(.text)
    vListInsert                              0x000014cd   Thumb Code    58  list.o(.text)
    uxListRemove                             0x00001509   Thumb Code    36  list.o(.text)
    pxPortInitialiseStack                    0x00001531   Thumb Code    32  port.o(.text)
    SVC_Handler                              0x00001585   Thumb Code    48  port.o(.text)
    xPortStartScheduler                      0x000015b5   Thumb Code   186  port.o(.text)
    vPortSetupTimerInterrupt                 0x00001671   Thumb Code   100  port.o(.text)
    vPortEndScheduler                        0x000016f5   Thumb Code    38  port.o(.text)
    vPortEnterCritical                       0x0000171d   Thumb Code    70  port.o(.text)
    vPortExitCritical                        0x00001765   Thumb Code    46  port.o(.text)
    PendSV_Handler                           0x00001795   Thumb Code    80  port.o(.text)
    SysTick_Handler                          0x000017e5   Thumb Code    46  port.o(.text)
    vPortSuppressTicksAndSleep               0x00001815   Thumb Code   276  port.o(.text)
    vPortValidateInterruptPriority           0x00001929   Thumb Code    98  port.o(.text)
    pvPortMalloc                             0x0000198d   Thumb Code   350  heap_4.o(.text)
    vPortFree                                0x00001bc1   Thumb Code   144  heap_4.o(.text)
    xPortGetFreeHeapSize                     0x00001c51   Thumb Code    12  heap_4.o(.text)
    xPortGetMinimumEverFreeHeapSize          0x00001c5d   Thumb Code    12  heap_4.o(.text)
    vPortInitialiseBlocks                    0x00001c69   Thumb Code     2  heap_4.o(.text)
    vPortGetHeapStats                        0x00001c6d   Thumb Code   142  heap_4.o(.text)
    xQueueGenericReset                       0x00001cfd   Thumb Code   178  queue.o(.text)
    xQueueGenericCreate                      0x00001db1   Thumb Code    88  queue.o(.text)
    xQueueCreateMutex                        0x00001e35   Thumb Code    22  queue.o(.text)
    xQueueGetMutexHolder                     0x00001e75   Thumb Code    46  queue.o(.text)
    xQueueGetMutexHolderFromISR              0x00001ea5   Thumb Code    34  queue.o(.text)
    xQueueGiveMutexRecursive                 0x00001ec9   Thumb Code    80  queue.o(.text)
    xQueueGenericSend                        0x00001f19   Thumb Code   486  queue.o(.text)
    xQueueTakeMutexRecursive                 0x00002101   Thumb Code    78  queue.o(.text)
    xQueueSemaphoreTake                      0x00002151   Thumb Code   478  queue.o(.text)
    xQueueCreateCountingSemaphore            0x00002331   Thumb Code    60  queue.o(.text)
    xQueueGenericSendFromISR                 0x00002525   Thumb Code   326  queue.o(.text)
    xQueueGiveFromISR                        0x0000266d   Thumb Code   274  queue.o(.text)
    xQueueReceive                            0x00002781   Thumb Code   414  queue.o(.text)
    xQueuePeek                               0x00002975   Thumb Code   394  queue.o(.text)
    xQueueReceiveFromISR                     0x00002b01   Thumb Code   208  queue.o(.text)
    xQueuePeekFromISR                        0x00002bd1   Thumb Code   146  queue.o(.text)
    uxQueueMessagesWaiting                   0x00002c65   Thumb Code    38  queue.o(.text)
    uxQueueSpacesAvailable                   0x00002c8d   Thumb Code    42  queue.o(.text)
    uxQueueMessagesWaitingFromISR            0x00002cb9   Thumb Code    26  queue.o(.text)
    vQueueDelete                             0x00002cd5   Thumb Code    38  queue.o(.text)
    uxQueueGetQueueNumber                    0x00002cfd   Thumb Code     4  queue.o(.text)
    vQueueSetQueueNumber                     0x00002d01   Thumb Code     4  queue.o(.text)
    ucQueueGetQueueType                      0x00002d05   Thumb Code     6  queue.o(.text)
    xQueueIsQueueEmptyFromISR                0x00002d0d   Thumb Code    30  queue.o(.text)
    xQueueIsQueueFullFromISR                 0x00002d2d   Thumb Code    34  queue.o(.text)
    vQueueWaitForMessageRestricted           0x00002d51   Thumb Code    68  queue.o(.text)
    xQueueCreateSet                          0x00002d95   Thumb Code    12  queue.o(.text)
    xQueueAddToSet                           0x00002da1   Thumb Code    38  queue.o(.text)
    xQueueRemoveFromSet                      0x00002dc9   Thumb Code    42  queue.o(.text)
    xQueueSelectFromSet                      0x00002df5   Thumb Code    22  queue.o(.text)
    xQueueSelectFromSetFromISR               0x00002e0d   Thumb Code    22  queue.o(.text)
    xTaskCreate                              0x00002e25   Thumb Code    96  tasks.o(.text)
    vTaskDelete                              0x00003011   Thumb Code   258  tasks.o(.text)
    xTaskDelayUntil                          0x00003151   Thumb Code   202  tasks.o(.text)
    vTaskSuspendAll                          0x0000321d   Thumb Code    16  tasks.o(.text)
    xTaskResumeAll                           0x000032f5   Thumb Code   392  tasks.o(.text)
    vTaskDelay                               0x0000347d   Thumb Code    90  tasks.o(.text)
    eTaskGetState                            0x000034d9   Thumb Code   156  tasks.o(.text)
    uxTaskPriorityGet                        0x00003575   Thumb Code    30  tasks.o(.text)
    uxTaskPriorityGetFromISR                 0x00003595   Thumb Code    48  tasks.o(.text)
    vTaskPrioritySet                         0x000035c5   Thumb Code   278  tasks.o(.text)
    vTaskSuspend                             0x000036dd   Thumb Code   256  tasks.o(.text)
    vTaskSwitchContext                       0x000037dd   Thumb Code   150  tasks.o(.text)
    vTaskResume                              0x00003875   Thumb Code   182  tasks.o(.text)
    xTaskResumeFromISR                       0x00003961   Thumb Code   228  tasks.o(.text)
    vTaskStartScheduler                      0x00003a45   Thumb Code   172  tasks.o(.text)
    vTaskEndScheduler                        0x00003b7d   Thumb Code    36  tasks.o(.text)
    xTaskIncrementTick                       0x00003ba1   Thumb Code   432  tasks.o(.text)
    xTaskGetTickCount                        0x00003d51   Thumb Code    12  tasks.o(.text)
    xTaskGetTickCountFromISR                 0x00003d5d   Thumb Code    18  tasks.o(.text)
    uxTaskGetNumberOfTasks                   0x00003d71   Thumb Code    12  tasks.o(.text)
    pcTaskGetName                            0x00003d7d   Thumb Code    38  tasks.o(.text)
    xTaskGetHandle                           0x00003da5   Thumb Code   168  tasks.o(.text)
    uxTaskGetSystemState                     0x00003eb9   Thumb Code   192  tasks.o(.text)
    xTaskGetIdleTaskHandle                   0x00003fdd   Thumb Code    34  tasks.o(.text)
    vTaskStepTick                            0x00004001   Thumb Code    58  tasks.o(.text)
    xTaskCatchUpTicks                        0x0000403d   Thumb Code    60  tasks.o(.text)
    xTaskAbortDelay                          0x00004079   Thumb Code   192  tasks.o(.text)
    vTaskPlaceOnEventList                    0x00004139   Thumb Code    50  tasks.o(.text)
    vTaskPlaceOnUnorderedEventList           0x0000416d   Thumb Code   138  tasks.o(.text)
    vTaskPlaceOnEventListRestricted          0x000041f9   Thumb Code   110  tasks.o(.text)
    xTaskRemoveFromEventList                 0x00004269   Thumb Code   252  tasks.o(.text)
    vTaskRemoveFromUnorderedEventList        0x00004365   Thumb Code   242  tasks.o(.text)
    vTaskSetTimeOutState                     0x00004459   Thumb Code    58  tasks.o(.text)
    vTaskInternalSetTimeOutState             0x00004495   Thumb Code    26  tasks.o(.text)
    xTaskCheckForTimeOut                     0x000044b1   Thumb Code   166  tasks.o(.text)
    vTaskMissedYield                         0x00004559   Thumb Code    14  tasks.o(.text)
    uxTaskGetTaskNumber                      0x00004569   Thumb Code    10  tasks.o(.text)
    vTaskSetTaskNumber                       0x00004575   Thumb Code     8  tasks.o(.text)
    eTaskConfirmSleepModeStatus              0x0000457d   Thumb Code    72  tasks.o(.text)
    vTaskGetInfo                             0x000045c5   Thumb Code   126  tasks.o(.text)
    uxTaskGetStackHighWaterMark2             0x00004665   Thumb Code    22  tasks.o(.text)
    uxTaskGetStackHighWaterMark              0x0000467d   Thumb Code    22  tasks.o(.text)
    xTaskGetCurrentTaskHandle                0x00004695   Thumb Code    12  tasks.o(.text)
    xTaskGetSchedulerState                   0x000046a1   Thumb Code    38  tasks.o(.text)
    xTaskPriorityInherit                     0x000046c9   Thumb Code   218  tasks.o(.text)
    xTaskPriorityDisinherit                  0x000047a5   Thumb Code   214  tasks.o(.text)
    vTaskPriorityDisinheritAfterTimeout      0x0000487d   Thumb Code   230  tasks.o(.text)
    uxTaskResetEventItemValue                0x00004965   Thumb Code    26  tasks.o(.text)
    pvTaskIncrementMutexHeldCount            0x00004981   Thumb Code    24  tasks.o(.text)
    ulTaskGenericNotifyTake                  0x00004999   Thumb Code   172  tasks.o(.text)
    xTaskGenericNotifyWait                   0x00004a45   Thumb Code   206  tasks.o(.text)
    xTaskGenericNotify                       0x00004b15   Thumb Code   394  tasks.o(.text)
    xTaskGenericNotifyFromISR                0x00004ca1   Thumb Code   458  tasks.o(.text)
    vTaskGenericNotifyGiveFromISR            0x00004e6d   Thumb Code   338  tasks.o(.text)
    xTaskGenericNotifyStateClear             0x00004fc1   Thumb Code    66  tasks.o(.text)
    ulTaskGenericNotifyValueClear            0x00005005   Thumb Code    44  tasks.o(.text)
    xTimerCreateTimerTask                    0x00005135   Thumb Code    88  timers.o(.text)
    xTimerCreate                             0x00005209   Thumb Code    56  timers.o(.text)
    xTimerGenericCommand                     0x0000529d   Thumb Code   116  timers.o(.text)
    xTimerGetTimerDaemonTaskHandle           0x00005311   Thumb Code    34  timers.o(.text)
    xTimerGetPeriod                          0x00005335   Thumb Code    26  timers.o(.text)
    vTimerSetReloadMode                      0x00005351   Thumb Code    58  timers.o(.text)
    uxTimerGetReloadMode                     0x0000538d   Thumb Code    46  timers.o(.text)
    xTimerGetExpiryTime                      0x000053bd   Thumb Code    26  timers.o(.text)
    pcTimerGetName                           0x000053d9   Thumb Code    26  timers.o(.text)
    xTimerIsTimerActive                      0x000053f5   Thumb Code    46  timers.o(.text)
    pvTimerGetTimerID                        0x00005425   Thumb Code    38  timers.o(.text)
    vTimerSetTimerID                         0x0000544d   Thumb Code    38  timers.o(.text)
    xTimerPendFunctionCallFromISR            0x00005475   Thumb Code    62  timers.o(.text)
    xTimerPendFunctionCall                   0x000054b5   Thumb Code    86  timers.o(.text)
    uxTimerGetTimerNumber                    0x0000550d   Thumb Code     4  timers.o(.text)
    vTimerSetTimerNumber                     0x00005511   Thumb Code     4  timers.o(.text)
    __aeabi_memcpy                           0x000057fd   Thumb Code    36  memcpya.o(.text)
    __aeabi_memcpy4                          0x000057fd   Thumb Code     0  memcpya.o(.text)
    __aeabi_memcpy8                          0x000057fd   Thumb Code     0  memcpya.o(.text)
    __aeabi_memset                           0x00005821   Thumb Code    14  memseta.o(.text)
    __aeabi_memset4                          0x00005821   Thumb Code     0  memseta.o(.text)
    __aeabi_memset8                          0x00005821   Thumb Code     0  memseta.o(.text)
    __aeabi_memclr                           0x0000582f   Thumb Code     4  memseta.o(.text)
    __aeabi_memclr4                          0x0000582f   Thumb Code     0  memseta.o(.text)
    __aeabi_memclr8                          0x0000582f   Thumb Code     0  memseta.o(.text)
    _memset$wrapper                          0x00005833   Thumb Code    18  memseta.o(.text)
    strlen                                   0x00005845   Thumb Code    14  strlen.o(.text)
    __scatterload                            0x00005855   Thumb Code    28  init.o(.text)
    __scatterload_rt2                        0x00005855   Thumb Code     0  init.o(.text)
    __scatterload_copy                       0x00005879   Thumb Code    14  handlers.o(i.__scatterload_copy)
    __scatterload_null                       0x00005887   Thumb Code     2  handlers.o(i.__scatterload_null)
    __scatterload_zeroinit                   0x00005889   Thumb Code    14  handlers.o(i.__scatterload_zeroinit)
    EventRecorderInfo                        0x00005898   Data          24  eventrecorder.o(.rodata.EventRecorderInfo)
    uxTopUsedPriority                        0x000058b0   Data           4  tasks.o(.rodata.uxTopUsedPriority)
    Region$$Table$$Base                      0x000058b4   Number         0  anon$$obj.o(Region$$Table)
    Region$$Table$$Limit                     0x000058d4   Number         0  anon$$obj.o(Region$$Table)
    SystemCoreClock                          0x20000000   Data           4  system_armcm3.o(.data.SystemCoreClock)
    g_phases                                 0x2000000c   Data          16  blinky.o(.bss.g_phases)
    pxCurrentTCB                             0x20000020   Data           4  tasks.o(.bss.pxCurrentTCB)
    tid_clock                                0x2000009c   Data           4  blinky.o(.bss.tid_clock)
    tid_phaseA                               0x200000a0   Data           4  blinky.o(.bss.tid_phaseA)
    tid_phaseB                               0x200000a4   Data           4  blinky.o(.bss.tid_phaseB)
    tid_phaseC                               0x200000a8   Data           4  blinky.o(.bss.tid_phaseC)
    tid_phaseD                               0x200000ac   Data           4  blinky.o(.bss.tid_phaseD)
    __stack_limit                            0x200011a8   Data           0  startup_armcm3.o(STACK)
    __initial_sp                             0x200015a8   Data           0  startup_armcm3.o(STACK)



==============================================================================

Memory Map of the image

  Image Entry point : 0x000003c1

  Load Region LR_IROM1 (Base: 0x00000000, Size: 0x000058e0, Max: 0x00040000, ABSOLUTE)

    Execution Region ER_IROM1 (Exec base: 0x00000000, Load base: 0x00000000, Size: 0x000058d4, Max: 0x00040000, ABSOLUTE)

    Exec Addr    Load Addr    Size         Type   Attr      Idx    E Section Name        Object

    0x00000000   0x00000000   0x000003c0   Data   RO           28    RESET               startup_armcm3.o
    0x000003c0   0x000003c0   0x00000000   Code   RO          146  * .ARM.Collect$$$$00000000  mc_w.l(entry.o)
    0x000003c0   0x000003c0   0x00000004   Code   RO          157    .ARM.Collect$$$$00000001  mc_w.l(entry2.o)
    0x000003c4   0x000003c4   0x00000004   Code   RO          160    .ARM.Collect$$$$00000004  mc_w.l(entry5.o)
    0x000003c8   0x000003c8   0x00000000   Code   RO          162    .ARM.Collect$$$$00000008  mc_w.l(entry7b.o)
    0x000003c8   0x000003c8   0x00000000   Code   RO          164    .ARM.Collect$$$$0000000A  mc_w.l(entry8b.o)
    0x000003c8   0x000003c8   0x00000008   Code   RO          165    .ARM.Collect$$$$0000000B  mc_w.l(entry9a.o)
    0x000003d0   0x000003d0   0x00000000   Code   RO          167    .ARM.Collect$$$$0000000D  mc_w.l(entry10a.o)
    0x000003d0   0x000003d0   0x00000000   Code   RO          169    .ARM.Collect$$$$0000000F  mc_w.l(entry11a.o)
    0x000003d0   0x000003d0   0x00000004   Code   RO          158    .ARM.Collect$$$$00002712  mc_w.l(entry2.o)
    0x000003d4   0x000003d4   0x00000278   Code   RO            1    .text               blinky.o
    0x0000064c   0x0000064c   0x0000067c   Code   RO           16    .text               eventrecorder.o
    0x00000cc8   0x00000cc8   0x00000038   Code   RO           29    .text               startup_armcm3.o
    0x00000d00   0x00000d00   0x0000003a   Code   RO           35    .text               system_armcm3.o
    0x00000d3a   0x00000d3a   0x00000002   PAD
    0x00000d3c   0x00000d3c   0x00000754   Code   RO           43    .text               freertos_evr.o
    0x00001490   0x00001490   0x0000009c   Code   RO           52    .text               list.o
    0x0000152c   0x0000152c   0x00000004   PAD
    0x00001530   0x00001530   0x0000045a   Code   RO           60    .text               port.o
    0x0000198a   0x0000198a   0x00000002   PAD
    0x0000198c   0x0000198c   0x0000036e   Code   RO           75    .text               heap_4.o
    0x00001cfa   0x00001cfa   0x00000002   PAD
    0x00001cfc   0x00001cfc   0x00001126   Code   RO           91    .text               queue.o
    0x00002e22   0x00002e22   0x00000002   PAD
    0x00002e24   0x00002e24   0x00002310   Code   RO          100    .text               tasks.o
    0x00005134   0x00005134   0x000006c8   Code   RO          131    .text               timers.o
    0x000057fc   0x000057fc   0x00000024   Code   RO          149    .text               mc_w.l(memcpya.o)
    0x00005820   0x00005820   0x00000024   Code   RO          151    .text               mc_w.l(memseta.o)
    0x00005844   0x00005844   0x0000000e   Code   RO          153    .text               mc_w.l(strlen.o)
    0x00005852   0x00005852   0x00000002   PAD
    0x00005854   0x00005854   0x00000024   Code   RO          171    .text               mc_w.l(init.o)
    0x00005878   0x00005878   0x0000000e   Code   RO          175    i.__scatterload_copy  mc_w.l(handlers.o)
    0x00005886   0x00005886   0x00000002   Code   RO          176    i.__scatterload_null  mc_w.l(handlers.o)
    0x00005888   0x00005888   0x0000000e   Code   RO          177    i.__scatterload_zeroinit  mc_w.l(handlers.o)
    0x00005896   0x00005896   0x00000002   PAD
    0x00005898   0x00005898   0x00000018   Data   RO           19    .rodata.EventRecorderInfo  eventrecorder.o
    0x000058b0   0x000058b0   0x00000004   Data   RO          103    .rodata.uxTopUsedPriority  tasks.o
    0x000058b4   0x000058b4   0x00000020   Data   RO          174    Region$$Table       anon$$obj.o


    Execution Region RW_IRAM1 (Exec base: 0x20000000, Load base: 0x000058d8, Size: 0x000015a8, Max: 0x00020000, ABSOLUTE)

    Exec Addr    Load Addr    Size         Type   Attr      Idx    E Section Name        Object

    0x20000000   0x000058d8   0x00000004   Data   RW           37    .data.SystemCoreClock  system_armcm3.o
    0x20000004   0x000058dc   0x00000004   Data   RW           64    .data.uxCriticalNesting  port.o
    0x20000008        -       0x00000001   Zero   RW           45    .bss.EvrFreeRTOSSetup.init  freertos_evr.o
    0x20000009   0x000058e0   0x00000003   PAD
    0x2000000c        -       0x00000010   Zero   RW            4    .bss.g_phases       blinky.o
    0x2000001c        -       0x00000004   Zero   RW          137    .bss.prvSampleTimeNow.xLastTime  timers.o
    0x20000020        -       0x00000004   Zero   RW          102    .bss.pxCurrentTCB   tasks.o
    0x20000024        -       0x00000004   Zero   RW          135    .bss.pxCurrentTimerList  timers.o
    0x20000028        -       0x00000004   Zero   RW          113    .bss.pxDelayedTaskList  tasks.o
    0x2000002c        -       0x00000004   Zero   RW           77    .bss.pxEnd          heap_4.o
    0x20000030        -       0x00000004   Zero   RW          114    .bss.pxOverflowDelayedTaskList  tasks.o
    0x20000034        -       0x00000004   Zero   RW          136    .bss.pxOverflowTimerList  timers.o
    0x20000038        -       0x00000064   Zero   RW          104    .bss.pxReadyTasksLists  tasks.o
    0x2000009c        -       0x00000004   Zero   RW            3    .bss.tid_clock      blinky.o
    0x200000a0        -       0x00000004   Zero   RW            8    .bss.tid_phaseA     blinky.o
    0x200000a4        -       0x00000004   Zero   RW            5    .bss.tid_phaseB     blinky.o
    0x200000a8        -       0x00000004   Zero   RW            6    .bss.tid_phaseC     blinky.o
    0x200000ac        -       0x00000004   Zero   RW            7    .bss.tid_phaseD     blinky.o
    0x200000b0        -       0x00001000   Zero   RW           84    .bss.ucHeap         heap_4.o
    0x200010b0        -       0x00000001   Zero   RW           62    .bss.ucMaxSysCallPriority  port.o
    0x200010b1   0x000058e0   0x00000003   PAD
    0x200010b4        -       0x00000004   Zero   RW           63    .bss.ulMaxPRIGROUPValue  port.o
    0x200010b8        -       0x00000001   Zero   RW           67    .bss.ulStoppedTimerCompensation  port.o
    0x200010b9   0x000058e0   0x00000003   PAD
    0x200010bc        -       0x00000004   Zero   RW           66    .bss.ulTimerCountsForOneTick  port.o
    0x200010c0        -       0x00000004   Zero   RW          109    .bss.uxCurrentNumberOfTasks  tasks.o
    0x200010c4        -       0x00000004   Zero   RW          108    .bss.uxDeletedTasksWaitingCleanUp  tasks.o
    0x200010c8        -       0x00000004   Zero   RW          111    .bss.uxSchedulerSuspended  tasks.o
    0x200010cc        -       0x00000004   Zero   RW          106    .bss.uxTaskNumber   tasks.o
    0x200010d0        -       0x00000004   Zero   RW          105    .bss.uxTopReadyPriority  tasks.o
    0x200010d4        -       0x00000014   Zero   RW          138    .bss.xActiveTimerList1  timers.o
    0x200010e8        -       0x00000014   Zero   RW          139    .bss.xActiveTimerList2  timers.o
    0x200010fc        -       0x00000001   Zero   RW           78    .bss.xBlockAllocatedBit  heap_4.o
    0x200010fd   0x000058e0   0x00000003   PAD
    0x20001100        -       0x00000014   Zero   RW          122    .bss.xDelayedTaskList1  tasks.o
    0x20001114        -       0x00000014   Zero   RW          123    .bss.xDelayedTaskList2  tasks.o
    0x20001128        -       0x00000004   Zero   RW           79    .bss.xFreeBytesRemaining  heap_4.o
    0x2000112c        -       0x00000004   Zero   RW          118    .bss.xIdleTaskHandle  tasks.o
    0x20001130        -       0x00000004   Zero   RW           65    .bss.xMaximumPossibleSuppressedTicks  port.o
    0x20001134        -       0x00000004   Zero   RW           81    .bss.xMinimumEverFreeBytesRemaining  heap_4.o
    0x20001138        -       0x00000004   Zero   RW          119    .bss.xNextTaskUnblockTime  tasks.o
    0x2000113c        -       0x00000004   Zero   RW          121    .bss.xNumOfOverflows  tasks.o
    0x20001140        -       0x00000004   Zero   RW           82    .bss.xNumberOfSuccessfulAllocations  heap_4.o
    0x20001144        -       0x00000004   Zero   RW           83    .bss.xNumberOfSuccessfulFrees  heap_4.o
    0x20001148        -       0x00000004   Zero   RW          120    .bss.xPendedTicks   tasks.o
    0x2000114c        -       0x00000014   Zero   RW          117    .bss.xPendingReadyList  tasks.o
    0x20001160        -       0x00000004   Zero   RW          110    .bss.xSchedulerRunning  tasks.o
    0x20001164        -       0x00000008   Zero   RW           80    .bss.xStart         heap_4.o
    0x2000116c        -       0x00000014   Zero   RW          115    .bss.xSuspendedTaskList  tasks.o
    0x20001180        -       0x00000014   Zero   RW          107    .bss.xTasksWaitingTermination  tasks.o
    0x20001194        -       0x00000004   Zero   RW          112    .bss.xTickCount     tasks.o
    0x20001198        -       0x00000004   Zero   RW          133    .bss.xTimerQueue    timers.o
    0x2000119c        -       0x00000004   Zero   RW          134    .bss.xTimerTaskHandle  timers.o
    0x200011a0        -       0x00000004   Zero   RW          116    .bss.xYieldPending  tasks.o
    0x200011a4   0x000058e0   0x00000004   PAD
    0x200011a8        -       0x00000400   Zero   RW           26    STACK               startup_armcm3.o


    Execution Region RW_IRAM2 (Exec base: 0x20020000, Load base: 0x000058e0, Size: 0x000004a4, Max: 0x00002000, ABSOLUTE, UNINIT)

    Exec Addr    Load Addr    Size         Type   Attr      Idx    E Section Name        Object

    0x20020000        -       0x000004a4   Zero   RW           18    .bss.noinit         eventrecorder.o


==============================================================================

Image component sizes


      Code (inc. data)   RO Data    RW Data    ZI Data      Debug   Object Name

       632         52          0          0         36       1966   blinky.o
      1660          0         24          0       1188       9270   eventrecorder.o
      1876          0          0          0          1      15313   freertos_evr.o
       878          0          0          0       4125       4608   heap_4.o
       156          0          0          0          0       2171   list.o
      1114         12          0          4         14       4553   port.o
      4390          0          0          0          0      21112   queue.o
        56         10        960          0       1024       1196   startup_armcm3.o
        58          0          0          4          0       1353   system_armcm3.o
      8976         20          4          0        260      31301   tasks.o
      1736         18          0          0         60      11120   timers.o

    ----------------------------------------------------------------------
     21544        112       1020          8       6724     103963   Object Totals
         0          0         32          0          0          0   (incl. Generated)
        12          0          0          0         16          0   (incl. Padding)

    ----------------------------------------------------------------------

      Code (inc. data)   RO Data    RW Data    ZI Data      Debug   Library Member Name

         0          0          0          0          0          0   entry.o
         0          0          0          0          0          0   entry10a.o
         0          0          0          0          0          0   entry11a.o
         8          4          0          0          0          0   entry2.o
         4          0          0          0          0          0   entry5.o
         0          0          0          0          0          0   entry7b.o
         0          0          0          0          0          0   entry8b.o
         8          4          0          0          0          0   entry9a.o
        30          0          0          0          0          0   handlers.o
        36          8          0          0          0         68   init.o
        36          0          0          0          0         68   memcpya.o
        36          0          0          0          0        108   memseta.o
        14          0          0          0          0         68   strlen.o

    ----------------------------------------------------------------------
       176         16          0          0          0        312   Library Totals
         4          0          0          0          0          0   (incl. Padding)

    ----------------------------------------------------------------------

      Code (inc. data)   RO Data    RW Data    ZI Data      Debug   Library Name

       172         16          0          0          0        312   mc_w.l

    ----------------------------------------------------------------------
       176         16          0          0          0        312   Library Totals

    ----------------------------------------------------------------------

==============================================================================


      Code (inc. data)   RO Data    RW Data    ZI Data      Debug   

     21720        128       1020          8       6724     104195   Grand Totals
     21720        128       1020          8       6724     104195   ELF Image Totals
     21720        128       1020          8          0          0   ROM Totals

==============================================================================

    Total RO  Size (Code + RO Data)                22740 (  22.21kB)
    Total RW  Size (RW Data + ZI Data)              6732 (   6.57kB)
    Total ROM Size (Code + RO Data + RW Data)      22748 (  22.21kB)

==============================================================================

