<!doctype html public "-//w3c//dtd html 4.0 transitional//en">
<html><head>
<title>Static Call Graph - [.\Flash\Blinky.axf]</title></head>
<body><HR>
<H1>Static Call Graph for image .\Flash\Blinky.axf</H1><HR>
<BR><P>#&#060CALLGRAPH&#062# ARM Linker, 6160001: Last Updated: Thu Mar 24 10:52:39 2022
<BR><P>
<H3>Maximum Stack Usage =        272 bytes + Unknown(Cycles, Untraceable Function Pointers)</H3><H3>
Call chain for Maximum Stack Depth:</H3>
prvTimerTask &rArr; prvProcessReceivedCommands &rArr; xQueueReceive &rArr; prvUnlockQueue &rArr; prvNotifyQueueSetContainer &rArr; prvCopyDataToQueue &rArr; xTaskPriorityDisinherit &rArr; EvrFreeRTOSTasks_TaskPriorityDisinherit &rArr; EventRecord2 &rArr; EventRecordItem &rArr; UnlockRecord
<P>
<H3>
Mutually Recursive functions
</H3> <LI><a href="#[85]">atomic_inc32</a>&nbsp;&nbsp;&nbsp;&rArr;&nbsp;&nbsp;&nbsp;<a href="#[85]">atomic_inc32</a><BR>
 <LI><a href="#[2]">HardFault_Handler</a>&nbsp;&nbsp;&nbsp;&rArr;&nbsp;&nbsp;&nbsp;<a href="#[2]">HardFault_Handler</a><BR>
 <LI><a href="#[1]">NMI_Handler</a>&nbsp;&nbsp;&nbsp;&rArr;&nbsp;&nbsp;&nbsp;<a href="#[1]">NMI_Handler</a><BR>
 <LI><a href="#[3]">MemManage_Handler</a>&nbsp;&nbsp;&nbsp;&rArr;&nbsp;&nbsp;&nbsp;<a href="#[3]">MemManage_Handler</a><BR>
 <LI><a href="#[4]">BusFault_Handler</a>&nbsp;&nbsp;&nbsp;&rArr;&nbsp;&nbsp;&nbsp;<a href="#[4]">BusFault_Handler</a><BR>
 <LI><a href="#[5]">UsageFault_Handler</a>&nbsp;&nbsp;&nbsp;&rArr;&nbsp;&nbsp;&nbsp;<a href="#[5]">UsageFault_Handler</a><BR>
 <LI><a href="#[7]">DebugMon_Handler</a>&nbsp;&nbsp;&nbsp;&rArr;&nbsp;&nbsp;&nbsp;<a href="#[7]">DebugMon_Handler</a><BR>
 <LI><a href="#[a]">Interrupt0_Handler</a>&nbsp;&nbsp;&nbsp;&rArr;&nbsp;&nbsp;&nbsp;<a href="#[a]">Interrupt0_Handler</a><BR>
 <LI><a href="#[b]">Interrupt1_Handler</a>&nbsp;&nbsp;&nbsp;&rArr;&nbsp;&nbsp;&nbsp;<a href="#[b]">Interrupt1_Handler</a><BR>
 <LI><a href="#[c]">Interrupt2_Handler</a>&nbsp;&nbsp;&nbsp;&rArr;&nbsp;&nbsp;&nbsp;<a href="#[c]">Interrupt2_Handler</a><BR>
 <LI><a href="#[d]">Interrupt3_Handler</a>&nbsp;&nbsp;&nbsp;&rArr;&nbsp;&nbsp;&nbsp;<a href="#[d]">Interrupt3_Handler</a><BR>
 <LI><a href="#[e]">Interrupt4_Handler</a>&nbsp;&nbsp;&nbsp;&rArr;&nbsp;&nbsp;&nbsp;<a href="#[e]">Interrupt4_Handler</a><BR>
 <LI><a href="#[f]">Interrupt5_Handler</a>&nbsp;&nbsp;&nbsp;&rArr;&nbsp;&nbsp;&nbsp;<a href="#[f]">Interrupt5_Handler</a><BR>
 <LI><a href="#[10]">Interrupt6_Handler</a>&nbsp;&nbsp;&nbsp;&rArr;&nbsp;&nbsp;&nbsp;<a href="#[10]">Interrupt6_Handler</a><BR>
 <LI><a href="#[11]">Interrupt7_Handler</a>&nbsp;&nbsp;&nbsp;&rArr;&nbsp;&nbsp;&nbsp;<a href="#[11]">Interrupt7_Handler</a><BR>
 <LI><a href="#[12]">Interrupt8_Handler</a>&nbsp;&nbsp;&nbsp;&rArr;&nbsp;&nbsp;&nbsp;<a href="#[12]">Interrupt8_Handler</a><BR>
 <LI><a href="#[13]">Interrupt9_Handler</a>&nbsp;&nbsp;&nbsp;&rArr;&nbsp;&nbsp;&nbsp;<a href="#[13]">Interrupt9_Handler</a><BR>
</UL>
<P>
<H3>
Function Pointers
</H3><UL>
 <LI><a href="#[4]">BusFault_Handler</a> from startup_armcm3.o(.text) referenced from startup_armcm3.o(RESET)
 <LI><a href="#[7]">DebugMon_Handler</a> from startup_armcm3.o(.text) referenced from startup_armcm3.o(RESET)
 <LI><a href="#[2]">HardFault_Handler</a> from startup_armcm3.o(.text) referenced from startup_armcm3.o(RESET)
 <LI><a href="#[a]">Interrupt0_Handler</a> from startup_armcm3.o(.text) referenced from startup_armcm3.o(RESET)
 <LI><a href="#[b]">Interrupt1_Handler</a> from startup_armcm3.o(.text) referenced from startup_armcm3.o(RESET)
 <LI><a href="#[c]">Interrupt2_Handler</a> from startup_armcm3.o(.text) referenced from startup_armcm3.o(RESET)
 <LI><a href="#[d]">Interrupt3_Handler</a> from startup_armcm3.o(.text) referenced from startup_armcm3.o(RESET)
 <LI><a href="#[e]">Interrupt4_Handler</a> from startup_armcm3.o(.text) referenced from startup_armcm3.o(RESET)
 <LI><a href="#[f]">Interrupt5_Handler</a> from startup_armcm3.o(.text) referenced from startup_armcm3.o(RESET)
 <LI><a href="#[10]">Interrupt6_Handler</a> from startup_armcm3.o(.text) referenced from startup_armcm3.o(RESET)
 <LI><a href="#[11]">Interrupt7_Handler</a> from startup_armcm3.o(.text) referenced from startup_armcm3.o(RESET)
 <LI><a href="#[12]">Interrupt8_Handler</a> from startup_armcm3.o(.text) referenced from startup_armcm3.o(RESET)
 <LI><a href="#[13]">Interrupt9_Handler</a> from startup_armcm3.o(.text) referenced from startup_armcm3.o(RESET)
 <LI><a href="#[3]">MemManage_Handler</a> from startup_armcm3.o(.text) referenced from startup_armcm3.o(RESET)
 <LI><a href="#[1]">NMI_Handler</a> from startup_armcm3.o(.text) referenced from startup_armcm3.o(RESET)
 <LI><a href="#[8]">PendSV_Handler</a> from port.o(.text) referenced from startup_armcm3.o(RESET)
 <LI><a href="#[0]">Reset_Handler</a> from startup_armcm3.o(.text) referenced from startup_armcm3.o(RESET)
 <LI><a href="#[6]">SVC_Handler</a> from port.o(.text) referenced from startup_armcm3.o(RESET)
 <LI><a href="#[9]">SysTick_Handler</a> from port.o(.text) referenced from startup_armcm3.o(RESET)
 <LI><a href="#[1b]">SystemInit</a> from system_armcm3.o(.text) referenced from startup_armcm3.o(.text)
 <LI><a href="#[5]">UsageFault_Handler</a> from startup_armcm3.o(.text) referenced from startup_armcm3.o(RESET)
 <LI><a href="#[1c]">__main</a> from entry.o(.ARM.Collect$$$$00000000) referenced from startup_armcm3.o(.text)
 <LI><a href="#[1a]">app_main</a> from blinky.o(.text) referenced 2 times from blinky.o(.text)
 <LI><a href="#[19]">clock</a> from blinky.o(.text) referenced 2 times from blinky.o(.text)
 <LI><a href="#[14]">main</a> from blinky.o(.text) referenced from entry9a.o(.ARM.Collect$$$$0000000B)
 <LI><a href="#[15]">phaseA</a> from blinky.o(.text) referenced 2 times from blinky.o(.text)
 <LI><a href="#[16]">phaseB</a> from blinky.o(.text) referenced 2 times from blinky.o(.text)
 <LI><a href="#[17]">phaseC</a> from blinky.o(.text) referenced 2 times from blinky.o(.text)
 <LI><a href="#[18]">phaseD</a> from blinky.o(.text) referenced 2 times from blinky.o(.text)
 <LI><a href="#[1e]">prvIdleTask</a> from tasks.o(.text) referenced 2 times from tasks.o(.text)
 <LI><a href="#[1d]">prvTaskExitError</a> from port.o(.text) referenced 2 times from port.o(.text)
 <LI><a href="#[1f]">prvTimerTask</a> from timers.o(.text) referenced 2 times from timers.o(.text)
</UL>
<P>
<H3>
Global Symbols
</H3>
<P><STRONG><a name="[1c]"></a>__main</STRONG> (Thumb, 0 bytes, Stack size unknown bytes, entry.o(.ARM.Collect$$$$00000000))
<BR>[Address Reference Count : 1]<UL><LI> startup_armcm3.o(.text)
</UL>
<P><STRONG><a name="[129]"></a>_main_stk</STRONG> (Thumb, 0 bytes, Stack size unknown bytes, entry2.o(.ARM.Collect$$$$00000001))

<P><STRONG><a name="[64]"></a>_main_scatterload</STRONG> (Thumb, 0 bytes, Stack size unknown bytes, entry5.o(.ARM.Collect$$$$00000004))
<BR><BR>[Calls]<UL><LI><a href="#[65]">&gt;&gt;</a>&nbsp;&nbsp;&nbsp;__scatterload
</UL>

<P><STRONG><a name="[128]"></a>__main_after_scatterload</STRONG> (Thumb, 0 bytes, Stack size unknown bytes, entry5.o(.ARM.Collect$$$$00000004))
<BR><BR>[Called By]<UL><LI><a href="#[65]">&gt;&gt;</a>&nbsp;&nbsp;&nbsp;__scatterload
</UL>

<P><STRONG><a name="[12a]"></a>_main_clock</STRONG> (Thumb, 0 bytes, Stack size unknown bytes, entry7b.o(.ARM.Collect$$$$00000008))

<P><STRONG><a name="[12b]"></a>_main_cpp_init</STRONG> (Thumb, 0 bytes, Stack size unknown bytes, entry8b.o(.ARM.Collect$$$$0000000A))

<P><STRONG><a name="[12c]"></a>_main_init</STRONG> (Thumb, 0 bytes, Stack size unknown bytes, entry9a.o(.ARM.Collect$$$$0000000B))

<P><STRONG><a name="[12d]"></a>__rt_final_cpp</STRONG> (Thumb, 0 bytes, Stack size unknown bytes, entry10a.o(.ARM.Collect$$$$0000000D))

<P><STRONG><a name="[12e]"></a>__rt_final_exit</STRONG> (Thumb, 0 bytes, Stack size unknown bytes, entry11a.o(.ARM.Collect$$$$0000000F))

<P><STRONG><a name="[66]"></a>signal_func</STRONG> (Thumb, 92 bytes, Stack size 24 bytes, blinky.o(.text))
<BR><BR>[Stack]<UL><LI>Max Depth = 184<LI>Call Chain = signal_func &rArr; vTaskDelay &rArr; xTaskResumeAll &rArr; xTaskIncrementTick &rArr; EvrFreeRTOSTasks_TaskIncrementTick &rArr; EventRecord2 &rArr; EventRecordItem &rArr; UnlockRecord
</UL>
<BR>[Calls]<UL><LI><a href="#[54]">&gt;&gt;</a>&nbsp;&nbsp;&nbsp;xTaskGenericNotify
<LI><a href="#[3a]">&gt;&gt;</a>&nbsp;&nbsp;&nbsp;vTaskDelay
</UL>
<BR>[Called By]<UL><LI><a href="#[18]">&gt;&gt;</a>&nbsp;&nbsp;&nbsp;phaseD
<LI><a href="#[17]">&gt;&gt;</a>&nbsp;&nbsp;&nbsp;phaseC
<LI><a href="#[16]">&gt;&gt;</a>&nbsp;&nbsp;&nbsp;phaseB
<LI><a href="#[15]">&gt;&gt;</a>&nbsp;&nbsp;&nbsp;phaseA
</UL>

<P><STRONG><a name="[15]"></a>phaseA</STRONG> (Thumb, 56 bytes, Stack size 8 bytes, blinky.o(.text))
<BR><BR>[Stack]<UL><LI>Max Depth = 192<LI>Call Chain = phaseA &rArr; signal_func &rArr; vTaskDelay &rArr; xTaskResumeAll &rArr; xTaskIncrementTick &rArr; EvrFreeRTOSTasks_TaskIncrementTick &rArr; EventRecord2 &rArr; EventRecordItem &rArr; UnlockRecord
</UL>
<BR>[Calls]<UL><LI><a href="#[57]">&gt;&gt;</a>&nbsp;&nbsp;&nbsp;xTaskGenericNotifyWait
<LI><a href="#[66]">&gt;&gt;</a>&nbsp;&nbsp;&nbsp;signal_func
</UL>
<BR>[Address Reference Count : 1]<UL><LI> blinky.o(.text)
</UL>
<P><STRONG><a name="[16]"></a>phaseB</STRONG> (Thumb, 56 bytes, Stack size 8 bytes, blinky.o(.text))
<BR><BR>[Stack]<UL><LI>Max Depth = 192<LI>Call Chain = phaseB &rArr; signal_func &rArr; vTaskDelay &rArr; xTaskResumeAll &rArr; xTaskIncrementTick &rArr; EvrFreeRTOSTasks_TaskIncrementTick &rArr; EventRecord2 &rArr; EventRecordItem &rArr; UnlockRecord
</UL>
<BR>[Calls]<UL><LI><a href="#[57]">&gt;&gt;</a>&nbsp;&nbsp;&nbsp;xTaskGenericNotifyWait
<LI><a href="#[66]">&gt;&gt;</a>&nbsp;&nbsp;&nbsp;signal_func
</UL>
<BR>[Address Reference Count : 1]<UL><LI> blinky.o(.text)
</UL>
<P><STRONG><a name="[17]"></a>phaseC</STRONG> (Thumb, 56 bytes, Stack size 8 bytes, blinky.o(.text))
<BR><BR>[Stack]<UL><LI>Max Depth = 192<LI>Call Chain = phaseC &rArr; signal_func &rArr; vTaskDelay &rArr; xTaskResumeAll &rArr; xTaskIncrementTick &rArr; EvrFreeRTOSTasks_TaskIncrementTick &rArr; EventRecord2 &rArr; EventRecordItem &rArr; UnlockRecord
</UL>
<BR>[Calls]<UL><LI><a href="#[57]">&gt;&gt;</a>&nbsp;&nbsp;&nbsp;xTaskGenericNotifyWait
<LI><a href="#[66]">&gt;&gt;</a>&nbsp;&nbsp;&nbsp;signal_func
</UL>
<BR>[Address Reference Count : 1]<UL><LI> blinky.o(.text)
</UL>
<P><STRONG><a name="[18]"></a>phaseD</STRONG> (Thumb, 56 bytes, Stack size 8 bytes, blinky.o(.text))
<BR><BR>[Stack]<UL><LI>Max Depth = 192<LI>Call Chain = phaseD &rArr; signal_func &rArr; vTaskDelay &rArr; xTaskResumeAll &rArr; xTaskIncrementTick &rArr; EvrFreeRTOSTasks_TaskIncrementTick &rArr; EventRecord2 &rArr; EventRecordItem &rArr; UnlockRecord
</UL>
<BR>[Calls]<UL><LI><a href="#[57]">&gt;&gt;</a>&nbsp;&nbsp;&nbsp;xTaskGenericNotifyWait
<LI><a href="#[66]">&gt;&gt;</a>&nbsp;&nbsp;&nbsp;signal_func
</UL>
<BR>[Address Reference Count : 1]<UL><LI> blinky.o(.text)
</UL>
<P><STRONG><a name="[19]"></a>clock</STRONG> (Thumb, 32 bytes, Stack size 8 bytes, blinky.o(.text))
<BR><BR>[Stack]<UL><LI>Max Depth = 168<LI>Call Chain = clock &rArr; vTaskDelay &rArr; xTaskResumeAll &rArr; xTaskIncrementTick &rArr; EvrFreeRTOSTasks_TaskIncrementTick &rArr; EventRecord2 &rArr; EventRecordItem &rArr; UnlockRecord
</UL>
<BR>[Calls]<UL><LI><a href="#[57]">&gt;&gt;</a>&nbsp;&nbsp;&nbsp;xTaskGenericNotifyWait
<LI><a href="#[3a]">&gt;&gt;</a>&nbsp;&nbsp;&nbsp;vTaskDelay
</UL>
<BR>[Address Reference Count : 1]<UL><LI> blinky.o(.text)
</UL>
<P><STRONG><a name="[1a]"></a>app_main</STRONG> (Thumb, 184 bytes, Stack size 8 bytes, blinky.o(.text))
<BR><BR>[Stack]<UL><LI>Max Depth = 232<LI>Call Chain = app_main &rArr; xTaskCreate &rArr; pvPortMalloc &rArr; xTaskResumeAll &rArr; xTaskIncrementTick &rArr; EvrFreeRTOSTasks_TaskIncrementTick &rArr; EventRecord2 &rArr; EventRecordItem &rArr; UnlockRecord
</UL>
<BR>[Calls]<UL><LI><a href="#[54]">&gt;&gt;</a>&nbsp;&nbsp;&nbsp;xTaskGenericNotify
<LI><a href="#[52]">&gt;&gt;</a>&nbsp;&nbsp;&nbsp;xTaskCreate
<LI><a href="#[3a]">&gt;&gt;</a>&nbsp;&nbsp;&nbsp;vTaskDelay
</UL>
<BR>[Address Reference Count : 1]<UL><LI> blinky.o(.text)
</UL>
<P><STRONG><a name="[14]"></a>main</STRONG> (Thumb, 48 bytes, Stack size 8 bytes, blinky.o(.text))
<BR><BR>[Stack]<UL><LI>Max Depth = 264<LI>Call Chain = main &rArr; vTaskStartScheduler &rArr; xTimerCreateTimerTask &rArr; prvCheckForValidListAndQueue &rArr; xQueueGenericCreate &rArr; pvPortMalloc &rArr; xTaskResumeAll &rArr; xTaskIncrementTick &rArr; EvrFreeRTOSTasks_TaskIncrementTick &rArr; EventRecord2 &rArr; EventRecordItem &rArr; UnlockRecord
</UL>
<BR>[Calls]<UL><LI><a href="#[52]">&gt;&gt;</a>&nbsp;&nbsp;&nbsp;xTaskCreate
<LI><a href="#[4a]">&gt;&gt;</a>&nbsp;&nbsp;&nbsp;vTaskStartScheduler
<LI><a href="#[67]">&gt;&gt;</a>&nbsp;&nbsp;&nbsp;SystemCoreClockUpdate
<LI><a href="#[68]">&gt;&gt;</a>&nbsp;&nbsp;&nbsp;EvrFreeRTOSSetup
</UL>
<BR>[Address Reference Count : 1]<UL><LI> entry9a.o(.ARM.Collect$$$$0000000B)
</UL>
<P><STRONG><a name="[6d]"></a>EventRecorderTimerSetup</STRONG> (Thumb, 36 bytes, Stack size 0 bytes, eventrecorder.o(.text))
<BR><BR>[Called By]<UL><LI><a href="#[69]">&gt;&gt;</a>&nbsp;&nbsp;&nbsp;EventRecorderInitialize
</UL>

<P><STRONG><a name="[6e]"></a>EventRecorderTimerGetFreq</STRONG> (Thumb, 12 bytes, Stack size 0 bytes, eventrecorder.o(.text))
<BR><BR>[Called By]<UL><LI><a href="#[69]">&gt;&gt;</a>&nbsp;&nbsp;&nbsp;EventRecorderInitialize
<LI><a href="#[7c]">&gt;&gt;</a>&nbsp;&nbsp;&nbsp;EventRecorderClockUpdate
</UL>

<P><STRONG><a name="[73]"></a>EventRecorderTimerGetCount</STRONG> (Thumb, 12 bytes, Stack size 0 bytes, eventrecorder.o(.text))
<BR><BR>[Called By]<UL><LI><a href="#[70]">&gt;&gt;</a>&nbsp;&nbsp;&nbsp;EventGetTS
</UL>

<P><STRONG><a name="[69]"></a>EventRecorderInitialize</STRONG> (Thumb, 238 bytes, Stack size 24 bytes, eventrecorder.o(.text))
<BR><BR>[Stack]<UL><LI>Max Depth = 80<LI>Call Chain = EventRecorderInitialize &rArr; EventRecorderStart &rArr; EventRecordItem &rArr; UnlockRecord
</UL>
<BR>[Calls]<UL><LI><a href="#[6c]">&gt;&gt;</a>&nbsp;&nbsp;&nbsp;__aeabi_memclr8
<LI><a href="#[6a]">&gt;&gt;</a>&nbsp;&nbsp;&nbsp;__aeabi_memclr4
<LI><a href="#[6d]">&gt;&gt;</a>&nbsp;&nbsp;&nbsp;EventRecorderTimerSetup
<LI><a href="#[6e]">&gt;&gt;</a>&nbsp;&nbsp;&nbsp;EventRecorderTimerGetFreq
<LI><a href="#[72]">&gt;&gt;</a>&nbsp;&nbsp;&nbsp;EventRecorderStart
<LI><a href="#[6f]">&gt;&gt;</a>&nbsp;&nbsp;&nbsp;EventRecorderEnable
<LI><a href="#[6b]">&gt;&gt;</a>&nbsp;&nbsp;&nbsp;crc16_ccitt
<LI><a href="#[71]">&gt;&gt;</a>&nbsp;&nbsp;&nbsp;EventRecordItem
<LI><a href="#[70]">&gt;&gt;</a>&nbsp;&nbsp;&nbsp;EventGetTS
</UL>
<BR>[Called By]<UL><LI><a href="#[68]">&gt;&gt;</a>&nbsp;&nbsp;&nbsp;EvrFreeRTOSSetup
</UL>

<P><STRONG><a name="[6f]"></a>EventRecorderEnable</STRONG> (Thumb, 108 bytes, Stack size 24 bytes, eventrecorder.o(.text))
<BR><BR>[Stack]<UL><LI>Max Depth = 24<LI>Call Chain = EventRecorderEnable
</UL>
<BR>[Called By]<UL><LI><a href="#[69]">&gt;&gt;</a>&nbsp;&nbsp;&nbsp;EventRecorderInitialize
<LI><a href="#[68]">&gt;&gt;</a>&nbsp;&nbsp;&nbsp;EvrFreeRTOSSetup
</UL>

<P><STRONG><a name="[72]"></a>EventRecorderStart</STRONG> (Thumb, 48 bytes, Stack size 8 bytes, eventrecorder.o(.text))
<BR><BR>[Stack]<UL><LI>Max Depth = 56<LI>Call Chain = EventRecorderStart &rArr; EventRecordItem &rArr; UnlockRecord
</UL>
<BR>[Calls]<UL><LI><a href="#[71]">&gt;&gt;</a>&nbsp;&nbsp;&nbsp;EventRecordItem
<LI><a href="#[70]">&gt;&gt;</a>&nbsp;&nbsp;&nbsp;EventGetTS
</UL>
<BR>[Called By]<UL><LI><a href="#[69]">&gt;&gt;</a>&nbsp;&nbsp;&nbsp;EventRecorderInitialize
</UL>

<P><STRONG><a name="[12f]"></a>EventRecorderDisable</STRONG> (Thumb, 108 bytes, Stack size 24 bytes, eventrecorder.o(.text), UNUSED)

<P><STRONG><a name="[7b]"></a>EventRecorderStop</STRONG> (Thumb, 44 bytes, Stack size 8 bytes, eventrecorder.o(.text), UNUSED)
<BR><BR>[Calls]<UL><LI><a href="#[71]">&gt;&gt;</a>&nbsp;&nbsp;&nbsp;EventRecordItem
<LI><a href="#[70]">&gt;&gt;</a>&nbsp;&nbsp;&nbsp;EventGetTS
</UL>

<P><STRONG><a name="[7c]"></a>EventRecorderClockUpdate</STRONG> (Thumb, 42 bytes, Stack size 8 bytes, eventrecorder.o(.text), UNUSED)
<BR><BR>[Calls]<UL><LI><a href="#[6e]">&gt;&gt;</a>&nbsp;&nbsp;&nbsp;EventRecorderTimerGetFreq
<LI><a href="#[71]">&gt;&gt;</a>&nbsp;&nbsp;&nbsp;EventRecordItem
<LI><a href="#[70]">&gt;&gt;</a>&nbsp;&nbsp;&nbsp;EventGetTS
</UL>

<P><STRONG><a name="[7d]"></a>EventRecordData</STRONG> (Thumb, 274 bytes, Stack size 32 bytes, eventrecorder.o(.text), UNUSED)
<BR><BR>[Calls]<UL><LI><a href="#[7f]">&gt;&gt;</a>&nbsp;&nbsp;&nbsp;__aeabi_memcpy
<LI><a href="#[80]">&gt;&gt;</a>&nbsp;&nbsp;&nbsp;GetContext
<LI><a href="#[71]">&gt;&gt;</a>&nbsp;&nbsp;&nbsp;EventRecordItem
<LI><a href="#[70]">&gt;&gt;</a>&nbsp;&nbsp;&nbsp;EventGetTS
<LI><a href="#[7e]">&gt;&gt;</a>&nbsp;&nbsp;&nbsp;EventCheckFilter
</UL>

<P><STRONG><a name="[82]"></a>EventRecord2</STRONG> (Thumb, 54 bytes, Stack size 16 bytes, eventrecorder.o(.text))
<BR><BR>[Stack]<UL><LI>Max Depth = 64<LI>Call Chain = EventRecord2 &rArr; EventRecordItem &rArr; UnlockRecord
</UL>
<BR>[Calls]<UL><LI><a href="#[71]">&gt;&gt;</a>&nbsp;&nbsp;&nbsp;EventRecordItem
<LI><a href="#[70]">&gt;&gt;</a>&nbsp;&nbsp;&nbsp;EventGetTS
<LI><a href="#[7e]">&gt;&gt;</a>&nbsp;&nbsp;&nbsp;EventCheckFilter
</UL>
<BR>[Called By]<UL><LI><a href="#[be]">&gt;&gt;</a>&nbsp;&nbsp;&nbsp;EvrFreeRTOSTimers_TimerExpired
<LI><a href="#[bb]">&gt;&gt;</a>&nbsp;&nbsp;&nbsp;EvrFreeRTOSTimers_TimerCreateFailed
<LI><a href="#[ba]">&gt;&gt;</a>&nbsp;&nbsp;&nbsp;EvrFreeRTOSTimers_TimerCreate
<LI><a href="#[91]">&gt;&gt;</a>&nbsp;&nbsp;&nbsp;EvrFreeRTOSTasks_TaskSwitchedOut
<LI><a href="#[92]">&gt;&gt;</a>&nbsp;&nbsp;&nbsp;EvrFreeRTOSTasks_TaskSwitchedIn
<LI><a href="#[8c]">&gt;&gt;</a>&nbsp;&nbsp;&nbsp;EvrFreeRTOSTasks_TaskSuspend
<LI><a href="#[8e]">&gt;&gt;</a>&nbsp;&nbsp;&nbsp;EvrFreeRTOSTasks_TaskResumeFromIsr
<LI><a href="#[8d]">&gt;&gt;</a>&nbsp;&nbsp;&nbsp;EvrFreeRTOSTasks_TaskResume
<LI><a href="#[8b]">&gt;&gt;</a>&nbsp;&nbsp;&nbsp;EvrFreeRTOSTasks_TaskPrioritySet
<LI><a href="#[93]">&gt;&gt;</a>&nbsp;&nbsp;&nbsp;EvrFreeRTOSTasks_TaskPriorityInherit
<LI><a href="#[94]">&gt;&gt;</a>&nbsp;&nbsp;&nbsp;EvrFreeRTOSTasks_TaskPriorityDisinherit
<LI><a href="#[9b]">&gt;&gt;</a>&nbsp;&nbsp;&nbsp;EvrFreeRTOSTasks_TaskNotifyWaitBlock
<LI><a href="#[9c]">&gt;&gt;</a>&nbsp;&nbsp;&nbsp;EvrFreeRTOSTasks_TaskNotifyWait
<LI><a href="#[99]">&gt;&gt;</a>&nbsp;&nbsp;&nbsp;EvrFreeRTOSTasks_TaskNotifyTakeBlock
<LI><a href="#[9a]">&gt;&gt;</a>&nbsp;&nbsp;&nbsp;EvrFreeRTOSTasks_TaskNotifyTake
<LI><a href="#[8f]">&gt;&gt;</a>&nbsp;&nbsp;&nbsp;EvrFreeRTOSTasks_TaskIncrementTick
<LI><a href="#[88]">&gt;&gt;</a>&nbsp;&nbsp;&nbsp;EvrFreeRTOSTasks_TaskDelete
<LI><a href="#[89]">&gt;&gt;</a>&nbsp;&nbsp;&nbsp;EvrFreeRTOSTasks_TaskDelayUntil
<LI><a href="#[8a]">&gt;&gt;</a>&nbsp;&nbsp;&nbsp;EvrFreeRTOSTasks_TaskDelay
<LI><a href="#[87]">&gt;&gt;</a>&nbsp;&nbsp;&nbsp;EvrFreeRTOSTasks_TaskCreateFailed
<LI><a href="#[86]">&gt;&gt;</a>&nbsp;&nbsp;&nbsp;EvrFreeRTOSTasks_TaskCreate
<LI><a href="#[96]">&gt;&gt;</a>&nbsp;&nbsp;&nbsp;EvrFreeRTOSTasks_PostMovedTaskToReadyState
<LI><a href="#[95]">&gt;&gt;</a>&nbsp;&nbsp;&nbsp;EvrFreeRTOSTasks_MovedTaskToReadyState
<LI><a href="#[98]">&gt;&gt;</a>&nbsp;&nbsp;&nbsp;EvrFreeRTOSTasks_LowPowerIdleEnd
<LI><a href="#[97]">&gt;&gt;</a>&nbsp;&nbsp;&nbsp;EvrFreeRTOSTasks_LowPowerIdleBegin
<LI><a href="#[90]">&gt;&gt;</a>&nbsp;&nbsp;&nbsp;EvrFreeRTOSTasks_IncreaseTickCount
<LI><a href="#[d4]">&gt;&gt;</a>&nbsp;&nbsp;&nbsp;EvrFreeRTOSStreamBuf_StreamBufferSendFromIsr
<LI><a href="#[d3]">&gt;&gt;</a>&nbsp;&nbsp;&nbsp;EvrFreeRTOSStreamBuf_StreamBufferSendFailed
<LI><a href="#[d2]">&gt;&gt;</a>&nbsp;&nbsp;&nbsp;EvrFreeRTOSStreamBuf_StreamBufferSend
<LI><a href="#[d0]">&gt;&gt;</a>&nbsp;&nbsp;&nbsp;EvrFreeRTOSStreamBuf_StreamBufferReset
<LI><a href="#[d8]">&gt;&gt;</a>&nbsp;&nbsp;&nbsp;EvrFreeRTOSStreamBuf_StreamBufferReceiveFromIsr
<LI><a href="#[d7]">&gt;&gt;</a>&nbsp;&nbsp;&nbsp;EvrFreeRTOSStreamBuf_StreamBufferReceiveFailed
<LI><a href="#[d6]">&gt;&gt;</a>&nbsp;&nbsp;&nbsp;EvrFreeRTOSStreamBuf_StreamBufferReceive
<LI><a href="#[cf]">&gt;&gt;</a>&nbsp;&nbsp;&nbsp;EvrFreeRTOSStreamBuf_StreamBufferDelete
<LI><a href="#[cd]">&gt;&gt;</a>&nbsp;&nbsp;&nbsp;EvrFreeRTOSStreamBuf_StreamBufferCreateStaticFailed
<LI><a href="#[cc]">&gt;&gt;</a>&nbsp;&nbsp;&nbsp;EvrFreeRTOSStreamBuf_StreamBufferCreateFailed
<LI><a href="#[ce]">&gt;&gt;</a>&nbsp;&nbsp;&nbsp;EvrFreeRTOSStreamBuf_StreamBufferCreate
<LI><a href="#[d1]">&gt;&gt;</a>&nbsp;&nbsp;&nbsp;EvrFreeRTOSStreamBuf_StreamBufferBlockingOnSend
<LI><a href="#[d5]">&gt;&gt;</a>&nbsp;&nbsp;&nbsp;EvrFreeRTOSStreamBuf_StreamBufferBlockingOnReceive
<LI><a href="#[a7]">&gt;&gt;</a>&nbsp;&nbsp;&nbsp;EvrFreeRTOSQueue_TakeMutexRecursiveFailed
<LI><a href="#[a6]">&gt;&gt;</a>&nbsp;&nbsp;&nbsp;EvrFreeRTOSQueue_TakeMutexRecursive
<LI><a href="#[b2]">&gt;&gt;</a>&nbsp;&nbsp;&nbsp;EvrFreeRTOSQueue_QueueSendFromIsrFailed
<LI><a href="#[b1]">&gt;&gt;</a>&nbsp;&nbsp;&nbsp;EvrFreeRTOSQueue_QueueSendFromIsr
<LI><a href="#[ab]">&gt;&gt;</a>&nbsp;&nbsp;&nbsp;EvrFreeRTOSQueue_QueueSendFailed
<LI><a href="#[aa]">&gt;&gt;</a>&nbsp;&nbsp;&nbsp;EvrFreeRTOSQueue_QueueSend
<LI><a href="#[b7]">&gt;&gt;</a>&nbsp;&nbsp;&nbsp;EvrFreeRTOSQueue_QueueRegistryAdd
<LI><a href="#[b4]">&gt;&gt;</a>&nbsp;&nbsp;&nbsp;EvrFreeRTOSQueue_QueueReceiveFromIsrFailed
<LI><a href="#[b3]">&gt;&gt;</a>&nbsp;&nbsp;&nbsp;EvrFreeRTOSQueue_QueueReceiveFromIsr
<LI><a href="#[b0]">&gt;&gt;</a>&nbsp;&nbsp;&nbsp;EvrFreeRTOSQueue_QueueReceiveFailed
<LI><a href="#[ac]">&gt;&gt;</a>&nbsp;&nbsp;&nbsp;EvrFreeRTOSQueue_QueueReceive
<LI><a href="#[b5]">&gt;&gt;</a>&nbsp;&nbsp;&nbsp;EvrFreeRTOSQueue_QueuePeekFromIsrFailed
<LI><a href="#[af]">&gt;&gt;</a>&nbsp;&nbsp;&nbsp;EvrFreeRTOSQueue_QueuePeekFromIsr
<LI><a href="#[ae]">&gt;&gt;</a>&nbsp;&nbsp;&nbsp;EvrFreeRTOSQueue_QueuePeekFailed
<LI><a href="#[ad]">&gt;&gt;</a>&nbsp;&nbsp;&nbsp;EvrFreeRTOSQueue_QueuePeek
<LI><a href="#[b6]">&gt;&gt;</a>&nbsp;&nbsp;&nbsp;EvrFreeRTOSQueue_QueueDelete
<LI><a href="#[a1]">&gt;&gt;</a>&nbsp;&nbsp;&nbsp;EvrFreeRTOSQueue_QueueCreateFailed
<LI><a href="#[a0]">&gt;&gt;</a>&nbsp;&nbsp;&nbsp;EvrFreeRTOSQueue_QueueCreate
<LI><a href="#[a5]">&gt;&gt;</a>&nbsp;&nbsp;&nbsp;EvrFreeRTOSQueue_GiveMutexRecursiveFailed
<LI><a href="#[a4]">&gt;&gt;</a>&nbsp;&nbsp;&nbsp;EvrFreeRTOSQueue_GiveMutexRecursive
<LI><a href="#[a3]">&gt;&gt;</a>&nbsp;&nbsp;&nbsp;EvrFreeRTOSQueue_CreateMutexFailed
<LI><a href="#[a2]">&gt;&gt;</a>&nbsp;&nbsp;&nbsp;EvrFreeRTOSQueue_CreateMutex
<LI><a href="#[a9]">&gt;&gt;</a>&nbsp;&nbsp;&nbsp;EvrFreeRTOSQueue_CreateCountingSemaphoreFailed
<LI><a href="#[a8]">&gt;&gt;</a>&nbsp;&nbsp;&nbsp;EvrFreeRTOSQueue_CreateCountingSemaphore
<LI><a href="#[b9]">&gt;&gt;</a>&nbsp;&nbsp;&nbsp;EvrFreeRTOSQueue_BlockingOnQueueSend
<LI><a href="#[b8]">&gt;&gt;</a>&nbsp;&nbsp;&nbsp;EvrFreeRTOSQueue_BlockingOnQueueReceive
<LI><a href="#[d9]">&gt;&gt;</a>&nbsp;&nbsp;&nbsp;EvrFreeRTOSHeap_Malloc
<LI><a href="#[da]">&gt;&gt;</a>&nbsp;&nbsp;&nbsp;EvrFreeRTOSHeap_Free
<LI><a href="#[c5]">&gt;&gt;</a>&nbsp;&nbsp;&nbsp;EvrFreeRTOSEventGroups_EventGroupWaitBitsBlock
<LI><a href="#[ca]">&gt;&gt;</a>&nbsp;&nbsp;&nbsp;EvrFreeRTOSEventGroups_EventGroupSetBitsFromIsr
<LI><a href="#[c9]">&gt;&gt;</a>&nbsp;&nbsp;&nbsp;EvrFreeRTOSEventGroups_EventGroupSetBits
<LI><a href="#[cb]">&gt;&gt;</a>&nbsp;&nbsp;&nbsp;EvrFreeRTOSEventGroups_EventGroupDelete
<LI><a href="#[c2]">&gt;&gt;</a>&nbsp;&nbsp;&nbsp;EvrFreeRTOSEventGroups_EventGroupCreateFailed
<LI><a href="#[c1]">&gt;&gt;</a>&nbsp;&nbsp;&nbsp;EvrFreeRTOSEventGroups_EventGroupCreate
<LI><a href="#[c8]">&gt;&gt;</a>&nbsp;&nbsp;&nbsp;EvrFreeRTOSEventGroups_EventGroupClearBitsFromIsr
<LI><a href="#[c7]">&gt;&gt;</a>&nbsp;&nbsp;&nbsp;EvrFreeRTOSEventGroups_EventGroupClearBits
<LI><a href="#[68]">&gt;&gt;</a>&nbsp;&nbsp;&nbsp;EvrFreeRTOSSetup
</UL>

<P><STRONG><a name="[83]"></a>EventRecord4</STRONG> (Thumb, 104 bytes, Stack size 32 bytes, eventrecorder.o(.text))
<BR><BR>[Stack]<UL><LI>Max Depth = 80<LI>Call Chain = EventRecord4 &rArr; EventRecordItem &rArr; UnlockRecord
</UL>
<BR>[Calls]<UL><LI><a href="#[80]">&gt;&gt;</a>&nbsp;&nbsp;&nbsp;GetContext
<LI><a href="#[71]">&gt;&gt;</a>&nbsp;&nbsp;&nbsp;EventRecordItem
<LI><a href="#[70]">&gt;&gt;</a>&nbsp;&nbsp;&nbsp;EventGetTS
<LI><a href="#[7e]">&gt;&gt;</a>&nbsp;&nbsp;&nbsp;EventCheckFilter
</UL>
<BR>[Called By]<UL><LI><a href="#[bc]">&gt;&gt;</a>&nbsp;&nbsp;&nbsp;EvrFreeRTOSTimers_TimerCommandSend
<LI><a href="#[bd]">&gt;&gt;</a>&nbsp;&nbsp;&nbsp;EvrFreeRTOSTimers_TimerCommandReceived
<LI><a href="#[c0]">&gt;&gt;</a>&nbsp;&nbsp;&nbsp;EvrFreeRTOSTimers_PendFuncCallFromIsr
<LI><a href="#[bf]">&gt;&gt;</a>&nbsp;&nbsp;&nbsp;EvrFreeRTOSTimers_PendFuncCall
<LI><a href="#[9f]">&gt;&gt;</a>&nbsp;&nbsp;&nbsp;EvrFreeRTOSTasks_TaskNotifyGiveFromIsr
<LI><a href="#[9e]">&gt;&gt;</a>&nbsp;&nbsp;&nbsp;EvrFreeRTOSTasks_TaskNotifyFromIsr
<LI><a href="#[9d]">&gt;&gt;</a>&nbsp;&nbsp;&nbsp;EvrFreeRTOSTasks_TaskNotify
<LI><a href="#[c6]">&gt;&gt;</a>&nbsp;&nbsp;&nbsp;EvrFreeRTOSEventGroups_EventGroupWaitBitsEnd
<LI><a href="#[c4]">&gt;&gt;</a>&nbsp;&nbsp;&nbsp;EvrFreeRTOSEventGroups_EventGroupSyncEnd
<LI><a href="#[c3]">&gt;&gt;</a>&nbsp;&nbsp;&nbsp;EvrFreeRTOSEventGroups_EventGroupSyncBlock
</UL>

<P><STRONG><a name="[0]"></a>Reset_Handler</STRONG> (Thumb, 8 bytes, Stack size 0 bytes, startup_armcm3.o(.text))
<BR>[Address Reference Count : 1]<UL><LI> startup_armcm3.o(RESET)
</UL>
<P><STRONG><a name="[2]"></a>HardFault_Handler</STRONG> (Thumb, 2 bytes, Stack size 0 bytes, startup_armcm3.o(.text))
<BR><BR>[Calls]<UL><LI><a href="#[2]">&gt;&gt;</a>&nbsp;&nbsp;&nbsp;HardFault_Handler
</UL>
<BR>[Called By]<UL><LI><a href="#[2]">&gt;&gt;</a>&nbsp;&nbsp;&nbsp;HardFault_Handler
</UL>
<BR>[Address Reference Count : 1]<UL><LI> startup_armcm3.o(RESET)
</UL>
<P><STRONG><a name="[1]"></a>NMI_Handler</STRONG> (Thumb, 2 bytes, Stack size 0 bytes, startup_armcm3.o(.text))
<BR><BR>[Calls]<UL><LI><a href="#[1]">&gt;&gt;</a>&nbsp;&nbsp;&nbsp;NMI_Handler
</UL>
<BR>[Called By]<UL><LI><a href="#[1]">&gt;&gt;</a>&nbsp;&nbsp;&nbsp;NMI_Handler
</UL>
<BR>[Address Reference Count : 1]<UL><LI> startup_armcm3.o(RESET)
</UL>
<P><STRONG><a name="[3]"></a>MemManage_Handler</STRONG> (Thumb, 2 bytes, Stack size 0 bytes, startup_armcm3.o(.text))
<BR><BR>[Calls]<UL><LI><a href="#[3]">&gt;&gt;</a>&nbsp;&nbsp;&nbsp;MemManage_Handler
</UL>
<BR>[Called By]<UL><LI><a href="#[3]">&gt;&gt;</a>&nbsp;&nbsp;&nbsp;MemManage_Handler
</UL>
<BR>[Address Reference Count : 1]<UL><LI> startup_armcm3.o(RESET)
</UL>
<P><STRONG><a name="[4]"></a>BusFault_Handler</STRONG> (Thumb, 2 bytes, Stack size 0 bytes, startup_armcm3.o(.text))
<BR><BR>[Calls]<UL><LI><a href="#[4]">&gt;&gt;</a>&nbsp;&nbsp;&nbsp;BusFault_Handler
</UL>
<BR>[Called By]<UL><LI><a href="#[4]">&gt;&gt;</a>&nbsp;&nbsp;&nbsp;BusFault_Handler
</UL>
<BR>[Address Reference Count : 1]<UL><LI> startup_armcm3.o(RESET)
</UL>
<P><STRONG><a name="[5]"></a>UsageFault_Handler</STRONG> (Thumb, 2 bytes, Stack size 0 bytes, startup_armcm3.o(.text))
<BR><BR>[Calls]<UL><LI><a href="#[5]">&gt;&gt;</a>&nbsp;&nbsp;&nbsp;UsageFault_Handler
</UL>
<BR>[Called By]<UL><LI><a href="#[5]">&gt;&gt;</a>&nbsp;&nbsp;&nbsp;UsageFault_Handler
</UL>
<BR>[Address Reference Count : 1]<UL><LI> startup_armcm3.o(RESET)
</UL>
<P><STRONG><a name="[7]"></a>DebugMon_Handler</STRONG> (Thumb, 2 bytes, Stack size 0 bytes, startup_armcm3.o(.text))
<BR><BR>[Calls]<UL><LI><a href="#[7]">&gt;&gt;</a>&nbsp;&nbsp;&nbsp;DebugMon_Handler
</UL>
<BR>[Called By]<UL><LI><a href="#[7]">&gt;&gt;</a>&nbsp;&nbsp;&nbsp;DebugMon_Handler
</UL>
<BR>[Address Reference Count : 1]<UL><LI> startup_armcm3.o(RESET)
</UL>
<P><STRONG><a name="[a]"></a>Interrupt0_Handler</STRONG> (Thumb, 2 bytes, Stack size 0 bytes, startup_armcm3.o(.text))
<BR><BR>[Calls]<UL><LI><a href="#[a]">&gt;&gt;</a>&nbsp;&nbsp;&nbsp;Interrupt0_Handler
</UL>
<BR>[Called By]<UL><LI><a href="#[a]">&gt;&gt;</a>&nbsp;&nbsp;&nbsp;Interrupt0_Handler
</UL>
<BR>[Address Reference Count : 1]<UL><LI> startup_armcm3.o(RESET)
</UL>
<P><STRONG><a name="[b]"></a>Interrupt1_Handler</STRONG> (Thumb, 2 bytes, Stack size 0 bytes, startup_armcm3.o(.text))
<BR><BR>[Calls]<UL><LI><a href="#[b]">&gt;&gt;</a>&nbsp;&nbsp;&nbsp;Interrupt1_Handler
</UL>
<BR>[Called By]<UL><LI><a href="#[b]">&gt;&gt;</a>&nbsp;&nbsp;&nbsp;Interrupt1_Handler
</UL>
<BR>[Address Reference Count : 1]<UL><LI> startup_armcm3.o(RESET)
</UL>
<P><STRONG><a name="[c]"></a>Interrupt2_Handler</STRONG> (Thumb, 2 bytes, Stack size 0 bytes, startup_armcm3.o(.text))
<BR><BR>[Calls]<UL><LI><a href="#[c]">&gt;&gt;</a>&nbsp;&nbsp;&nbsp;Interrupt2_Handler
</UL>
<BR>[Called By]<UL><LI><a href="#[c]">&gt;&gt;</a>&nbsp;&nbsp;&nbsp;Interrupt2_Handler
</UL>
<BR>[Address Reference Count : 1]<UL><LI> startup_armcm3.o(RESET)
</UL>
<P><STRONG><a name="[d]"></a>Interrupt3_Handler</STRONG> (Thumb, 2 bytes, Stack size 0 bytes, startup_armcm3.o(.text))
<BR><BR>[Calls]<UL><LI><a href="#[d]">&gt;&gt;</a>&nbsp;&nbsp;&nbsp;Interrupt3_Handler
</UL>
<BR>[Called By]<UL><LI><a href="#[d]">&gt;&gt;</a>&nbsp;&nbsp;&nbsp;Interrupt3_Handler
</UL>
<BR>[Address Reference Count : 1]<UL><LI> startup_armcm3.o(RESET)
</UL>
<P><STRONG><a name="[e]"></a>Interrupt4_Handler</STRONG> (Thumb, 2 bytes, Stack size 0 bytes, startup_armcm3.o(.text))
<BR><BR>[Calls]<UL><LI><a href="#[e]">&gt;&gt;</a>&nbsp;&nbsp;&nbsp;Interrupt4_Handler
</UL>
<BR>[Called By]<UL><LI><a href="#[e]">&gt;&gt;</a>&nbsp;&nbsp;&nbsp;Interrupt4_Handler
</UL>
<BR>[Address Reference Count : 1]<UL><LI> startup_armcm3.o(RESET)
</UL>
<P><STRONG><a name="[f]"></a>Interrupt5_Handler</STRONG> (Thumb, 2 bytes, Stack size 0 bytes, startup_armcm3.o(.text))
<BR><BR>[Calls]<UL><LI><a href="#[f]">&gt;&gt;</a>&nbsp;&nbsp;&nbsp;Interrupt5_Handler
</UL>
<BR>[Called By]<UL><LI><a href="#[f]">&gt;&gt;</a>&nbsp;&nbsp;&nbsp;Interrupt5_Handler
</UL>
<BR>[Address Reference Count : 1]<UL><LI> startup_armcm3.o(RESET)
</UL>
<P><STRONG><a name="[10]"></a>Interrupt6_Handler</STRONG> (Thumb, 2 bytes, Stack size 0 bytes, startup_armcm3.o(.text))
<BR><BR>[Calls]<UL><LI><a href="#[10]">&gt;&gt;</a>&nbsp;&nbsp;&nbsp;Interrupt6_Handler
</UL>
<BR>[Called By]<UL><LI><a href="#[10]">&gt;&gt;</a>&nbsp;&nbsp;&nbsp;Interrupt6_Handler
</UL>
<BR>[Address Reference Count : 1]<UL><LI> startup_armcm3.o(RESET)
</UL>
<P><STRONG><a name="[11]"></a>Interrupt7_Handler</STRONG> (Thumb, 2 bytes, Stack size 0 bytes, startup_armcm3.o(.text))
<BR><BR>[Calls]<UL><LI><a href="#[11]">&gt;&gt;</a>&nbsp;&nbsp;&nbsp;Interrupt7_Handler
</UL>
<BR>[Called By]<UL><LI><a href="#[11]">&gt;&gt;</a>&nbsp;&nbsp;&nbsp;Interrupt7_Handler
</UL>
<BR>[Address Reference Count : 1]<UL><LI> startup_armcm3.o(RESET)
</UL>
<P><STRONG><a name="[12]"></a>Interrupt8_Handler</STRONG> (Thumb, 2 bytes, Stack size 0 bytes, startup_armcm3.o(.text))
<BR><BR>[Calls]<UL><LI><a href="#[12]">&gt;&gt;</a>&nbsp;&nbsp;&nbsp;Interrupt8_Handler
</UL>
<BR>[Called By]<UL><LI><a href="#[12]">&gt;&gt;</a>&nbsp;&nbsp;&nbsp;Interrupt8_Handler
</UL>
<BR>[Address Reference Count : 1]<UL><LI> startup_armcm3.o(RESET)
</UL>
<P><STRONG><a name="[13]"></a>Interrupt9_Handler</STRONG> (Thumb, 2 bytes, Stack size 0 bytes, startup_armcm3.o(.text))
<BR><BR>[Calls]<UL><LI><a href="#[13]">&gt;&gt;</a>&nbsp;&nbsp;&nbsp;Interrupt9_Handler
</UL>
<BR>[Called By]<UL><LI><a href="#[13]">&gt;&gt;</a>&nbsp;&nbsp;&nbsp;Interrupt9_Handler
</UL>
<BR>[Address Reference Count : 1]<UL><LI> startup_armcm3.o(RESET)
</UL>
<P><STRONG><a name="[67]"></a>SystemCoreClockUpdate</STRONG> (Thumb, 20 bytes, Stack size 0 bytes, system_armcm3.o(.text))
<BR><BR>[Called By]<UL><LI><a href="#[14]">&gt;&gt;</a>&nbsp;&nbsp;&nbsp;main
</UL>

<P><STRONG><a name="[1b]"></a>SystemInit</STRONG> (Thumb, 38 bytes, Stack size 0 bytes, system_armcm3.o(.text))
<BR>[Address Reference Count : 1]<UL><LI> startup_armcm3.o(.text)
</UL>
<P><STRONG><a name="[68]"></a>EvrFreeRTOSSetup</STRONG> (Thumb, 116 bytes, Stack size 8 bytes, freertos_evr.o(.text))
<BR><BR>[Stack]<UL><LI>Max Depth = 88<LI>Call Chain = EvrFreeRTOSSetup &rArr; EventRecorderInitialize &rArr; EventRecorderStart &rArr; EventRecordItem &rArr; UnlockRecord
</UL>
<BR>[Calls]<UL><LI><a href="#[69]">&gt;&gt;</a>&nbsp;&nbsp;&nbsp;EventRecorderInitialize
<LI><a href="#[6f]">&gt;&gt;</a>&nbsp;&nbsp;&nbsp;EventRecorderEnable
<LI><a href="#[82]">&gt;&gt;</a>&nbsp;&nbsp;&nbsp;EventRecord2
</UL>
<BR>[Called By]<UL><LI><a href="#[14]">&gt;&gt;</a>&nbsp;&nbsp;&nbsp;main
</UL>

<P><STRONG><a name="[86]"></a>EvrFreeRTOSTasks_TaskCreate</STRONG> (Thumb, 16 bytes, Stack size 8 bytes, freertos_evr.o(.text))
<BR><BR>[Stack]<UL><LI>Max Depth = 72<LI>Call Chain = EvrFreeRTOSTasks_TaskCreate &rArr; EventRecord2 &rArr; EventRecordItem &rArr; UnlockRecord
</UL>
<BR>[Calls]<UL><LI><a href="#[82]">&gt;&gt;</a>&nbsp;&nbsp;&nbsp;EventRecord2
</UL>
<BR>[Called By]<UL><LI><a href="#[21]">&gt;&gt;</a>&nbsp;&nbsp;&nbsp;prvAddNewTaskToReadyList
</UL>

<P><STRONG><a name="[87]"></a>EvrFreeRTOSTasks_TaskCreateFailed</STRONG> (Thumb, 16 bytes, Stack size 8 bytes, freertos_evr.o(.text), UNUSED)
<BR><BR>[Calls]<UL><LI><a href="#[82]">&gt;&gt;</a>&nbsp;&nbsp;&nbsp;EventRecord2
</UL>

<P><STRONG><a name="[88]"></a>EvrFreeRTOSTasks_TaskDelete</STRONG> (Thumb, 20 bytes, Stack size 8 bytes, freertos_evr.o(.text), UNUSED, KEPT)
<BR><BR>[Stack]<UL><LI>Max Depth = 72<LI>Call Chain = EvrFreeRTOSTasks_TaskDelete &rArr; EventRecord2 &rArr; EventRecordItem &rArr; UnlockRecord
</UL>
<BR>[Calls]<UL><LI><a href="#[82]">&gt;&gt;</a>&nbsp;&nbsp;&nbsp;EventRecord2
</UL>
<BR>[Called By]<UL><LI><a href="#[3b]">&gt;&gt;</a>&nbsp;&nbsp;&nbsp;vTaskDelete
</UL>

<P><STRONG><a name="[89]"></a>EvrFreeRTOSTasks_TaskDelayUntil</STRONG> (Thumb, 20 bytes, Stack size 8 bytes, freertos_evr.o(.text))
<BR><BR>[Stack]<UL><LI>Max Depth = 72<LI>Call Chain = EvrFreeRTOSTasks_TaskDelayUntil &rArr; EventRecord2 &rArr; EventRecordItem &rArr; UnlockRecord
</UL>
<BR>[Calls]<UL><LI><a href="#[82]">&gt;&gt;</a>&nbsp;&nbsp;&nbsp;EventRecord2
</UL>
<BR>[Called By]<UL><LI><a href="#[53]">&gt;&gt;</a>&nbsp;&nbsp;&nbsp;xTaskDelayUntil
<LI><a href="#[42]">&gt;&gt;</a>&nbsp;&nbsp;&nbsp;vTaskPlaceOnEventListRestricted
</UL>

<P><STRONG><a name="[8a]"></a>EvrFreeRTOSTasks_TaskDelay</STRONG> (Thumb, 20 bytes, Stack size 8 bytes, freertos_evr.o(.text))
<BR><BR>[Stack]<UL><LI>Max Depth = 72<LI>Call Chain = EvrFreeRTOSTasks_TaskDelay &rArr; EventRecord2 &rArr; EventRecordItem &rArr; UnlockRecord
</UL>
<BR>[Calls]<UL><LI><a href="#[82]">&gt;&gt;</a>&nbsp;&nbsp;&nbsp;EventRecord2
</UL>
<BR>[Called By]<UL><LI><a href="#[3a]">&gt;&gt;</a>&nbsp;&nbsp;&nbsp;vTaskDelay
</UL>

<P><STRONG><a name="[8b]"></a>EvrFreeRTOSTasks_TaskPrioritySet</STRONG> (Thumb, 20 bytes, Stack size 8 bytes, freertos_evr.o(.text), UNUSED, KEPT)
<BR><BR>[Stack]<UL><LI>Max Depth = 72<LI>Call Chain = EvrFreeRTOSTasks_TaskPrioritySet &rArr; EventRecord2 &rArr; EventRecordItem &rArr; UnlockRecord
</UL>
<BR>[Calls]<UL><LI><a href="#[82]">&gt;&gt;</a>&nbsp;&nbsp;&nbsp;EventRecord2
</UL>
<BR>[Called By]<UL><LI><a href="#[45]">&gt;&gt;</a>&nbsp;&nbsp;&nbsp;vTaskPrioritySet
</UL>

<P><STRONG><a name="[8c]"></a>EvrFreeRTOSTasks_TaskSuspend</STRONG> (Thumb, 20 bytes, Stack size 8 bytes, freertos_evr.o(.text), UNUSED, KEPT)
<BR><BR>[Stack]<UL><LI>Max Depth = 72<LI>Call Chain = EvrFreeRTOSTasks_TaskSuspend &rArr; EventRecord2 &rArr; EventRecordItem &rArr; UnlockRecord
</UL>
<BR>[Calls]<UL><LI><a href="#[82]">&gt;&gt;</a>&nbsp;&nbsp;&nbsp;EventRecord2
</UL>
<BR>[Called By]<UL><LI><a href="#[4c]">&gt;&gt;</a>&nbsp;&nbsp;&nbsp;vTaskSuspend
</UL>

<P><STRONG><a name="[8d]"></a>EvrFreeRTOSTasks_TaskResume</STRONG> (Thumb, 20 bytes, Stack size 8 bytes, freertos_evr.o(.text), UNUSED, KEPT)
<BR><BR>[Stack]<UL><LI>Max Depth = 72<LI>Call Chain = EvrFreeRTOSTasks_TaskResume &rArr; EventRecord2 &rArr; EventRecordItem &rArr; UnlockRecord
</UL>
<BR>[Calls]<UL><LI><a href="#[82]">&gt;&gt;</a>&nbsp;&nbsp;&nbsp;EventRecord2
</UL>
<BR>[Called By]<UL><LI><a href="#[47]">&gt;&gt;</a>&nbsp;&nbsp;&nbsp;vTaskResume
</UL>

<P><STRONG><a name="[8e]"></a>EvrFreeRTOSTasks_TaskResumeFromIsr</STRONG> (Thumb, 20 bytes, Stack size 8 bytes, freertos_evr.o(.text), UNUSED, KEPT)
<BR><BR>[Stack]<UL><LI>Max Depth = 72<LI>Call Chain = EvrFreeRTOSTasks_TaskResumeFromIsr &rArr; EventRecord2 &rArr; EventRecordItem &rArr; UnlockRecord
</UL>
<BR>[Calls]<UL><LI><a href="#[82]">&gt;&gt;</a>&nbsp;&nbsp;&nbsp;EventRecord2
</UL>
<BR>[Called By]<UL><LI><a href="#[63]">&gt;&gt;</a>&nbsp;&nbsp;&nbsp;xTaskResumeFromISR
</UL>

<P><STRONG><a name="[8f]"></a>EvrFreeRTOSTasks_TaskIncrementTick</STRONG> (Thumb, 20 bytes, Stack size 8 bytes, freertos_evr.o(.text))
<BR><BR>[Stack]<UL><LI>Max Depth = 72<LI>Call Chain = EvrFreeRTOSTasks_TaskIncrementTick &rArr; EventRecord2 &rArr; EventRecordItem &rArr; UnlockRecord
</UL>
<BR>[Calls]<UL><LI><a href="#[82]">&gt;&gt;</a>&nbsp;&nbsp;&nbsp;EventRecord2
</UL>
<BR>[Called By]<UL><LI><a href="#[5e]">&gt;&gt;</a>&nbsp;&nbsp;&nbsp;xTaskIncrementTick
</UL>

<P><STRONG><a name="[90]"></a>EvrFreeRTOSTasks_IncreaseTickCount</STRONG> (Thumb, 20 bytes, Stack size 8 bytes, freertos_evr.o(.text))
<BR><BR>[Stack]<UL><LI>Max Depth = 72<LI>Call Chain = EvrFreeRTOSTasks_IncreaseTickCount &rArr; EventRecord2 &rArr; EventRecordItem &rArr; UnlockRecord
</UL>
<BR>[Calls]<UL><LI><a href="#[82]">&gt;&gt;</a>&nbsp;&nbsp;&nbsp;EventRecord2
</UL>
<BR>[Called By]<UL><LI><a href="#[4b]">&gt;&gt;</a>&nbsp;&nbsp;&nbsp;vTaskStepTick
</UL>

<P><STRONG><a name="[91]"></a>EvrFreeRTOSTasks_TaskSwitchedOut</STRONG> (Thumb, 20 bytes, Stack size 8 bytes, freertos_evr.o(.text))
<BR><BR>[Stack]<UL><LI>Max Depth = 72<LI>Call Chain = EvrFreeRTOSTasks_TaskSwitchedOut &rArr; EventRecord2 &rArr; EventRecordItem &rArr; UnlockRecord
</UL>
<BR>[Calls]<UL><LI><a href="#[82]">&gt;&gt;</a>&nbsp;&nbsp;&nbsp;EventRecord2
</UL>
<BR>[Called By]<UL><LI><a href="#[4e]">&gt;&gt;</a>&nbsp;&nbsp;&nbsp;vTaskSwitchContext
</UL>

<P><STRONG><a name="[92]"></a>EvrFreeRTOSTasks_TaskSwitchedIn</STRONG> (Thumb, 20 bytes, Stack size 8 bytes, freertos_evr.o(.text))
<BR><BR>[Stack]<UL><LI>Max Depth = 72<LI>Call Chain = EvrFreeRTOSTasks_TaskSwitchedIn &rArr; EventRecord2 &rArr; EventRecordItem &rArr; UnlockRecord
</UL>
<BR>[Calls]<UL><LI><a href="#[82]">&gt;&gt;</a>&nbsp;&nbsp;&nbsp;EventRecord2
</UL>
<BR>[Called By]<UL><LI><a href="#[4e]">&gt;&gt;</a>&nbsp;&nbsp;&nbsp;vTaskSwitchContext
<LI><a href="#[4a]">&gt;&gt;</a>&nbsp;&nbsp;&nbsp;vTaskStartScheduler
</UL>

<P><STRONG><a name="[93]"></a>EvrFreeRTOSTasks_TaskPriorityInherit</STRONG> (Thumb, 20 bytes, Stack size 8 bytes, freertos_evr.o(.text), UNUSED, KEPT)
<BR><BR>[Stack]<UL><LI>Max Depth = 72<LI>Call Chain = EvrFreeRTOSTasks_TaskPriorityInherit &rArr; EventRecord2 &rArr; EventRecordItem &rArr; UnlockRecord
</UL>
<BR>[Calls]<UL><LI><a href="#[82]">&gt;&gt;</a>&nbsp;&nbsp;&nbsp;EventRecord2
</UL>
<BR>[Called By]<UL><LI><a href="#[60]">&gt;&gt;</a>&nbsp;&nbsp;&nbsp;xTaskPriorityInherit
</UL>

<P><STRONG><a name="[94]"></a>EvrFreeRTOSTasks_TaskPriorityDisinherit</STRONG> (Thumb, 20 bytes, Stack size 8 bytes, freertos_evr.o(.text))
<BR><BR>[Stack]<UL><LI>Max Depth = 72<LI>Call Chain = EvrFreeRTOSTasks_TaskPriorityDisinherit &rArr; EventRecord2 &rArr; EventRecordItem &rArr; UnlockRecord
</UL>
<BR>[Calls]<UL><LI><a href="#[82]">&gt;&gt;</a>&nbsp;&nbsp;&nbsp;EventRecord2
</UL>
<BR>[Called By]<UL><LI><a href="#[5f]">&gt;&gt;</a>&nbsp;&nbsp;&nbsp;xTaskPriorityDisinherit
<LI><a href="#[44]">&gt;&gt;</a>&nbsp;&nbsp;&nbsp;vTaskPriorityDisinheritAfterTimeout
</UL>

<P><STRONG><a name="[95]"></a>EvrFreeRTOSTasks_MovedTaskToReadyState</STRONG> (Thumb, 20 bytes, Stack size 8 bytes, freertos_evr.o(.text))
<BR><BR>[Stack]<UL><LI>Max Depth = 72<LI>Call Chain = EvrFreeRTOSTasks_MovedTaskToReadyState &rArr; EventRecord2 &rArr; EventRecordItem &rArr; UnlockRecord
</UL>
<BR>[Calls]<UL><LI><a href="#[82]">&gt;&gt;</a>&nbsp;&nbsp;&nbsp;EventRecord2
</UL>
<BR>[Called By]<UL><LI><a href="#[63]">&gt;&gt;</a>&nbsp;&nbsp;&nbsp;xTaskResumeFromISR
<LI><a href="#[55]">&gt;&gt;</a>&nbsp;&nbsp;&nbsp;xTaskGenericNotifyFromISR
<LI><a href="#[4f]">&gt;&gt;</a>&nbsp;&nbsp;&nbsp;xTaskAbortDelay
<LI><a href="#[47]">&gt;&gt;</a>&nbsp;&nbsp;&nbsp;vTaskResume
<LI><a href="#[46]">&gt;&gt;</a>&nbsp;&nbsp;&nbsp;vTaskRemoveFromUnorderedEventList
<LI><a href="#[45]">&gt;&gt;</a>&nbsp;&nbsp;&nbsp;vTaskPrioritySet
<LI><a href="#[3d]">&gt;&gt;</a>&nbsp;&nbsp;&nbsp;vTaskGenericNotifyGiveFromISR
<LI><a href="#[21]">&gt;&gt;</a>&nbsp;&nbsp;&nbsp;prvAddNewTaskToReadyList
<LI><a href="#[61]">&gt;&gt;</a>&nbsp;&nbsp;&nbsp;xTaskRemoveFromEventList
<LI><a href="#[60]">&gt;&gt;</a>&nbsp;&nbsp;&nbsp;xTaskPriorityInherit
<LI><a href="#[5f]">&gt;&gt;</a>&nbsp;&nbsp;&nbsp;xTaskPriorityDisinherit
<LI><a href="#[44]">&gt;&gt;</a>&nbsp;&nbsp;&nbsp;vTaskPriorityDisinheritAfterTimeout
<LI><a href="#[62]">&gt;&gt;</a>&nbsp;&nbsp;&nbsp;xTaskResumeAll
<LI><a href="#[5e]">&gt;&gt;</a>&nbsp;&nbsp;&nbsp;xTaskIncrementTick
<LI><a href="#[54]">&gt;&gt;</a>&nbsp;&nbsp;&nbsp;xTaskGenericNotify
</UL>

<P><STRONG><a name="[96]"></a>EvrFreeRTOSTasks_PostMovedTaskToReadyState</STRONG> (Thumb, 20 bytes, Stack size 8 bytes, freertos_evr.o(.text))
<BR><BR>[Stack]<UL><LI>Max Depth = 72<LI>Call Chain = EvrFreeRTOSTasks_PostMovedTaskToReadyState &rArr; EventRecord2 &rArr; EventRecordItem &rArr; UnlockRecord
</UL>
<BR>[Calls]<UL><LI><a href="#[82]">&gt;&gt;</a>&nbsp;&nbsp;&nbsp;EventRecord2
</UL>
<BR>[Called By]<UL><LI><a href="#[63]">&gt;&gt;</a>&nbsp;&nbsp;&nbsp;xTaskResumeFromISR
<LI><a href="#[55]">&gt;&gt;</a>&nbsp;&nbsp;&nbsp;xTaskGenericNotifyFromISR
<LI><a href="#[4f]">&gt;&gt;</a>&nbsp;&nbsp;&nbsp;xTaskAbortDelay
<LI><a href="#[47]">&gt;&gt;</a>&nbsp;&nbsp;&nbsp;vTaskResume
<LI><a href="#[46]">&gt;&gt;</a>&nbsp;&nbsp;&nbsp;vTaskRemoveFromUnorderedEventList
<LI><a href="#[45]">&gt;&gt;</a>&nbsp;&nbsp;&nbsp;vTaskPrioritySet
<LI><a href="#[3d]">&gt;&gt;</a>&nbsp;&nbsp;&nbsp;vTaskGenericNotifyGiveFromISR
<LI><a href="#[21]">&gt;&gt;</a>&nbsp;&nbsp;&nbsp;prvAddNewTaskToReadyList
<LI><a href="#[61]">&gt;&gt;</a>&nbsp;&nbsp;&nbsp;xTaskRemoveFromEventList
<LI><a href="#[60]">&gt;&gt;</a>&nbsp;&nbsp;&nbsp;xTaskPriorityInherit
<LI><a href="#[5f]">&gt;&gt;</a>&nbsp;&nbsp;&nbsp;xTaskPriorityDisinherit
<LI><a href="#[44]">&gt;&gt;</a>&nbsp;&nbsp;&nbsp;vTaskPriorityDisinheritAfterTimeout
<LI><a href="#[62]">&gt;&gt;</a>&nbsp;&nbsp;&nbsp;xTaskResumeAll
<LI><a href="#[5e]">&gt;&gt;</a>&nbsp;&nbsp;&nbsp;xTaskIncrementTick
<LI><a href="#[54]">&gt;&gt;</a>&nbsp;&nbsp;&nbsp;xTaskGenericNotify
</UL>

<P><STRONG><a name="[97]"></a>EvrFreeRTOSTasks_LowPowerIdleBegin</STRONG> (Thumb, 20 bytes, Stack size 8 bytes, freertos_evr.o(.text))
<BR><BR>[Stack]<UL><LI>Max Depth = 72<LI>Call Chain = EvrFreeRTOSTasks_LowPowerIdleBegin &rArr; EventRecord2 &rArr; EventRecordItem &rArr; UnlockRecord
</UL>
<BR>[Calls]<UL><LI><a href="#[82]">&gt;&gt;</a>&nbsp;&nbsp;&nbsp;EventRecord2
</UL>
<BR>[Called By]<UL><LI><a href="#[1e]">&gt;&gt;</a>&nbsp;&nbsp;&nbsp;prvIdleTask
</UL>

<P><STRONG><a name="[98]"></a>EvrFreeRTOSTasks_LowPowerIdleEnd</STRONG> (Thumb, 20 bytes, Stack size 8 bytes, freertos_evr.o(.text))
<BR><BR>[Stack]<UL><LI>Max Depth = 72<LI>Call Chain = EvrFreeRTOSTasks_LowPowerIdleEnd &rArr; EventRecord2 &rArr; EventRecordItem &rArr; UnlockRecord
</UL>
<BR>[Calls]<UL><LI><a href="#[82]">&gt;&gt;</a>&nbsp;&nbsp;&nbsp;EventRecord2
</UL>
<BR>[Called By]<UL><LI><a href="#[1e]">&gt;&gt;</a>&nbsp;&nbsp;&nbsp;prvIdleTask
</UL>

<P><STRONG><a name="[99]"></a>EvrFreeRTOSTasks_TaskNotifyTakeBlock</STRONG> (Thumb, 20 bytes, Stack size 8 bytes, freertos_evr.o(.text), UNUSED, KEPT)
<BR><BR>[Stack]<UL><LI>Max Depth = 72<LI>Call Chain = EvrFreeRTOSTasks_TaskNotifyTakeBlock &rArr; EventRecord2 &rArr; EventRecordItem &rArr; UnlockRecord
</UL>
<BR>[Calls]<UL><LI><a href="#[82]">&gt;&gt;</a>&nbsp;&nbsp;&nbsp;EventRecord2
</UL>
<BR>[Called By]<UL><LI><a href="#[30]">&gt;&gt;</a>&nbsp;&nbsp;&nbsp;ulTaskGenericNotifyTake
</UL>

<P><STRONG><a name="[9a]"></a>EvrFreeRTOSTasks_TaskNotifyTake</STRONG> (Thumb, 20 bytes, Stack size 8 bytes, freertos_evr.o(.text), UNUSED, KEPT)
<BR><BR>[Stack]<UL><LI>Max Depth = 72<LI>Call Chain = EvrFreeRTOSTasks_TaskNotifyTake &rArr; EventRecord2 &rArr; EventRecordItem &rArr; UnlockRecord
</UL>
<BR>[Calls]<UL><LI><a href="#[82]">&gt;&gt;</a>&nbsp;&nbsp;&nbsp;EventRecord2
</UL>
<BR>[Called By]<UL><LI><a href="#[30]">&gt;&gt;</a>&nbsp;&nbsp;&nbsp;ulTaskGenericNotifyTake
</UL>

<P><STRONG><a name="[9b]"></a>EvrFreeRTOSTasks_TaskNotifyWaitBlock</STRONG> (Thumb, 20 bytes, Stack size 8 bytes, freertos_evr.o(.text))
<BR><BR>[Stack]<UL><LI>Max Depth = 72<LI>Call Chain = EvrFreeRTOSTasks_TaskNotifyWaitBlock &rArr; EventRecord2 &rArr; EventRecordItem &rArr; UnlockRecord
</UL>
<BR>[Calls]<UL><LI><a href="#[82]">&gt;&gt;</a>&nbsp;&nbsp;&nbsp;EventRecord2
</UL>
<BR>[Called By]<UL><LI><a href="#[57]">&gt;&gt;</a>&nbsp;&nbsp;&nbsp;xTaskGenericNotifyWait
</UL>

<P><STRONG><a name="[9c]"></a>EvrFreeRTOSTasks_TaskNotifyWait</STRONG> (Thumb, 20 bytes, Stack size 8 bytes, freertos_evr.o(.text))
<BR><BR>[Stack]<UL><LI>Max Depth = 72<LI>Call Chain = EvrFreeRTOSTasks_TaskNotifyWait &rArr; EventRecord2 &rArr; EventRecordItem &rArr; UnlockRecord
</UL>
<BR>[Calls]<UL><LI><a href="#[82]">&gt;&gt;</a>&nbsp;&nbsp;&nbsp;EventRecord2
</UL>
<BR>[Called By]<UL><LI><a href="#[57]">&gt;&gt;</a>&nbsp;&nbsp;&nbsp;xTaskGenericNotifyWait
</UL>

<P><STRONG><a name="[9d]"></a>EvrFreeRTOSTasks_TaskNotify</STRONG> (Thumb, 32 bytes, Stack size 16 bytes, freertos_evr.o(.text))
<BR><BR>[Stack]<UL><LI>Max Depth = 96<LI>Call Chain = EvrFreeRTOSTasks_TaskNotify &rArr; EventRecord4 &rArr; EventRecordItem &rArr; UnlockRecord
</UL>
<BR>[Calls]<UL><LI><a href="#[83]">&gt;&gt;</a>&nbsp;&nbsp;&nbsp;EventRecord4
</UL>
<BR>[Called By]<UL><LI><a href="#[54]">&gt;&gt;</a>&nbsp;&nbsp;&nbsp;xTaskGenericNotify
</UL>

<P><STRONG><a name="[9e]"></a>EvrFreeRTOSTasks_TaskNotifyFromIsr</STRONG> (Thumb, 32 bytes, Stack size 16 bytes, freertos_evr.o(.text), UNUSED, KEPT)
<BR><BR>[Stack]<UL><LI>Max Depth = 96<LI>Call Chain = EvrFreeRTOSTasks_TaskNotifyFromIsr &rArr; EventRecord4 &rArr; EventRecordItem &rArr; UnlockRecord
</UL>
<BR>[Calls]<UL><LI><a href="#[83]">&gt;&gt;</a>&nbsp;&nbsp;&nbsp;EventRecord4
</UL>
<BR>[Called By]<UL><LI><a href="#[55]">&gt;&gt;</a>&nbsp;&nbsp;&nbsp;xTaskGenericNotifyFromISR
</UL>

<P><STRONG><a name="[9f]"></a>EvrFreeRTOSTasks_TaskNotifyGiveFromIsr</STRONG> (Thumb, 34 bytes, Stack size 16 bytes, freertos_evr.o(.text), UNUSED, KEPT)
<BR><BR>[Stack]<UL><LI>Max Depth = 96<LI>Call Chain = EvrFreeRTOSTasks_TaskNotifyGiveFromIsr &rArr; EventRecord4 &rArr; EventRecordItem &rArr; UnlockRecord
</UL>
<BR>[Calls]<UL><LI><a href="#[83]">&gt;&gt;</a>&nbsp;&nbsp;&nbsp;EventRecord4
</UL>
<BR>[Called By]<UL><LI><a href="#[3d]">&gt;&gt;</a>&nbsp;&nbsp;&nbsp;vTaskGenericNotifyGiveFromISR
</UL>

<P><STRONG><a name="[a0]"></a>EvrFreeRTOSQueue_QueueCreate</STRONG> (Thumb, 20 bytes, Stack size 8 bytes, freertos_evr.o(.text))
<BR><BR>[Stack]<UL><LI>Max Depth = 72<LI>Call Chain = EvrFreeRTOSQueue_QueueCreate &rArr; EventRecord2 &rArr; EventRecordItem &rArr; UnlockRecord
</UL>
<BR>[Calls]<UL><LI><a href="#[82]">&gt;&gt;</a>&nbsp;&nbsp;&nbsp;EventRecord2
</UL>
<BR>[Called By]<UL><LI><a href="#[e9]">&gt;&gt;</a>&nbsp;&nbsp;&nbsp;prvInitialiseNewQueue
</UL>

<P><STRONG><a name="[a1]"></a>EvrFreeRTOSQueue_QueueCreateFailed</STRONG> (Thumb, 16 bytes, Stack size 8 bytes, freertos_evr.o(.text))
<BR><BR>[Stack]<UL><LI>Max Depth = 72<LI>Call Chain = EvrFreeRTOSQueue_QueueCreateFailed &rArr; EventRecord2 &rArr; EventRecordItem &rArr; UnlockRecord
</UL>
<BR>[Calls]<UL><LI><a href="#[82]">&gt;&gt;</a>&nbsp;&nbsp;&nbsp;EventRecord2
</UL>
<BR>[Called By]<UL><LI><a href="#[e8]">&gt;&gt;</a>&nbsp;&nbsp;&nbsp;xQueueGenericCreate
</UL>

<P><STRONG><a name="[a2]"></a>EvrFreeRTOSQueue_CreateMutex</STRONG> (Thumb, 20 bytes, Stack size 8 bytes, freertos_evr.o(.text), UNUSED)
<BR><BR>[Calls]<UL><LI><a href="#[82]">&gt;&gt;</a>&nbsp;&nbsp;&nbsp;EventRecord2
</UL>
<BR>[Called By]<UL><LI><a href="#[eb]">&gt;&gt;</a>&nbsp;&nbsp;&nbsp;prvInitialiseMutex
</UL>

<P><STRONG><a name="[a3]"></a>EvrFreeRTOSQueue_CreateMutexFailed</STRONG> (Thumb, 16 bytes, Stack size 8 bytes, freertos_evr.o(.text), UNUSED)
<BR><BR>[Calls]<UL><LI><a href="#[82]">&gt;&gt;</a>&nbsp;&nbsp;&nbsp;EventRecord2
</UL>
<BR>[Called By]<UL><LI><a href="#[eb]">&gt;&gt;</a>&nbsp;&nbsp;&nbsp;prvInitialiseMutex
</UL>

<P><STRONG><a name="[a4]"></a>EvrFreeRTOSQueue_GiveMutexRecursive</STRONG> (Thumb, 20 bytes, Stack size 8 bytes, freertos_evr.o(.text), UNUSED)
<BR><BR>[Calls]<UL><LI><a href="#[82]">&gt;&gt;</a>&nbsp;&nbsp;&nbsp;EventRecord2
</UL>
<BR>[Called By]<UL><LI><a href="#[ee]">&gt;&gt;</a>&nbsp;&nbsp;&nbsp;xQueueGiveMutexRecursive
</UL>

<P><STRONG><a name="[a5]"></a>EvrFreeRTOSQueue_GiveMutexRecursiveFailed</STRONG> (Thumb, 16 bytes, Stack size 8 bytes, freertos_evr.o(.text), UNUSED)
<BR><BR>[Calls]<UL><LI><a href="#[82]">&gt;&gt;</a>&nbsp;&nbsp;&nbsp;EventRecord2
</UL>
<BR>[Called By]<UL><LI><a href="#[ee]">&gt;&gt;</a>&nbsp;&nbsp;&nbsp;xQueueGiveMutexRecursive
</UL>

<P><STRONG><a name="[a6]"></a>EvrFreeRTOSQueue_TakeMutexRecursive</STRONG> (Thumb, 20 bytes, Stack size 8 bytes, freertos_evr.o(.text), UNUSED)
<BR><BR>[Calls]<UL><LI><a href="#[82]">&gt;&gt;</a>&nbsp;&nbsp;&nbsp;EventRecord2
</UL>
<BR>[Called By]<UL><LI><a href="#[f3]">&gt;&gt;</a>&nbsp;&nbsp;&nbsp;xQueueTakeMutexRecursive
</UL>

<P><STRONG><a name="[a7]"></a>EvrFreeRTOSQueue_TakeMutexRecursiveFailed</STRONG> (Thumb, 16 bytes, Stack size 8 bytes, freertos_evr.o(.text), UNUSED)
<BR><BR>[Calls]<UL><LI><a href="#[82]">&gt;&gt;</a>&nbsp;&nbsp;&nbsp;EventRecord2
</UL>
<BR>[Called By]<UL><LI><a href="#[f3]">&gt;&gt;</a>&nbsp;&nbsp;&nbsp;xQueueTakeMutexRecursive
</UL>

<P><STRONG><a name="[a8]"></a>EvrFreeRTOSQueue_CreateCountingSemaphore</STRONG> (Thumb, 20 bytes, Stack size 8 bytes, freertos_evr.o(.text), UNUSED)
<BR><BR>[Calls]<UL><LI><a href="#[82]">&gt;&gt;</a>&nbsp;&nbsp;&nbsp;EventRecord2
</UL>
<BR>[Called By]<UL><LI><a href="#[f7]">&gt;&gt;</a>&nbsp;&nbsp;&nbsp;xQueueCreateCountingSemaphore
</UL>

<P><STRONG><a name="[a9]"></a>EvrFreeRTOSQueue_CreateCountingSemaphoreFailed</STRONG> (Thumb, 16 bytes, Stack size 8 bytes, freertos_evr.o(.text), UNUSED)
<BR><BR>[Calls]<UL><LI><a href="#[82]">&gt;&gt;</a>&nbsp;&nbsp;&nbsp;EventRecord2
</UL>
<BR>[Called By]<UL><LI><a href="#[f7]">&gt;&gt;</a>&nbsp;&nbsp;&nbsp;xQueueCreateCountingSemaphore
</UL>

<P><STRONG><a name="[aa]"></a>EvrFreeRTOSQueue_QueueSend</STRONG> (Thumb, 20 bytes, Stack size 8 bytes, freertos_evr.o(.text))
<BR><BR>[Stack]<UL><LI>Max Depth = 72<LI>Call Chain = EvrFreeRTOSQueue_QueueSend &rArr; EventRecord2 &rArr; EventRecordItem &rArr; UnlockRecord
</UL>
<BR>[Calls]<UL><LI><a href="#[82]">&gt;&gt;</a>&nbsp;&nbsp;&nbsp;EventRecord2
</UL>
<BR>[Called By]<UL><LI><a href="#[ec]">&gt;&gt;</a>&nbsp;&nbsp;&nbsp;xQueueGenericSend
<LI><a href="#[f2]">&gt;&gt;</a>&nbsp;&nbsp;&nbsp;prvNotifyQueueSetContainer
</UL>

<P><STRONG><a name="[ab]"></a>EvrFreeRTOSQueue_QueueSendFailed</STRONG> (Thumb, 16 bytes, Stack size 8 bytes, freertos_evr.o(.text), UNUSED)
<BR><BR>[Calls]<UL><LI><a href="#[82]">&gt;&gt;</a>&nbsp;&nbsp;&nbsp;EventRecord2
</UL>
<BR>[Called By]<UL><LI><a href="#[ec]">&gt;&gt;</a>&nbsp;&nbsp;&nbsp;xQueueGenericSend
</UL>

<P><STRONG><a name="[ac]"></a>EvrFreeRTOSQueue_QueueReceive</STRONG> (Thumb, 20 bytes, Stack size 8 bytes, freertos_evr.o(.text))
<BR><BR>[Stack]<UL><LI>Max Depth = 72<LI>Call Chain = EvrFreeRTOSQueue_QueueReceive &rArr; EventRecord2 &rArr; EventRecordItem &rArr; UnlockRecord
</UL>
<BR>[Calls]<UL><LI><a href="#[82]">&gt;&gt;</a>&nbsp;&nbsp;&nbsp;EventRecord2
</UL>
<BR>[Called By]<UL><LI><a href="#[f4]">&gt;&gt;</a>&nbsp;&nbsp;&nbsp;xQueueSemaphoreTake
<LI><a href="#[fb]">&gt;&gt;</a>&nbsp;&nbsp;&nbsp;xQueueReceive
</UL>

<P><STRONG><a name="[ad]"></a>EvrFreeRTOSQueue_QueuePeek</STRONG> (Thumb, 20 bytes, Stack size 8 bytes, freertos_evr.o(.text), UNUSED)
<BR><BR>[Calls]<UL><LI><a href="#[82]">&gt;&gt;</a>&nbsp;&nbsp;&nbsp;EventRecord2
</UL>
<BR>[Called By]<UL><LI><a href="#[fd]">&gt;&gt;</a>&nbsp;&nbsp;&nbsp;xQueuePeek
</UL>

<P><STRONG><a name="[ae]"></a>EvrFreeRTOSQueue_QueuePeekFailed</STRONG> (Thumb, 16 bytes, Stack size 8 bytes, freertos_evr.o(.text), UNUSED)
<BR><BR>[Calls]<UL><LI><a href="#[82]">&gt;&gt;</a>&nbsp;&nbsp;&nbsp;EventRecord2
</UL>
<BR>[Called By]<UL><LI><a href="#[fd]">&gt;&gt;</a>&nbsp;&nbsp;&nbsp;xQueuePeek
</UL>

<P><STRONG><a name="[af]"></a>EvrFreeRTOSQueue_QueuePeekFromIsr</STRONG> (Thumb, 20 bytes, Stack size 8 bytes, freertos_evr.o(.text), UNUSED)
<BR><BR>[Calls]<UL><LI><a href="#[82]">&gt;&gt;</a>&nbsp;&nbsp;&nbsp;EventRecord2
</UL>
<BR>[Called By]<UL><LI><a href="#[ff]">&gt;&gt;</a>&nbsp;&nbsp;&nbsp;xQueuePeekFromISR
</UL>

<P><STRONG><a name="[b0]"></a>EvrFreeRTOSQueue_QueueReceiveFailed</STRONG> (Thumb, 16 bytes, Stack size 8 bytes, freertos_evr.o(.text))
<BR><BR>[Stack]<UL><LI>Max Depth = 72<LI>Call Chain = EvrFreeRTOSQueue_QueueReceiveFailed &rArr; EventRecord2 &rArr; EventRecordItem &rArr; UnlockRecord
</UL>
<BR>[Calls]<UL><LI><a href="#[82]">&gt;&gt;</a>&nbsp;&nbsp;&nbsp;EventRecord2
</UL>
<BR>[Called By]<UL><LI><a href="#[f4]">&gt;&gt;</a>&nbsp;&nbsp;&nbsp;xQueueSemaphoreTake
<LI><a href="#[fb]">&gt;&gt;</a>&nbsp;&nbsp;&nbsp;xQueueReceive
</UL>

<P><STRONG><a name="[b1]"></a>EvrFreeRTOSQueue_QueueSendFromIsr</STRONG> (Thumb, 20 bytes, Stack size 8 bytes, freertos_evr.o(.text), UNUSED)
<BR><BR>[Calls]<UL><LI><a href="#[82]">&gt;&gt;</a>&nbsp;&nbsp;&nbsp;EventRecord2
</UL>
<BR>[Called By]<UL><LI><a href="#[fa]">&gt;&gt;</a>&nbsp;&nbsp;&nbsp;xQueueGiveFromISR
<LI><a href="#[f8]">&gt;&gt;</a>&nbsp;&nbsp;&nbsp;xQueueGenericSendFromISR
</UL>

<P><STRONG><a name="[b2]"></a>EvrFreeRTOSQueue_QueueSendFromIsrFailed</STRONG> (Thumb, 16 bytes, Stack size 8 bytes, freertos_evr.o(.text), UNUSED)
<BR><BR>[Calls]<UL><LI><a href="#[82]">&gt;&gt;</a>&nbsp;&nbsp;&nbsp;EventRecord2
</UL>
<BR>[Called By]<UL><LI><a href="#[fa]">&gt;&gt;</a>&nbsp;&nbsp;&nbsp;xQueueGiveFromISR
<LI><a href="#[f8]">&gt;&gt;</a>&nbsp;&nbsp;&nbsp;xQueueGenericSendFromISR
</UL>

<P><STRONG><a name="[b3]"></a>EvrFreeRTOSQueue_QueueReceiveFromIsr</STRONG> (Thumb, 20 bytes, Stack size 8 bytes, freertos_evr.o(.text), UNUSED)
<BR><BR>[Calls]<UL><LI><a href="#[82]">&gt;&gt;</a>&nbsp;&nbsp;&nbsp;EventRecord2
</UL>
<BR>[Called By]<UL><LI><a href="#[fe]">&gt;&gt;</a>&nbsp;&nbsp;&nbsp;xQueueReceiveFromISR
</UL>

<P><STRONG><a name="[b4]"></a>EvrFreeRTOSQueue_QueueReceiveFromIsrFailed</STRONG> (Thumb, 16 bytes, Stack size 8 bytes, freertos_evr.o(.text), UNUSED)
<BR><BR>[Calls]<UL><LI><a href="#[82]">&gt;&gt;</a>&nbsp;&nbsp;&nbsp;EventRecord2
</UL>
<BR>[Called By]<UL><LI><a href="#[fe]">&gt;&gt;</a>&nbsp;&nbsp;&nbsp;xQueueReceiveFromISR
</UL>

<P><STRONG><a name="[b5]"></a>EvrFreeRTOSQueue_QueuePeekFromIsrFailed</STRONG> (Thumb, 16 bytes, Stack size 8 bytes, freertos_evr.o(.text), UNUSED)
<BR><BR>[Calls]<UL><LI><a href="#[82]">&gt;&gt;</a>&nbsp;&nbsp;&nbsp;EventRecord2
</UL>
<BR>[Called By]<UL><LI><a href="#[ff]">&gt;&gt;</a>&nbsp;&nbsp;&nbsp;xQueuePeekFromISR
</UL>

<P><STRONG><a name="[b6]"></a>EvrFreeRTOSQueue_QueueDelete</STRONG> (Thumb, 20 bytes, Stack size 8 bytes, freertos_evr.o(.text), UNUSED)
<BR><BR>[Calls]<UL><LI><a href="#[82]">&gt;&gt;</a>&nbsp;&nbsp;&nbsp;EventRecord2
</UL>
<BR>[Called By]<UL><LI><a href="#[102]">&gt;&gt;</a>&nbsp;&nbsp;&nbsp;vQueueDelete
</UL>

<P><STRONG><a name="[b7]"></a>EvrFreeRTOSQueue_QueueRegistryAdd</STRONG> (Thumb, 20 bytes, Stack size 8 bytes, freertos_evr.o(.text), UNUSED)
<BR><BR>[Calls]<UL><LI><a href="#[82]">&gt;&gt;</a>&nbsp;&nbsp;&nbsp;EventRecord2
</UL>

<P><STRONG><a name="[b8]"></a>EvrFreeRTOSQueue_BlockingOnQueueReceive</STRONG> (Thumb, 20 bytes, Stack size 8 bytes, freertos_evr.o(.text))
<BR><BR>[Stack]<UL><LI>Max Depth = 72<LI>Call Chain = EvrFreeRTOSQueue_BlockingOnQueueReceive &rArr; EventRecord2 &rArr; EventRecordItem &rArr; UnlockRecord
</UL>
<BR>[Calls]<UL><LI><a href="#[82]">&gt;&gt;</a>&nbsp;&nbsp;&nbsp;EventRecord2
</UL>
<BR>[Called By]<UL><LI><a href="#[f4]">&gt;&gt;</a>&nbsp;&nbsp;&nbsp;xQueueSemaphoreTake
<LI><a href="#[fb]">&gt;&gt;</a>&nbsp;&nbsp;&nbsp;xQueueReceive
</UL>

<P><STRONG><a name="[b9]"></a>EvrFreeRTOSQueue_BlockingOnQueueSend</STRONG> (Thumb, 20 bytes, Stack size 8 bytes, freertos_evr.o(.text), UNUSED)
<BR><BR>[Calls]<UL><LI><a href="#[82]">&gt;&gt;</a>&nbsp;&nbsp;&nbsp;EventRecord2
</UL>
<BR>[Called By]<UL><LI><a href="#[ec]">&gt;&gt;</a>&nbsp;&nbsp;&nbsp;xQueueGenericSend
</UL>

<P><STRONG><a name="[ba]"></a>EvrFreeRTOSTimers_TimerCreate</STRONG> (Thumb, 20 bytes, Stack size 8 bytes, freertos_evr.o(.text), UNUSED)
<BR><BR>[Calls]<UL><LI><a href="#[82]">&gt;&gt;</a>&nbsp;&nbsp;&nbsp;EventRecord2
</UL>
<BR>[Called By]<UL><LI><a href="#[117]">&gt;&gt;</a>&nbsp;&nbsp;&nbsp;prvInitialiseNewTimer
</UL>

<P><STRONG><a name="[bb]"></a>EvrFreeRTOSTimers_TimerCreateFailed</STRONG> (Thumb, 16 bytes, Stack size 8 bytes, freertos_evr.o(.text), UNUSED)
<BR><BR>[Calls]<UL><LI><a href="#[82]">&gt;&gt;</a>&nbsp;&nbsp;&nbsp;EventRecord2
</UL>

<P><STRONG><a name="[bc]"></a>EvrFreeRTOSTimers_TimerCommandSend</STRONG> (Thumb, 32 bytes, Stack size 16 bytes, freertos_evr.o(.text), UNUSED)
<BR><BR>[Calls]<UL><LI><a href="#[83]">&gt;&gt;</a>&nbsp;&nbsp;&nbsp;EventRecord4
</UL>
<BR>[Called By]<UL><LI><a href="#[118]">&gt;&gt;</a>&nbsp;&nbsp;&nbsp;xTimerGenericCommand
</UL>

<P><STRONG><a name="[bd]"></a>EvrFreeRTOSTimers_TimerCommandReceived</STRONG> (Thumb, 34 bytes, Stack size 16 bytes, freertos_evr.o(.text))
<BR><BR>[Stack]<UL><LI>Max Depth = 96<LI>Call Chain = EvrFreeRTOSTimers_TimerCommandReceived &rArr; EventRecord4 &rArr; EventRecordItem &rArr; UnlockRecord
</UL>
<BR>[Calls]<UL><LI><a href="#[83]">&gt;&gt;</a>&nbsp;&nbsp;&nbsp;EventRecord4
</UL>
<BR>[Called By]<UL><LI><a href="#[115]">&gt;&gt;</a>&nbsp;&nbsp;&nbsp;prvProcessReceivedCommands
</UL>

<P><STRONG><a name="[be]"></a>EvrFreeRTOSTimers_TimerExpired</STRONG> (Thumb, 20 bytes, Stack size 8 bytes, freertos_evr.o(.text))
<BR><BR>[Stack]<UL><LI>Max Depth = 72<LI>Call Chain = EvrFreeRTOSTimers_TimerExpired &rArr; EventRecord2 &rArr; EventRecordItem &rArr; UnlockRecord
</UL>
<BR>[Calls]<UL><LI><a href="#[82]">&gt;&gt;</a>&nbsp;&nbsp;&nbsp;EventRecord2
</UL>
<BR>[Called By]<UL><LI><a href="#[123]">&gt;&gt;</a>&nbsp;&nbsp;&nbsp;prvReloadTimer
<LI><a href="#[115]">&gt;&gt;</a>&nbsp;&nbsp;&nbsp;prvProcessReceivedCommands
<LI><a href="#[121]">&gt;&gt;</a>&nbsp;&nbsp;&nbsp;prvProcessExpiredTimer
</UL>

<P><STRONG><a name="[bf]"></a>EvrFreeRTOSTimers_PendFuncCall</STRONG> (Thumb, 32 bytes, Stack size 16 bytes, freertos_evr.o(.text), UNUSED)
<BR><BR>[Calls]<UL><LI><a href="#[83]">&gt;&gt;</a>&nbsp;&nbsp;&nbsp;EventRecord4
</UL>
<BR>[Called By]<UL><LI><a href="#[11f]">&gt;&gt;</a>&nbsp;&nbsp;&nbsp;xTimerPendFunctionCall
</UL>

<P><STRONG><a name="[c0]"></a>EvrFreeRTOSTimers_PendFuncCallFromIsr</STRONG> (Thumb, 32 bytes, Stack size 16 bytes, freertos_evr.o(.text), UNUSED)
<BR><BR>[Calls]<UL><LI><a href="#[83]">&gt;&gt;</a>&nbsp;&nbsp;&nbsp;EventRecord4
</UL>
<BR>[Called By]<UL><LI><a href="#[11e]">&gt;&gt;</a>&nbsp;&nbsp;&nbsp;xTimerPendFunctionCallFromISR
</UL>

<P><STRONG><a name="[c1]"></a>EvrFreeRTOSEventGroups_EventGroupCreate</STRONG> (Thumb, 20 bytes, Stack size 8 bytes, freertos_evr.o(.text), UNUSED)
<BR><BR>[Calls]<UL><LI><a href="#[82]">&gt;&gt;</a>&nbsp;&nbsp;&nbsp;EventRecord2
</UL>

<P><STRONG><a name="[c2]"></a>EvrFreeRTOSEventGroups_EventGroupCreateFailed</STRONG> (Thumb, 16 bytes, Stack size 8 bytes, freertos_evr.o(.text), UNUSED)
<BR><BR>[Calls]<UL><LI><a href="#[82]">&gt;&gt;</a>&nbsp;&nbsp;&nbsp;EventRecord2
</UL>

<P><STRONG><a name="[c3]"></a>EvrFreeRTOSEventGroups_EventGroupSyncBlock</STRONG> (Thumb, 34 bytes, Stack size 16 bytes, freertos_evr.o(.text), UNUSED)
<BR><BR>[Calls]<UL><LI><a href="#[83]">&gt;&gt;</a>&nbsp;&nbsp;&nbsp;EventRecord4
</UL>

<P><STRONG><a name="[c4]"></a>EvrFreeRTOSEventGroups_EventGroupSyncEnd</STRONG> (Thumb, 32 bytes, Stack size 16 bytes, freertos_evr.o(.text), UNUSED)
<BR><BR>[Calls]<UL><LI><a href="#[83]">&gt;&gt;</a>&nbsp;&nbsp;&nbsp;EventRecord4
</UL>

<P><STRONG><a name="[c5]"></a>EvrFreeRTOSEventGroups_EventGroupWaitBitsBlock</STRONG> (Thumb, 20 bytes, Stack size 8 bytes, freertos_evr.o(.text), UNUSED)
<BR><BR>[Calls]<UL><LI><a href="#[82]">&gt;&gt;</a>&nbsp;&nbsp;&nbsp;EventRecord2
</UL>

<P><STRONG><a name="[c6]"></a>EvrFreeRTOSEventGroups_EventGroupWaitBitsEnd</STRONG> (Thumb, 34 bytes, Stack size 16 bytes, freertos_evr.o(.text), UNUSED)
<BR><BR>[Calls]<UL><LI><a href="#[83]">&gt;&gt;</a>&nbsp;&nbsp;&nbsp;EventRecord4
</UL>

<P><STRONG><a name="[c7]"></a>EvrFreeRTOSEventGroups_EventGroupClearBits</STRONG> (Thumb, 20 bytes, Stack size 8 bytes, freertos_evr.o(.text), UNUSED)
<BR><BR>[Calls]<UL><LI><a href="#[82]">&gt;&gt;</a>&nbsp;&nbsp;&nbsp;EventRecord2
</UL>

<P><STRONG><a name="[c8]"></a>EvrFreeRTOSEventGroups_EventGroupClearBitsFromIsr</STRONG> (Thumb, 20 bytes, Stack size 8 bytes, freertos_evr.o(.text), UNUSED)
<BR><BR>[Calls]<UL><LI><a href="#[82]">&gt;&gt;</a>&nbsp;&nbsp;&nbsp;EventRecord2
</UL>

<P><STRONG><a name="[c9]"></a>EvrFreeRTOSEventGroups_EventGroupSetBits</STRONG> (Thumb, 20 bytes, Stack size 8 bytes, freertos_evr.o(.text), UNUSED)
<BR><BR>[Calls]<UL><LI><a href="#[82]">&gt;&gt;</a>&nbsp;&nbsp;&nbsp;EventRecord2
</UL>

<P><STRONG><a name="[ca]"></a>EvrFreeRTOSEventGroups_EventGroupSetBitsFromIsr</STRONG> (Thumb, 20 bytes, Stack size 8 bytes, freertos_evr.o(.text), UNUSED)
<BR><BR>[Calls]<UL><LI><a href="#[82]">&gt;&gt;</a>&nbsp;&nbsp;&nbsp;EventRecord2
</UL>

<P><STRONG><a name="[cb]"></a>EvrFreeRTOSEventGroups_EventGroupDelete</STRONG> (Thumb, 20 bytes, Stack size 8 bytes, freertos_evr.o(.text), UNUSED)
<BR><BR>[Calls]<UL><LI><a href="#[82]">&gt;&gt;</a>&nbsp;&nbsp;&nbsp;EventRecord2
</UL>

<P><STRONG><a name="[cc]"></a>EvrFreeRTOSStreamBuf_StreamBufferCreateFailed</STRONG> (Thumb, 20 bytes, Stack size 8 bytes, freertos_evr.o(.text), UNUSED)
<BR><BR>[Calls]<UL><LI><a href="#[82]">&gt;&gt;</a>&nbsp;&nbsp;&nbsp;EventRecord2
</UL>

<P><STRONG><a name="[cd]"></a>EvrFreeRTOSStreamBuf_StreamBufferCreateStaticFailed</STRONG> (Thumb, 16 bytes, Stack size 8 bytes, freertos_evr.o(.text), UNUSED)
<BR><BR>[Calls]<UL><LI><a href="#[82]">&gt;&gt;</a>&nbsp;&nbsp;&nbsp;EventRecord2
</UL>

<P><STRONG><a name="[ce]"></a>EvrFreeRTOSStreamBuf_StreamBufferCreate</STRONG> (Thumb, 20 bytes, Stack size 8 bytes, freertos_evr.o(.text), UNUSED)
<BR><BR>[Calls]<UL><LI><a href="#[82]">&gt;&gt;</a>&nbsp;&nbsp;&nbsp;EventRecord2
</UL>

<P><STRONG><a name="[cf]"></a>EvrFreeRTOSStreamBuf_StreamBufferDelete</STRONG> (Thumb, 20 bytes, Stack size 8 bytes, freertos_evr.o(.text), UNUSED)
<BR><BR>[Calls]<UL><LI><a href="#[82]">&gt;&gt;</a>&nbsp;&nbsp;&nbsp;EventRecord2
</UL>

<P><STRONG><a name="[d0]"></a>EvrFreeRTOSStreamBuf_StreamBufferReset</STRONG> (Thumb, 20 bytes, Stack size 8 bytes, freertos_evr.o(.text), UNUSED)
<BR><BR>[Calls]<UL><LI><a href="#[82]">&gt;&gt;</a>&nbsp;&nbsp;&nbsp;EventRecord2
</UL>

<P><STRONG><a name="[d1]"></a>EvrFreeRTOSStreamBuf_StreamBufferBlockingOnSend</STRONG> (Thumb, 20 bytes, Stack size 8 bytes, freertos_evr.o(.text), UNUSED)
<BR><BR>[Calls]<UL><LI><a href="#[82]">&gt;&gt;</a>&nbsp;&nbsp;&nbsp;EventRecord2
</UL>

<P><STRONG><a name="[d2]"></a>EvrFreeRTOSStreamBuf_StreamBufferSend</STRONG> (Thumb, 20 bytes, Stack size 8 bytes, freertos_evr.o(.text), UNUSED)
<BR><BR>[Calls]<UL><LI><a href="#[82]">&gt;&gt;</a>&nbsp;&nbsp;&nbsp;EventRecord2
</UL>

<P><STRONG><a name="[d3]"></a>EvrFreeRTOSStreamBuf_StreamBufferSendFailed</STRONG> (Thumb, 16 bytes, Stack size 8 bytes, freertos_evr.o(.text), UNUSED)
<BR><BR>[Calls]<UL><LI><a href="#[82]">&gt;&gt;</a>&nbsp;&nbsp;&nbsp;EventRecord2
</UL>

<P><STRONG><a name="[d4]"></a>EvrFreeRTOSStreamBuf_StreamBufferSendFromIsr</STRONG> (Thumb, 20 bytes, Stack size 8 bytes, freertos_evr.o(.text), UNUSED)
<BR><BR>[Calls]<UL><LI><a href="#[82]">&gt;&gt;</a>&nbsp;&nbsp;&nbsp;EventRecord2
</UL>

<P><STRONG><a name="[d5]"></a>EvrFreeRTOSStreamBuf_StreamBufferBlockingOnReceive</STRONG> (Thumb, 20 bytes, Stack size 8 bytes, freertos_evr.o(.text), UNUSED)
<BR><BR>[Calls]<UL><LI><a href="#[82]">&gt;&gt;</a>&nbsp;&nbsp;&nbsp;EventRecord2
</UL>

<P><STRONG><a name="[d6]"></a>EvrFreeRTOSStreamBuf_StreamBufferReceive</STRONG> (Thumb, 20 bytes, Stack size 8 bytes, freertos_evr.o(.text), UNUSED)
<BR><BR>[Calls]<UL><LI><a href="#[82]">&gt;&gt;</a>&nbsp;&nbsp;&nbsp;EventRecord2
</UL>

<P><STRONG><a name="[d7]"></a>EvrFreeRTOSStreamBuf_StreamBufferReceiveFailed</STRONG> (Thumb, 16 bytes, Stack size 8 bytes, freertos_evr.o(.text), UNUSED)
<BR><BR>[Calls]<UL><LI><a href="#[82]">&gt;&gt;</a>&nbsp;&nbsp;&nbsp;EventRecord2
</UL>

<P><STRONG><a name="[d8]"></a>EvrFreeRTOSStreamBuf_StreamBufferReceiveFromIsr</STRONG> (Thumb, 20 bytes, Stack size 8 bytes, freertos_evr.o(.text), UNUSED)
<BR><BR>[Calls]<UL><LI><a href="#[82]">&gt;&gt;</a>&nbsp;&nbsp;&nbsp;EventRecord2
</UL>

<P><STRONG><a name="[d9]"></a>EvrFreeRTOSHeap_Malloc</STRONG> (Thumb, 16 bytes, Stack size 8 bytes, freertos_evr.o(.text))
<BR><BR>[Stack]<UL><LI>Max Depth = 72<LI>Call Chain = EvrFreeRTOSHeap_Malloc &rArr; EventRecord2 &rArr; EventRecordItem &rArr; UnlockRecord
</UL>
<BR>[Calls]<UL><LI><a href="#[82]">&gt;&gt;</a>&nbsp;&nbsp;&nbsp;EventRecord2
</UL>
<BR>[Called By]<UL><LI><a href="#[df]">&gt;&gt;</a>&nbsp;&nbsp;&nbsp;pvPortMalloc
</UL>

<P><STRONG><a name="[da]"></a>EvrFreeRTOSHeap_Free</STRONG> (Thumb, 20 bytes, Stack size 8 bytes, freertos_evr.o(.text))
<BR><BR>[Stack]<UL><LI>Max Depth = 72<LI>Call Chain = EvrFreeRTOSHeap_Free &rArr; EventRecord2 &rArr; EventRecordItem &rArr; UnlockRecord
</UL>
<BR>[Calls]<UL><LI><a href="#[82]">&gt;&gt;</a>&nbsp;&nbsp;&nbsp;EventRecord2
</UL>
<BR>[Called By]<UL><LI><a href="#[e2]">&gt;&gt;</a>&nbsp;&nbsp;&nbsp;vPortFree
</UL>

<P><STRONG><a name="[e7]"></a>vListInitialise</STRONG> (Thumb, 22 bytes, Stack size 0 bytes, list.o(.text))
<BR><BR>[Called By]<UL><LI><a href="#[112]">&gt;&gt;</a>&nbsp;&nbsp;&nbsp;prvCheckForValidListAndQueue
<LI><a href="#[26]">&gt;&gt;</a>&nbsp;&nbsp;&nbsp;prvInitialiseTaskLists
<LI><a href="#[e6]">&gt;&gt;</a>&nbsp;&nbsp;&nbsp;xQueueGenericReset
</UL>

<P><STRONG><a name="[10a]"></a>vListInitialiseItem</STRONG> (Thumb, 6 bytes, Stack size 0 bytes, list.o(.text))
<BR><BR>[Called By]<UL><LI><a href="#[117]">&gt;&gt;</a>&nbsp;&nbsp;&nbsp;prvInitialiseNewTimer
<LI><a href="#[25]">&gt;&gt;</a>&nbsp;&nbsp;&nbsp;prvInitialiseNewTask
</UL>

<P><STRONG><a name="[10d]"></a>vListInsertEnd</STRONG> (Thumb, 28 bytes, Stack size 0 bytes, list.o(.text), UNUSED, KEPT)
<BR><BR>[Called By]<UL><LI><a href="#[63]">&gt;&gt;</a>&nbsp;&nbsp;&nbsp;xTaskResumeFromISR
<LI><a href="#[4c]">&gt;&gt;</a>&nbsp;&nbsp;&nbsp;vTaskSuspend
<LI><a href="#[3b]">&gt;&gt;</a>&nbsp;&nbsp;&nbsp;vTaskDelete
</UL>

<P><STRONG><a name="[10e]"></a>vListInsert</STRONG> (Thumb, 58 bytes, Stack size 8 bytes, list.o(.text))
<BR><BR>[Stack]<UL><LI>Max Depth = 8<LI>Call Chain = vListInsert
</UL>
<BR>[Called By]<UL><LI><a href="#[122]">&gt;&gt;</a>&nbsp;&nbsp;&nbsp;prvInsertTimerInActiveList
<LI><a href="#[20]">&gt;&gt;</a>&nbsp;&nbsp;&nbsp;prvAddCurrentTaskToDelayedList
<LI><a href="#[41]">&gt;&gt;</a>&nbsp;&nbsp;&nbsp;vTaskPlaceOnEventList
</UL>

<P><STRONG><a name="[10c]"></a>uxListRemove</STRONG> (Thumb, 36 bytes, Stack size 0 bytes, list.o(.text))
<BR><BR>[Called By]<UL><LI><a href="#[115]">&gt;&gt;</a>&nbsp;&nbsp;&nbsp;prvProcessReceivedCommands
<LI><a href="#[121]">&gt;&gt;</a>&nbsp;&nbsp;&nbsp;prvProcessExpiredTimer
<LI><a href="#[63]">&gt;&gt;</a>&nbsp;&nbsp;&nbsp;xTaskResumeFromISR
<LI><a href="#[4f]">&gt;&gt;</a>&nbsp;&nbsp;&nbsp;xTaskAbortDelay
<LI><a href="#[4c]">&gt;&gt;</a>&nbsp;&nbsp;&nbsp;vTaskSuspend
<LI><a href="#[47]">&gt;&gt;</a>&nbsp;&nbsp;&nbsp;vTaskResume
<LI><a href="#[45]">&gt;&gt;</a>&nbsp;&nbsp;&nbsp;vTaskPrioritySet
<LI><a href="#[3b]">&gt;&gt;</a>&nbsp;&nbsp;&nbsp;vTaskDelete
<LI><a href="#[22]">&gt;&gt;</a>&nbsp;&nbsp;&nbsp;prvCheckTasksWaitingTermination
<LI><a href="#[20]">&gt;&gt;</a>&nbsp;&nbsp;&nbsp;prvAddCurrentTaskToDelayedList
<LI><a href="#[60]">&gt;&gt;</a>&nbsp;&nbsp;&nbsp;xTaskPriorityInherit
<LI><a href="#[5f]">&gt;&gt;</a>&nbsp;&nbsp;&nbsp;xTaskPriorityDisinherit
<LI><a href="#[44]">&gt;&gt;</a>&nbsp;&nbsp;&nbsp;vTaskPriorityDisinheritAfterTimeout
</UL>

<P><STRONG><a name="[10b]"></a>pxPortInitialiseStack</STRONG> (Thumb, 32 bytes, Stack size 0 bytes, port.o(.text))
<BR><BR>[Called By]<UL><LI><a href="#[25]">&gt;&gt;</a>&nbsp;&nbsp;&nbsp;prvInitialiseNewTask
</UL>

<P><STRONG><a name="[6]"></a>SVC_Handler</STRONG> (Thumb, 48 bytes, Stack size 0 bytes, port.o(.text))
<BR>[Address Reference Count : 1]<UL><LI> startup_armcm3.o(RESET)
</UL>
<P><STRONG><a name="[db]"></a>xPortStartScheduler</STRONG> (Thumb, 186 bytes, Stack size 16 bytes, port.o(.text))
<BR><BR>[Stack]<UL><LI>Max Depth = 96<LI>Call Chain = xPortStartScheduler &rArr; vTaskSwitchContext &rArr; EvrFreeRTOSTasks_TaskSwitchedOut &rArr; EventRecord2 &rArr; EventRecordItem &rArr; UnlockRecord
</UL>
<BR>[Calls]<UL><LI><a href="#[4e]">&gt;&gt;</a>&nbsp;&nbsp;&nbsp;vTaskSwitchContext
<LI><a href="#[dc]">&gt;&gt;</a>&nbsp;&nbsp;&nbsp;vPortSetupTimerInterrupt
<LI><a href="#[1d]">&gt;&gt;</a>&nbsp;&nbsp;&nbsp;prvTaskExitError
<LI><a href="#[dd]">&gt;&gt;</a>&nbsp;&nbsp;&nbsp;prvPortStartFirstTask
</UL>
<BR>[Called By]<UL><LI><a href="#[4a]">&gt;&gt;</a>&nbsp;&nbsp;&nbsp;vTaskStartScheduler
</UL>

<P><STRONG><a name="[dc]"></a>vPortSetupTimerInterrupt</STRONG> (Thumb, 100 bytes, Stack size 0 bytes, port.o(.text))
<BR><BR>[Called By]<UL><LI><a href="#[db]">&gt;&gt;</a>&nbsp;&nbsp;&nbsp;xPortStartScheduler
</UL>

<P><STRONG><a name="[110]"></a>vPortEndScheduler</STRONG> (Thumb, 38 bytes, Stack size 0 bytes, port.o(.text), UNUSED, KEPT)
<BR><BR>[Called By]<UL><LI><a href="#[3c]">&gt;&gt;</a>&nbsp;&nbsp;&nbsp;vTaskEndScheduler
</UL>

<P><STRONG><a name="[e4]"></a>vPortEnterCritical</STRONG> (Thumb, 70 bytes, Stack size 0 bytes, port.o(.text))
<BR><BR>[Called By]<UL><LI><a href="#[11b]">&gt;&gt;</a>&nbsp;&nbsp;&nbsp;xTimerIsTimerActive
<LI><a href="#[11d]">&gt;&gt;</a>&nbsp;&nbsp;&nbsp;vTimerSetTimerID
<LI><a href="#[119]">&gt;&gt;</a>&nbsp;&nbsp;&nbsp;vTimerSetReloadMode
<LI><a href="#[11a]">&gt;&gt;</a>&nbsp;&nbsp;&nbsp;uxTimerGetReloadMode
<LI><a href="#[11c]">&gt;&gt;</a>&nbsp;&nbsp;&nbsp;pvTimerGetTimerID
<LI><a href="#[112]">&gt;&gt;</a>&nbsp;&nbsp;&nbsp;prvCheckForValidListAndQueue
<LI><a href="#[56]">&gt;&gt;</a>&nbsp;&nbsp;&nbsp;xTaskGenericNotifyStateClear
<LI><a href="#[4f]">&gt;&gt;</a>&nbsp;&nbsp;&nbsp;xTaskAbortDelay
<LI><a href="#[4c]">&gt;&gt;</a>&nbsp;&nbsp;&nbsp;vTaskSuspend
<LI><a href="#[49]">&gt;&gt;</a>&nbsp;&nbsp;&nbsp;vTaskSetTimeOutState
<LI><a href="#[47]">&gt;&gt;</a>&nbsp;&nbsp;&nbsp;vTaskResume
<LI><a href="#[45]">&gt;&gt;</a>&nbsp;&nbsp;&nbsp;vTaskPrioritySet
<LI><a href="#[3b]">&gt;&gt;</a>&nbsp;&nbsp;&nbsp;vTaskDelete
<LI><a href="#[37]">&gt;&gt;</a>&nbsp;&nbsp;&nbsp;uxTaskPriorityGet
<LI><a href="#[31]">&gt;&gt;</a>&nbsp;&nbsp;&nbsp;ulTaskGenericNotifyValueClear
<LI><a href="#[30]">&gt;&gt;</a>&nbsp;&nbsp;&nbsp;ulTaskGenericNotifyTake
<LI><a href="#[2d]">&gt;&gt;</a>&nbsp;&nbsp;&nbsp;eTaskGetState
<LI><a href="#[22]">&gt;&gt;</a>&nbsp;&nbsp;&nbsp;prvCheckTasksWaitingTermination
<LI><a href="#[21]">&gt;&gt;</a>&nbsp;&nbsp;&nbsp;prvAddNewTaskToReadyList
<LI><a href="#[51]">&gt;&gt;</a>&nbsp;&nbsp;&nbsp;xTaskCheckForTimeOut
<LI><a href="#[f4]">&gt;&gt;</a>&nbsp;&nbsp;&nbsp;xQueueSemaphoreTake
<LI><a href="#[106]">&gt;&gt;</a>&nbsp;&nbsp;&nbsp;xQueueRemoveFromSet
<LI><a href="#[fb]">&gt;&gt;</a>&nbsp;&nbsp;&nbsp;xQueueReceive
<LI><a href="#[fd]">&gt;&gt;</a>&nbsp;&nbsp;&nbsp;xQueuePeek
<LI><a href="#[ed]">&gt;&gt;</a>&nbsp;&nbsp;&nbsp;xQueueGetMutexHolder
<LI><a href="#[ec]">&gt;&gt;</a>&nbsp;&nbsp;&nbsp;xQueueGenericSend
<LI><a href="#[e6]">&gt;&gt;</a>&nbsp;&nbsp;&nbsp;xQueueGenericReset
<LI><a href="#[105]">&gt;&gt;</a>&nbsp;&nbsp;&nbsp;xQueueAddToSet
<LI><a href="#[103]">&gt;&gt;</a>&nbsp;&nbsp;&nbsp;vQueueWaitForMessageRestricted
<LI><a href="#[101]">&gt;&gt;</a>&nbsp;&nbsp;&nbsp;uxQueueSpacesAvailable
<LI><a href="#[100]">&gt;&gt;</a>&nbsp;&nbsp;&nbsp;uxQueueMessagesWaiting
<LI><a href="#[f0]">&gt;&gt;</a>&nbsp;&nbsp;&nbsp;prvUnlockQueue
<LI><a href="#[ef]">&gt;&gt;</a>&nbsp;&nbsp;&nbsp;prvIsQueueFull
<LI><a href="#[f5]">&gt;&gt;</a>&nbsp;&nbsp;&nbsp;prvIsQueueEmpty
<LI><a href="#[62]">&gt;&gt;</a>&nbsp;&nbsp;&nbsp;xTaskResumeAll
<LI><a href="#[e3]">&gt;&gt;</a>&nbsp;&nbsp;&nbsp;vPortGetHeapStats
<LI><a href="#[57]">&gt;&gt;</a>&nbsp;&nbsp;&nbsp;xTaskGenericNotifyWait
<LI><a href="#[54]">&gt;&gt;</a>&nbsp;&nbsp;&nbsp;xTaskGenericNotify
</UL>

<P><STRONG><a name="[e5]"></a>vPortExitCritical</STRONG> (Thumb, 46 bytes, Stack size 0 bytes, port.o(.text))
<BR><BR>[Called By]<UL><LI><a href="#[11b]">&gt;&gt;</a>&nbsp;&nbsp;&nbsp;xTimerIsTimerActive
<LI><a href="#[11d]">&gt;&gt;</a>&nbsp;&nbsp;&nbsp;vTimerSetTimerID
<LI><a href="#[119]">&gt;&gt;</a>&nbsp;&nbsp;&nbsp;vTimerSetReloadMode
<LI><a href="#[11a]">&gt;&gt;</a>&nbsp;&nbsp;&nbsp;uxTimerGetReloadMode
<LI><a href="#[11c]">&gt;&gt;</a>&nbsp;&nbsp;&nbsp;pvTimerGetTimerID
<LI><a href="#[112]">&gt;&gt;</a>&nbsp;&nbsp;&nbsp;prvCheckForValidListAndQueue
<LI><a href="#[56]">&gt;&gt;</a>&nbsp;&nbsp;&nbsp;xTaskGenericNotifyStateClear
<LI><a href="#[4f]">&gt;&gt;</a>&nbsp;&nbsp;&nbsp;xTaskAbortDelay
<LI><a href="#[4c]">&gt;&gt;</a>&nbsp;&nbsp;&nbsp;vTaskSuspend
<LI><a href="#[49]">&gt;&gt;</a>&nbsp;&nbsp;&nbsp;vTaskSetTimeOutState
<LI><a href="#[47]">&gt;&gt;</a>&nbsp;&nbsp;&nbsp;vTaskResume
<LI><a href="#[45]">&gt;&gt;</a>&nbsp;&nbsp;&nbsp;vTaskPrioritySet
<LI><a href="#[3b]">&gt;&gt;</a>&nbsp;&nbsp;&nbsp;vTaskDelete
<LI><a href="#[37]">&gt;&gt;</a>&nbsp;&nbsp;&nbsp;uxTaskPriorityGet
<LI><a href="#[31]">&gt;&gt;</a>&nbsp;&nbsp;&nbsp;ulTaskGenericNotifyValueClear
<LI><a href="#[30]">&gt;&gt;</a>&nbsp;&nbsp;&nbsp;ulTaskGenericNotifyTake
<LI><a href="#[2d]">&gt;&gt;</a>&nbsp;&nbsp;&nbsp;eTaskGetState
<LI><a href="#[22]">&gt;&gt;</a>&nbsp;&nbsp;&nbsp;prvCheckTasksWaitingTermination
<LI><a href="#[21]">&gt;&gt;</a>&nbsp;&nbsp;&nbsp;prvAddNewTaskToReadyList
<LI><a href="#[51]">&gt;&gt;</a>&nbsp;&nbsp;&nbsp;xTaskCheckForTimeOut
<LI><a href="#[f4]">&gt;&gt;</a>&nbsp;&nbsp;&nbsp;xQueueSemaphoreTake
<LI><a href="#[106]">&gt;&gt;</a>&nbsp;&nbsp;&nbsp;xQueueRemoveFromSet
<LI><a href="#[fb]">&gt;&gt;</a>&nbsp;&nbsp;&nbsp;xQueueReceive
<LI><a href="#[fd]">&gt;&gt;</a>&nbsp;&nbsp;&nbsp;xQueuePeek
<LI><a href="#[ed]">&gt;&gt;</a>&nbsp;&nbsp;&nbsp;xQueueGetMutexHolder
<LI><a href="#[ec]">&gt;&gt;</a>&nbsp;&nbsp;&nbsp;xQueueGenericSend
<LI><a href="#[e6]">&gt;&gt;</a>&nbsp;&nbsp;&nbsp;xQueueGenericReset
<LI><a href="#[105]">&gt;&gt;</a>&nbsp;&nbsp;&nbsp;xQueueAddToSet
<LI><a href="#[103]">&gt;&gt;</a>&nbsp;&nbsp;&nbsp;vQueueWaitForMessageRestricted
<LI><a href="#[101]">&gt;&gt;</a>&nbsp;&nbsp;&nbsp;uxQueueSpacesAvailable
<LI><a href="#[100]">&gt;&gt;</a>&nbsp;&nbsp;&nbsp;uxQueueMessagesWaiting
<LI><a href="#[f0]">&gt;&gt;</a>&nbsp;&nbsp;&nbsp;prvUnlockQueue
<LI><a href="#[ef]">&gt;&gt;</a>&nbsp;&nbsp;&nbsp;prvIsQueueFull
<LI><a href="#[f5]">&gt;&gt;</a>&nbsp;&nbsp;&nbsp;prvIsQueueEmpty
<LI><a href="#[62]">&gt;&gt;</a>&nbsp;&nbsp;&nbsp;xTaskResumeAll
<LI><a href="#[e3]">&gt;&gt;</a>&nbsp;&nbsp;&nbsp;vPortGetHeapStats
<LI><a href="#[57]">&gt;&gt;</a>&nbsp;&nbsp;&nbsp;xTaskGenericNotifyWait
<LI><a href="#[54]">&gt;&gt;</a>&nbsp;&nbsp;&nbsp;xTaskGenericNotify
</UL>

<P><STRONG><a name="[8]"></a>PendSV_Handler</STRONG> (Thumb, 80 bytes, Stack size 0 bytes, port.o(.text))
<BR><BR>[Stack]<UL><LI>Max Depth = 80<LI>Call Chain = PendSV_Handler &rArr; vTaskSwitchContext &rArr; EvrFreeRTOSTasks_TaskSwitchedOut &rArr; EventRecord2 &rArr; EventRecordItem &rArr; UnlockRecord
</UL>
<BR>[Calls]<UL><LI><a href="#[4e]">&gt;&gt;</a>&nbsp;&nbsp;&nbsp;vTaskSwitchContext
</UL>
<BR>[Address Reference Count : 1]<UL><LI> startup_armcm3.o(RESET)
</UL>
<P><STRONG><a name="[9]"></a>SysTick_Handler</STRONG> (Thumb, 46 bytes, Stack size 8 bytes, port.o(.text))
<BR><BR>[Stack]<UL><LI>Max Depth = 120<LI>Call Chain = SysTick_Handler &rArr; xTaskIncrementTick &rArr; EvrFreeRTOSTasks_TaskIncrementTick &rArr; EventRecord2 &rArr; EventRecordItem &rArr; UnlockRecord
</UL>
<BR>[Calls]<UL><LI><a href="#[5e]">&gt;&gt;</a>&nbsp;&nbsp;&nbsp;xTaskIncrementTick
</UL>
<BR>[Address Reference Count : 1]<UL><LI> startup_armcm3.o(RESET)
</UL>
<P><STRONG><a name="[de]"></a>vPortSuppressTicksAndSleep</STRONG> (Thumb, 276 bytes, Stack size 32 bytes, port.o(.text))
<BR><BR>[Stack]<UL><LI>Max Depth = 112<LI>Call Chain = vPortSuppressTicksAndSleep &rArr; vTaskStepTick &rArr; EvrFreeRTOSTasks_IncreaseTickCount &rArr; EventRecord2 &rArr; EventRecordItem &rArr; UnlockRecord
</UL>
<BR>[Calls]<UL><LI><a href="#[4b]">&gt;&gt;</a>&nbsp;&nbsp;&nbsp;vTaskStepTick
<LI><a href="#[2c]">&gt;&gt;</a>&nbsp;&nbsp;&nbsp;eTaskConfirmSleepModeStatus
</UL>
<BR>[Called By]<UL><LI><a href="#[1e]">&gt;&gt;</a>&nbsp;&nbsp;&nbsp;prvIdleTask
</UL>

<P><STRONG><a name="[f9]"></a>vPortValidateInterruptPriority</STRONG> (Thumb, 98 bytes, Stack size 0 bytes, port.o(.text), UNUSED, KEPT)
<BR><BR>[Called By]<UL><LI><a href="#[63]">&gt;&gt;</a>&nbsp;&nbsp;&nbsp;xTaskResumeFromISR
<LI><a href="#[5d]">&gt;&gt;</a>&nbsp;&nbsp;&nbsp;xTaskGetTickCountFromISR
<LI><a href="#[55]">&gt;&gt;</a>&nbsp;&nbsp;&nbsp;xTaskGenericNotifyFromISR
<LI><a href="#[3d]">&gt;&gt;</a>&nbsp;&nbsp;&nbsp;vTaskGenericNotifyGiveFromISR
<LI><a href="#[38]">&gt;&gt;</a>&nbsp;&nbsp;&nbsp;uxTaskPriorityGetFromISR
<LI><a href="#[fe]">&gt;&gt;</a>&nbsp;&nbsp;&nbsp;xQueueReceiveFromISR
<LI><a href="#[ff]">&gt;&gt;</a>&nbsp;&nbsp;&nbsp;xQueuePeekFromISR
<LI><a href="#[fa]">&gt;&gt;</a>&nbsp;&nbsp;&nbsp;xQueueGiveFromISR
<LI><a href="#[f8]">&gt;&gt;</a>&nbsp;&nbsp;&nbsp;xQueueGenericSendFromISR
</UL>

<P><STRONG><a name="[df]"></a>pvPortMalloc</STRONG> (Thumb, 350 bytes, Stack size 32 bytes, heap_4.o(.text))
<BR><BR>[Stack]<UL><LI>Max Depth = 184<LI>Call Chain = pvPortMalloc &rArr; xTaskResumeAll &rArr; xTaskIncrementTick &rArr; EvrFreeRTOSTasks_TaskIncrementTick &rArr; EventRecord2 &rArr; EventRecordItem &rArr; UnlockRecord
</UL>
<BR>[Calls]<UL><LI><a href="#[62]">&gt;&gt;</a>&nbsp;&nbsp;&nbsp;xTaskResumeAll
<LI><a href="#[4d]">&gt;&gt;</a>&nbsp;&nbsp;&nbsp;vTaskSuspendAll
<LI><a href="#[e1]">&gt;&gt;</a>&nbsp;&nbsp;&nbsp;prvInsertBlockIntoFreeList
<LI><a href="#[e0]">&gt;&gt;</a>&nbsp;&nbsp;&nbsp;prvHeapInit
<LI><a href="#[d9]">&gt;&gt;</a>&nbsp;&nbsp;&nbsp;EvrFreeRTOSHeap_Malloc
</UL>
<BR>[Called By]<UL><LI><a href="#[116]">&gt;&gt;</a>&nbsp;&nbsp;&nbsp;xTimerCreate
<LI><a href="#[e8]">&gt;&gt;</a>&nbsp;&nbsp;&nbsp;xQueueGenericCreate
<LI><a href="#[52]">&gt;&gt;</a>&nbsp;&nbsp;&nbsp;xTaskCreate
[...]
<LI><a href="#[ec]">&gt;&gt;</a>&nbsp;&nbsp;&nbsp;xQueueGenericSend
<LI><a href="#[f2]">&gt;&gt;</a>&nbsp;&nbsp;&nbsp;prvNotifyQueueSetContainer
</UL>

<P><STRONG><a name="[f6]"></a>prvGetDisinheritPriorityAfterTimeout</STRONG> (Thumb, 18 bytes, Stack size 0 bytes, queue.o(.text), UNUSED)
<BR><BR>[Called By]<UL><LI><a href="#[f4]">&gt;&gt;</a>&nbsp;&nbsp;&nbsp;xQueueSemaphoreTake
</UL>

<P><STRONG><a name="[eb]"></a>prvInitialiseMutex</STRONG> (Thumb, 40 bytes, Stack size 8 bytes, queue.o(.text), UNUSED)
<BR><BR>[Calls]<UL><LI><a href="#[ec]">&gt;&gt;</a>&nbsp;&nbsp;&nbsp;xQueueGenericSend
<LI><a href="#[a3]">&gt;&gt;</a>&nbsp;&nbsp;&nbsp;EvrFreeRTOSQueue_CreateMutexFailed
<LI><a href="#[a2]">&gt;&gt;</a>&nbsp;&nbsp;&nbsp;EvrFreeRTOSQueue_CreateMutex
</UL>
<BR>[Called By]<UL><LI><a href="#[ea]">&gt;&gt;</a>&nbsp;&nbsp;&nbsp;xQueueCreateMutex
</UL>

<P><STRONG><a name="[e9]"></a>prvInitialiseNewQueue</STRONG> (Thumb, 42 bytes, Stack size 16 bytes, queue.o(.text))
<BR><BR>[Stack]<UL><LI>Max Depth = 120<LI>Call Chain = prvInitialiseNewQueue &rArr; xQueueGenericReset &rArr; xTaskRemoveFromEventList &rArr; EvrFreeRTOSTasks_PostMovedTaskToReadyState &rArr; EventRecord2 &rArr; EventRecordItem &rArr; UnlockRecord
</UL>
<BR>[Calls]<UL><LI><a href="#[e6]">&gt;&gt;</a>&nbsp;&nbsp;&nbsp;xQueueGenericReset
<LI><a href="#[a0]">&gt;&gt;</a>&nbsp;&nbsp;&nbsp;EvrFreeRTOSQueue_QueueCreate
</UL>
<BR>[Called By]<UL><LI><a href="#[e8]">&gt;&gt;</a>&nbsp;&nbsp;&nbsp;xQueueGenericCreate
</UL>

<P><STRONG><a name="[f5]"></a>prvIsQueueEmpty</STRONG> (Thumb, 24 bytes, Stack size 8 bytes, queue.o(.text))
<BR><BR>[Stack]<UL><LI>Max Depth = 8<LI>Call Chain = prvIsQueueEmpty
</UL>
<BR>[Calls]<UL><LI><a href="#[e5]">&gt;&gt;</a>&nbsp;&nbsp;&nbsp;vPortExitCritical
<LI><a href="#[e4]">&gt;&gt;</a>&nbsp;&nbsp;&nbsp;vPortEnterCritical
</UL>
<BR>[Called By]<UL><LI><a href="#[f4]">&gt;&gt;</a>&nbsp;&nbsp;&nbsp;xQueueSemaphoreTake
<LI><a href="#[fb]">&gt;&gt;</a>&nbsp;&nbsp;&nbsp;xQueueReceive
<LI><a href="#[fd]">&gt;&gt;</a>&nbsp;&nbsp;&nbsp;xQueuePeek
</UL>

<P><STRONG><a name="[ef]"></a>prvIsQueueFull</STRONG> (Thumb, 28 bytes, Stack size 8 bytes, queue.o(.text), UNUSED)
<BR><BR>[Calls]<UL><LI><a href="#[e5]">&gt;&gt;</a>&nbsp;&nbsp;&nbsp;vPortExitCritical
<LI><a href="#[e4]">&gt;&gt;</a>&nbsp;&nbsp;&nbsp;vPortEnterCritical
</UL>
<BR>[Called By]<UL><LI><a href="#[ec]">&gt;&gt;</a>&nbsp;&nbsp;&nbsp;xQueueGenericSend
</UL>

<P><STRONG><a name="[f2]"></a>prvNotifyQueueSetContainer</STRONG> (Thumb, 150 bytes, Stack size 24 bytes, queue.o(.text))
<BR><BR>[Stack]<UL><LI>Max Depth = 136<LI>Call Chain = prvNotifyQueueSetContainer &rArr; prvCopyDataToQueue &rArr; xTaskPriorityDisinherit &rArr; EvrFreeRTOSTasks_TaskPriorityDisinherit &rArr; EventRecord2 &rArr; EventRecordItem &rArr; UnlockRecord
</UL>
<BR>[Calls]<UL><LI><a href="#[61]">&gt;&gt;</a>&nbsp;&nbsp;&nbsp;xTaskRemoveFromEventList
<LI><a href="#[f1]">&gt;&gt;</a>&nbsp;&nbsp;&nbsp;prvCopyDataToQueue
<LI><a href="#[aa]">&gt;&gt;</a>&nbsp;&nbsp;&nbsp;EvrFreeRTOSQueue_QueueSend
</UL>
<BR>[Called By]<UL><LI><a href="#[fa]">&gt;&gt;</a>&nbsp;&nbsp;&nbsp;xQueueGiveFromISR
<LI><a href="#[f8]">&gt;&gt;</a>&nbsp;&nbsp;&nbsp;xQueueGenericSendFromISR
<LI><a href="#[ec]">&gt;&gt;</a>&nbsp;&nbsp;&nbsp;xQueueGenericSend
<LI><a href="#[f0]">&gt;&gt;</a>&nbsp;&nbsp;&nbsp;prvUnlockQueue
</UL>

<P><STRONG><a name="[f0]"></a>prvUnlockQueue</STRONG> (Thumb, 134 bytes, Stack size 24 bytes, queue.o(.text))
<BR><BR>[Stack]<UL><LI>Max Depth = 160<LI>Call Chain = prvUnlockQueue &rArr; prvNotifyQueueSetContainer &rArr; prvCopyDataToQueue &rArr; xTaskPriorityDisinherit &rArr; EvrFreeRTOSTasks_TaskPriorityDisinherit &rArr; EventRecord2 &rArr; EventRecordItem &rArr; UnlockRecord
</UL>
<BR>[Calls]<UL><LI><a href="#[61]">&gt;&gt;</a>&nbsp;&nbsp;&nbsp;xTaskRemoveFromEventList
<LI><a href="#[40]">&gt;&gt;</a>&nbsp;&nbsp;&nbsp;vTaskMissedYield
<LI><a href="#[f2]">&gt;&gt;</a>&nbsp;&nbsp;&nbsp;prvNotifyQueueSetContainer
<LI><a href="#[e5]">&gt;&gt;</a>&nbsp;&nbsp;&nbsp;vPortExitCritical
<LI><a href="#[e4]">&gt;&gt;</a>&nbsp;&nbsp;&nbsp;vPortEnterCritical
</UL>
<BR>[Called By]<UL><LI><a href="#[f4]">&gt;&gt;</a>&nbsp;&nbsp;&nbsp;xQueueSemaphoreTake
<LI><a href="#[fb]">&gt;&gt;</a>&nbsp;&nbsp;&nbsp;xQueueReceive
<LI><a href="#[fd]">&gt;&gt;</a>&nbsp;&nbsp;&nbsp;xQueuePeek
<LI><a href="#[ec]">&gt;&gt;</a>&nbsp;&nbsp;&nbsp;xQueueGenericSend
<LI><a href="#[103]">&gt;&gt;</a>&nbsp;&nbsp;&nbsp;vQueueWaitForMessageRestricted
</UL>

<P><STRONG><a name="[20]"></a>prvAddCurrentTaskToDelayedList</STRONG> (Thumb, 198 bytes, Stack size 24 bytes, tasks.o(.text))
<BR><BR>[Stack]<UL><LI>Max Depth = 32<LI>Call Chain = prvAddCurrentTaskToDelayedList &rArr; vListInsert
</UL>
<BR>[Calls]<UL><LI><a href="#[10e]">&gt;&gt;</a>&nbsp;&nbsp;&nbsp;vListInsert
<LI><a href="#[10c]">&gt;&gt;</a>&nbsp;&nbsp;&nbsp;uxListRemove
</UL>
<BR>[Called By]<UL><LI><a href="#[53]">&gt;&gt;</a>&nbsp;&nbsp;&nbsp;xTaskDelayUntil
<LI><a href="#[43]">&gt;&gt;</a>&nbsp;&nbsp;&nbsp;vTaskPlaceOnUnorderedEventList
<LI><a href="#[30]">&gt;&gt;</a>&nbsp;&nbsp;&nbsp;ulTaskGenericNotifyTake
<LI><a href="#[42]">&gt;&gt;</a>&nbsp;&nbsp;&nbsp;vTaskPlaceOnEventListRestricted
<LI><a href="#[41]">&gt;&gt;</a>&nbsp;&nbsp;&nbsp;vTaskPlaceOnEventList
<LI><a href="#[57]">&gt;&gt;</a>&nbsp;&nbsp;&nbsp;xTaskGenericNotifyWait
<LI><a href="#[3a]">&gt;&gt;</a>&nbsp;&nbsp;&nbsp;vTaskDelay
</UL>

<P><STRONG><a name="[21]"></a>prvAddNewTaskToReadyList</STRONG> (Thumb, 224 bytes, Stack size 24 bytes, tasks.o(.text))
<BR><BR>[Stack]<UL><LI>Max Depth = 96<LI>Call Chain = prvAddNewTaskToReadyList &rArr; EvrFreeRTOSTasks_TaskCreate &rArr; EventRecord2 &rArr; EventRecordItem &rArr; UnlockRecord
</UL>
<BR>[Calls]<UL><LI><a href="#[26]">&gt;&gt;</a>&nbsp;&nbsp;&nbsp;prvInitialiseTaskLists
<LI><a href="#[e5]">&gt;&gt;</a>&nbsp;&nbsp;&nbsp;vPortExitCritical
<LI><a href="#[e4]">&gt;&gt;</a>&nbsp;&nbsp;&nbsp;vPortEnterCritical
<LI><a href="#[86]">&gt;&gt;</a>&nbsp;&nbsp;&nbsp;EvrFreeRTOSTasks_TaskCreate
<LI><a href="#[96]">&gt;&gt;</a>&nbsp;&nbsp;&nbsp;EvrFreeRTOSTasks_PostMovedTaskToReadyState
<LI><a href="#[95]">&gt;&gt;</a>&nbsp;&nbsp;&nbsp;EvrFreeRTOSTasks_MovedTaskToReadyState
</UL>
<BR>[Called By]<UL><LI><a href="#[52]">&gt;&gt;</a>&nbsp;&nbsp;&nbsp;xTaskCreate
</UL>

<P><STRONG><a name="[22]"></a>prvCheckTasksWaitingTermination</STRONG> (Thumb, 78 bytes, Stack size 24 bytes, tasks.o(.text))
<BR><BR>[Stack]<UL><LI>Max Depth = 200<LI>Call Chain = prvCheckTasksWaitingTermination &rArr; prvDeleteTCB &rArr; vPortFree &rArr; xTaskResumeAll &rArr; xTaskIncrementTick &rArr; EvrFreeRTOSTasks_TaskIncrementTick &rArr; EventRecord2 &rArr; EventRecordItem &rArr; UnlockRecord
</UL>
<BR>[Calls]<UL><LI><a href="#[23]">&gt;&gt;</a>&nbsp;&nbsp;&nbsp;prvDeleteTCB
<LI><a href="#[e5]">&gt;&gt;</a>&nbsp;&nbsp;&nbsp;vPortExitCritical
<LI><a href="#[e4]">&gt;&gt;</a>&nbsp;&nbsp;&nbsp;vPortEnterCritical
<LI><a href="#[10c]">&gt;&gt;</a>&nbsp;&nbsp;&nbsp;uxListRemove
</UL>
<BR>[Called By]<UL><LI><a href="#[1e]">&gt;&gt;</a>&nbsp;&nbsp;&nbsp;prvIdleTask
</UL>

<P><STRONG><a name="[23]"></a>prvDeleteTCB</STRONG> (Thumb, 18 bytes, Stack size 8 bytes, tasks.o(.text))
<BR><BR>[Stack]<UL><LI>Max Depth = 176<LI>Call Chain = prvDeleteTCB &rArr; vPortFree &rArr; xTaskResumeAll &rArr; xTaskIncrementTick &rArr; EvrFreeRTOSTasks_TaskIncrementTick &rArr; EventRecord2 &rArr; EventRecordItem &rArr; UnlockRecord
</UL>
<BR>[Calls]<UL><LI><a href="#[e2]">&gt;&gt;</a>&nbsp;&nbsp;&nbsp;vPortFree
</UL>
<BR>[Called By]<UL><LI><a href="#[3b]">&gt;&gt;</a>&nbsp;&nbsp;&nbsp;vTaskDelete
<LI><a href="#[22]">&gt;&gt;</a>&nbsp;&nbsp;&nbsp;prvCheckTasksWaitingTermination
</UL>

<P><STRONG><a name="[24]"></a>prvGetExpectedIdleTime</STRONG> (Thumb, 68 bytes, Stack size 0 bytes, tasks.o(.text))
<BR><BR>[Called By]<UL><LI><a href="#[1e]">&gt;&gt;</a>&nbsp;&nbsp;&nbsp;prvIdleTask
</UL>

<P><STRONG><a name="[1e]"></a>prvIdleTask</STRONG> (Thumb, 130 bytes, Stack size 0 bytes, tasks.o(.text))
<BR><BR>[Stack]<UL><LI>Max Depth = 200<LI>Call Chain = prvIdleTask &rArr; prvCheckTasksWaitingTermination &rArr; prvDeleteTCB &rArr; vPortFree &rArr; xTaskResumeAll &rArr; xTaskIncrementTick &rArr; EvrFreeRTOSTasks_TaskIncrementTick &rArr; EventRecord2 &rArr; EventRecordItem &rArr; UnlockRecord
</UL>
<BR>[Calls]<UL><LI><a href="#[24]">&gt;&gt;</a>&nbsp;&nbsp;&nbsp;prvGetExpectedIdleTime
<LI><a href="#[22]">&gt;&gt;</a>&nbsp;&nbsp;&nbsp;prvCheckTasksWaitingTermination
<LI><a href="#[62]">&gt;&gt;</a>&nbsp;&nbsp;&nbsp;xTaskResumeAll
<LI><a href="#[4d]">&gt;&gt;</a>&nbsp;&nbsp;&nbsp;vTaskSuspendAll
<LI><a href="#[de]">&gt;&gt;</a>&nbsp;&nbsp;&nbsp;vPortSuppressTicksAndSleep
<LI><a href="#[98]">&gt;&gt;</a>&nbsp;&nbsp;&nbsp;EvrFreeRTOSTasks_LowPowerIdleEnd
<LI><a href="#[97]">&gt;&gt;</a>&nbsp;&nbsp;&nbsp;EvrFreeRTOSTasks_LowPowerIdleBegin
</UL>
<BR>[Address Reference Count : 1]<UL><LI> tasks.o(.text)
</UL>
<P><STRONG><a name="[25]"></a>prvInitialiseNewTask</STRONG> (Thumb, 170 bytes, Stack size 32 bytes, tasks.o(.text))
<BR><BR>[Stack]<UL><LI>Max Depth = 32<LI>Call Chain = prvInitialiseNewTask
</UL>
<BR>[Calls]<UL><LI><a href="#[109]">&gt;&gt;</a>&nbsp;&nbsp;&nbsp;__aeabi_memset4
<LI><a href="#[10b]">&gt;&gt;</a>&nbsp;&nbsp;&nbsp;pxPortInitialiseStack
<LI><a href="#[10a]">&gt;&gt;</a>&nbsp;&nbsp;&nbsp;vListInitialiseItem
</UL>
<BR>[Called By]<UL><LI><a href="#[52]">&gt;&gt;</a>&nbsp;&nbsp;&nbsp;xTaskCreate
</UL>

<P><STRONG><a name="[26]"></a>prvInitialiseTaskLists</STRONG> (Thumb, 110 bytes, Stack size 16 bytes, tasks.o(.text))
<BR><BR>[Stack]<UL><LI>Max Depth = 16<LI>Call Chain = prvInitialiseTaskLists
</UL>
<BR>[Calls]<UL><LI><a href="#[e7]">&gt;&gt;</a>&nbsp;&nbsp;&nbsp;vListInitialise
</UL>
<BR>[Called By]<UL><LI><a href="#[21]">&gt;&gt;</a>&nbsp;&nbsp;&nbsp;prvAddNewTaskToReadyList
</UL>

<P><STRONG><a name="[27]"></a>prvListTasksWithinSingleList</STRONG> (Thumb, 100 bytes, Stack size 32 bytes, tasks.o(.text), UNUSED, KEPT)
<BR><BR>[Stack]<UL><LI>Max Depth = 208<LI>Call Chain = prvListTasksWithinSingleList &rArr; vTaskGetInfo &rArr; xTaskResumeAll &rArr; xTaskIncrementTick &rArr; EvrFreeRTOSTasks_TaskIncrementTick &rArr; EventRecord2 &rArr; EventRecordItem &rArr; UnlockRecord
</UL>
<BR>[Calls]<UL><LI><a href="#[3e]">&gt;&gt;</a>&nbsp;&nbsp;&nbsp;vTaskGetInfo
</UL>
<BR>[Called By]<UL><LI><a href="#[35]">&gt;&gt;</a>&nbsp;&nbsp;&nbsp;uxTaskGetSystemState
</UL>

<P><STRONG><a name="[28]"></a>prvResetNextTaskUnblockTime</STRONG> (Thumb, 38 bytes, Stack size 0 bytes, tasks.o(.text))
<BR><BR>[Called By]<UL><LI><a href="#[4c]">&gt;&gt;</a>&nbsp;&nbsp;&nbsp;vTaskSuspend
<LI><a href="#[46]">&gt;&gt;</a>&nbsp;&nbsp;&nbsp;vTaskRemoveFromUnorderedEventList
<LI><a href="#[3b]">&gt;&gt;</a>&nbsp;&nbsp;&nbsp;vTaskDelete
<LI><a href="#[61]">&gt;&gt;</a>&nbsp;&nbsp;&nbsp;xTaskRemoveFromEventList
<LI><a href="#[62]">&gt;&gt;</a>&nbsp;&nbsp;&nbsp;xTaskResumeAll
<LI><a href="#[5e]">&gt;&gt;</a>&nbsp;&nbsp;&nbsp;xTaskIncrementTick
<LI><a href="#[54]">&gt;&gt;</a>&nbsp;&nbsp;&nbsp;xTaskGenericNotify
</UL>

<P><STRONG><a name="[29]"></a>prvSearchForNameWithinSingleList</STRONG> (Thumb, 106 bytes, Stack size 20 bytes, tasks.o(.text), UNUSED, KEPT)
<BR><BR>[Stack]<UL><LI>Max Depth = 20<LI>Call Chain = prvSearchForNameWithinSingleList
</UL>
<BR>[Called By]<UL><LI><a href="#[59]">&gt;&gt;</a>&nbsp;&nbsp;&nbsp;xTaskGetHandle
</UL>

<P><STRONG><a name="[2a]"></a>prvTaskCheckFreeStackSpace</STRONG> (Thumb, 32 bytes, Stack size 0 bytes, tasks.o(.text), UNUSED, KEPT)
<BR><BR>[Called By]<UL><LI><a href="#[3e]">&gt;&gt;</a>&nbsp;&nbsp;&nbsp;vTaskGetInfo
<LI><a href="#[34]">&gt;&gt;</a>&nbsp;&nbsp;&nbsp;uxTaskGetStackHighWaterMark2
<LI><a href="#[33]">&gt;&gt;</a>&nbsp;&nbsp;&nbsp;uxTaskGetStackHighWaterMark
</UL>

<P><STRONG><a name="[2b]"></a>prvTaskIsTaskSuspended</STRONG> (Thumb, 50 bytes, Stack size 0 bytes, tasks.o(.text), UNUSED, KEPT)
<BR><BR>[Called By]<UL><LI><a href="#[63]">&gt;&gt;</a>&nbsp;&nbsp;&nbsp;xTaskResumeFromISR
<LI><a href="#[47]">&gt;&gt;</a>&nbsp;&nbsp;&nbsp;vTaskResume
</UL>

<P><STRONG><a name="[112]"></a>prvCheckForValidListAndQueue</STRONG> (Thumb, 90 bytes, Stack size 16 bytes, timers.o(.text))
<BR><BR>[Stack]<UL><LI>Max Depth = 224<LI>Call Chain = prvCheckForValidListAndQueue &rArr; xQueueGenericCreate &rArr; pvPortMalloc &rArr; xTaskResumeAll &rArr; xTaskIncrementTick &rArr; EvrFreeRTOSTasks_TaskIncrementTick &rArr; EventRecord2 &rArr; EventRecordItem &rArr; UnlockRecord
</UL>
<BR>[Calls]<UL><LI><a href="#[e8]">&gt;&gt;</a>&nbsp;&nbsp;&nbsp;xQueueGenericCreate
<LI><a href="#[e5]">&gt;&gt;</a>&nbsp;&nbsp;&nbsp;vPortExitCritical
<LI><a href="#[e4]">&gt;&gt;</a>&nbsp;&nbsp;&nbsp;vPortEnterCritical
<LI><a href="#[e7]">&gt;&gt;</a>&nbsp;&nbsp;&nbsp;vListInitialise
</UL>
<BR>[Called By]<UL><LI><a href="#[117]">&gt;&gt;</a>&nbsp;&nbsp;&nbsp;prvInitialiseNewTimer
<LI><a href="#[10f]">&gt;&gt;</a>&nbsp;&nbsp;&nbsp;xTimerCreateTimerTask
</UL>

<P><STRONG><a name="[113]"></a>prvGetNextExpireTime</STRONG> (Thumb, 32 bytes, Stack size 0 bytes, timers.o(.text))
<BR><BR>[Called By]<UL><LI><a href="#[1f]">&gt;&gt;</a>&nbsp;&nbsp;&nbsp;prvTimerTask
</UL>

<P><STRONG><a name="[117]"></a>prvInitialiseNewTimer</STRONG> (Thumb, 90 bytes, Stack size 32 bytes, timers.o(.text), UNUSED)
<BR><BR>[Calls]<UL><LI><a href="#[112]">&gt;&gt;</a>&nbsp;&nbsp;&nbsp;prvCheckForValidListAndQueue
<LI><a href="#[10a]">&gt;&gt;</a>&nbsp;&nbsp;&nbsp;vListInitialiseItem
<LI><a href="#[ba]">&gt;&gt;</a>&nbsp;&nbsp;&nbsp;EvrFreeRTOSTimers_TimerCreate
</UL>
<BR>[Called By]<UL><LI><a href="#[116]">&gt;&gt;</a>&nbsp;&nbsp;&nbsp;xTimerCreate
</UL>

<P><STRONG><a name="[122]"></a>prvInsertTimerInActiveList</STRONG> (Thumb, 64 bytes, Stack size 8 bytes, timers.o(.text))
<BR><BR>[Stack]<UL><LI>Max Depth = 16<LI>Call Chain = prvInsertTimerInActiveList &rArr; vListInsert
</UL>
<BR>[Calls]<UL><LI><a href="#[10e]">&gt;&gt;</a>&nbsp;&nbsp;&nbsp;vListInsert
</UL>
<BR>[Called By]<UL><LI><a href="#[123]">&gt;&gt;</a>&nbsp;&nbsp;&nbsp;prvReloadTimer
<LI><a href="#[115]">&gt;&gt;</a>&nbsp;&nbsp;&nbsp;prvProcessReceivedCommands
</UL>

<P><STRONG><a name="[121]"></a>prvProcessExpiredTimer</STRONG> (Thumb, 68 bytes, Stack size 16 bytes, timers.o(.text))
<BR><BR>[Stack]<UL><LI>Max Depth = 104<LI>Call Chain = prvProcessExpiredTimer &rArr; prvReloadTimer &rArr; EvrFreeRTOSTimers_TimerExpired &rArr; EventRecord2 &rArr; EventRecordItem &rArr; UnlockRecord
</UL>
<BR>[Calls]<UL><LI><a href="#[123]">&gt;&gt;</a>&nbsp;&nbsp;&nbsp;prvReloadTimer
<LI><a href="#[10c]">&gt;&gt;</a>&nbsp;&nbsp;&nbsp;uxListRemove
<LI><a href="#[be]">&gt;&gt;</a>&nbsp;&nbsp;&nbsp;EvrFreeRTOSTimers_TimerExpired
</UL>
<BR>[Called By]<UL><LI><a href="#[124]">&gt;&gt;</a>&nbsp;&nbsp;&nbsp;prvSwitchTimerLists
<LI><a href="#[114]">&gt;&gt;</a>&nbsp;&nbsp;&nbsp;prvProcessTimerOrBlockTask
</UL>

<P><STRONG><a name="[115]"></a>prvProcessReceivedCommands</STRONG> (Thumb, 290 bytes, Stack size 48 bytes, timers.o(.text))
<BR><BR>[Stack]<UL><LI>Max Depth = 264<LI>Call Chain = prvProcessReceivedCommands &rArr; xQueueReceive &rArr; prvUnlockQueue &rArr; prvNotifyQueueSetContainer &rArr; prvCopyDataToQueue &rArr; xTaskPriorityDisinherit &rArr; EvrFreeRTOSTasks_TaskPriorityDisinherit &rArr; EventRecord2 &rArr; EventRecordItem &rArr; UnlockRecord
</UL>
<BR>[Calls]<UL><LI><a href="#[120]">&gt;&gt;</a>&nbsp;&nbsp;&nbsp;prvSampleTimeNow
<LI><a href="#[123]">&gt;&gt;</a>&nbsp;&nbsp;&nbsp;prvReloadTimer
<LI><a href="#[122]">&gt;&gt;</a>&nbsp;&nbsp;&nbsp;prvInsertTimerInActiveList
<LI><a href="#[fb]">&gt;&gt;</a>&nbsp;&nbsp;&nbsp;xQueueReceive
<LI><a href="#[e2]">&gt;&gt;</a>&nbsp;&nbsp;&nbsp;vPortFree
<LI><a href="#[10c]">&gt;&gt;</a>&nbsp;&nbsp;&nbsp;uxListRemove
<LI><a href="#[be]">&gt;&gt;</a>&nbsp;&nbsp;&nbsp;EvrFreeRTOSTimers_TimerExpired
<LI><a href="#[bd]">&gt;&gt;</a>&nbsp;&nbsp;&nbsp;EvrFreeRTOSTimers_TimerCommandReceived
</UL>
<BR>[Called By]<UL><LI><a href="#[1f]">&gt;&gt;</a>&nbsp;&nbsp;&nbsp;prvTimerTask
</UL>

<P><STRONG><a name="[114]"></a>prvProcessTimerOrBlockTask</STRONG> (Thumb, 128 bytes, Stack size 24 bytes, timers.o(.text))
<BR><BR>[Stack]<UL><LI>Max Depth = 200<LI>Call Chain = prvProcessTimerOrBlockTask &rArr; vQueueWaitForMessageRestricted &rArr; prvUnlockQueue &rArr; prvNotifyQueueSetContainer &rArr; prvCopyDataToQueue &rArr; xTaskPriorityDisinherit &rArr; EvrFreeRTOSTasks_TaskPriorityDisinherit &rArr; EventRecord2 &rArr; EventRecordItem &rArr; UnlockRecord
</UL>
<BR>[Calls]<UL><LI><a href="#[120]">&gt;&gt;</a>&nbsp;&nbsp;&nbsp;prvSampleTimeNow
<LI><a href="#[121]">&gt;&gt;</a>&nbsp;&nbsp;&nbsp;prvProcessExpiredTimer
<LI><a href="#[103]">&gt;&gt;</a>&nbsp;&nbsp;&nbsp;vQueueWaitForMessageRestricted
<LI><a href="#[62]">&gt;&gt;</a>&nbsp;&nbsp;&nbsp;xTaskResumeAll
<LI><a href="#[4d]">&gt;&gt;</a>&nbsp;&nbsp;&nbsp;vTaskSuspendAll
</UL>
<BR>[Called By]<UL><LI><a href="#[1f]">&gt;&gt;</a>&nbsp;&nbsp;&nbsp;prvTimerTask
</UL>

<P><STRONG><a name="[123]"></a>prvReloadTimer</STRONG> (Thumb, 64 bytes, Stack size 16 bytes, timers.o(.text))
<BR><BR>[Stack]<UL><LI>Max Depth = 88<LI>Call Chain = prvReloadTimer &rArr; EvrFreeRTOSTimers_TimerExpired &rArr; EventRecord2 &rArr; EventRecordItem &rArr; UnlockRecord
</UL>
<BR>[Calls]<UL><LI><a href="#[122]">&gt;&gt;</a>&nbsp;&nbsp;&nbsp;prvInsertTimerInActiveList
<LI><a href="#[be]">&gt;&gt;</a>&nbsp;&nbsp;&nbsp;EvrFreeRTOSTimers_TimerExpired
</UL>
<BR>[Called By]<UL><LI><a href="#[115]">&gt;&gt;</a>&nbsp;&nbsp;&nbsp;prvProcessReceivedCommands
<LI><a href="#[121]">&gt;&gt;</a>&nbsp;&nbsp;&nbsp;prvProcessExpiredTimer
</UL>

<P><STRONG><a name="[120]"></a>prvSampleTimeNow</STRONG> (Thumb, 42 bytes, Stack size 16 bytes, timers.o(.text))
<BR><BR>[Stack]<UL><LI>Max Depth = 128<LI>Call Chain = prvSampleTimeNow &rArr; prvSwitchTimerLists &rArr; prvProcessExpiredTimer &rArr; prvReloadTimer &rArr; EvrFreeRTOSTimers_TimerExpired &rArr; EventRecord2 &rArr; EventRecordItem &rArr; UnlockRecord
</UL>
<BR>[Calls]<UL><LI><a href="#[124]">&gt;&gt;</a>&nbsp;&nbsp;&nbsp;prvSwitchTimerLists
<LI><a href="#[5c]">&gt;&gt;</a>&nbsp;&nbsp;&nbsp;xTaskGetTickCount
</UL>
<BR>[Called By]<UL><LI><a href="#[114]">&gt;&gt;</a>&nbsp;&nbsp;&nbsp;prvProcessTimerOrBlockTask
<LI><a href="#[115]">&gt;&gt;</a>&nbsp;&nbsp;&nbsp;prvProcessReceivedCommands
</UL>

<P><STRONG><a name="[124]"></a>prvSwitchTimerLists</STRONG> (Thumb, 52 bytes, Stack size 8 bytes, timers.o(.text))
<BR><BR>[Stack]<UL><LI>Max Depth = 112<LI>Call Chain = prvSwitchTimerLists &rArr; prvProcessExpiredTimer &rArr; prvReloadTimer &rArr; EvrFreeRTOSTimers_TimerExpired &rArr; EventRecord2 &rArr; EventRecordItem &rArr; UnlockRecord
</UL>
<BR>[Calls]<UL><LI><a href="#[121]">&gt;&gt;</a>&nbsp;&nbsp;&nbsp;prvProcessExpiredTimer
</UL>
<BR>[Called By]<UL><LI><a href="#[120]">&gt;&gt;</a>&nbsp;&nbsp;&nbsp;prvSampleTimeNow
</UL>

<P><STRONG><a name="[1f]"></a>prvTimerTask</STRONG> (Thumb, 22 bytes, Stack size 8 bytes, timers.o(.text))
<BR><BR>[Stack]<UL><LI>Max Depth = 272<LI>Call Chain = prvTimerTask &rArr; prvProcessReceivedCommands &rArr; xQueueReceive &rArr; prvUnlockQueue &rArr; prvNotifyQueueSetContainer &rArr; prvCopyDataToQueue &rArr; xTaskPriorityDisinherit &rArr; EvrFreeRTOSTasks_TaskPriorityDisinherit &rArr; EventRecord2 &rArr; EventRecordItem &rArr; UnlockRecord
</UL>
<BR>[Calls]<UL><LI><a href="#[114]">&gt;&gt;</a>&nbsp;&nbsp;&nbsp;prvProcessTimerOrBlockTask
<LI><a href="#[115]">&gt;&gt;</a>&nbsp;&nbsp;&nbsp;prvProcessReceivedCommands
<LI><a href="#[113]">&gt;&gt;</a>&nbsp;&nbsp;&nbsp;prvGetNextExpireTime
</UL>
<BR>[Address Reference Count : 1]<UL><LI> timers.o(.text)
</UL><P>
<H3>
Undefined Global Symbols
</H3><HR></body></html>
